
> restaurant-menu@0.1.0 test
> react-scripts test --coverage

PASS src/component-unit-tests/EditFoodMenu.test.tsx (15.949 s)
  ● Console

    console.log
      [
        {
          name: 'Pepperoni Pizza',
          image: 'https://media.istockphoto.com/id/938742222/photo/cheesy-pepperoni-pizza.jpg?s=170667a&w=0&k=20&c=iNZpvQkg4H-Xe77n8ZP782eOIgvoM71EqS7n6Ra3NyE=',
          desc: 'A delicious pizza topped with cheese and pepperoni',
          rating: 4,
          type: [ 'Italian', 'Fast Food', 'Entree' ],
          ingredients: [ 'Dough', 'Tomato Sauce', 'Cheese', 'Pepperoni' ],
          popular: true,
          spicy: false,
          price: 10
        },
        {
          name: 'Cheeseburger',
          image: 'https://live.staticflickr.com/65535/52812357442_e349d9cd4d_m.jpg',
          desc: 'A juicy burger with lettuce, tomato, and cheese',
          rating: 4.1,
          type: [ 'American', 'Fast Food', 'Entree' ],
          ingredients: [ 'Beef Patty', 'Bun', 'Lettuce', 'Tomato', 'Cheese' ],
          popular: true,
          spicy: false,
          price: 15
        },
        {
          name: 'Spicy Salmon Avocado Sushi',
          image: 'https://live.staticflickr.com/65535/52813111589_628772aec7_m.jpg',
          desc: 'Fresh sushi rolls with spicy salmon and avocado',
          rating: 4.6,
          type: [ 'Japanese', 'Seafood', 'Entree' ],
          ingredients: [ 'Rice', 'Spicy Salmon', 'Avocado', 'Nori' ],
          popular: true,
          spicy: true,
          price: 4
        },
        {
          name: 'House Salad',
          image: 'https://live.staticflickr.com/65535/52812357357_9edd9baa22_m.jpg',
          desc: 'Refreshing mixed greens salad with cucumber, grape tomatoes, and italian dressing',
          rating: 3.4,
          type: [ 'Salad', 'Appetizer' ],
          ingredients: [
            'Mixed greens',
            'Cucumber',
            'Grape Tomatoes',
            'Italian Dressing'
          ],
          popular: true,
          spicy: false,
          price: 3
        },
        {
          name: 'Hawaiian Pizza',
          image: 'https://live.staticflickr.com/65535/52813111624_c66677c7f4_m.jpg',
          desc: 'A pizza topped with pineapple and ham',
          rating: 2.6,
          type: [ 'Italian', 'Fast Food', 'Entree' ],
          ingredients: [ 'Dough', 'Tomato Sauce', 'Cheese', 'Pineapple', 'Ham' ],
          popular: false,
          spicy: false,
          price: 12
        },
        {
          name: 'Hákarl',
          image: 'https://live.staticflickr.com/65535/52813498334_1e0fedb8fd_m.jpg',
          desc: 'A traditional Icelandic dish made from fermented shark meat',
          rating: 2,
          type: [ 'Icelandic', 'Seafood', 'Appetizer' ],
          ingredients: [ 'Fermented shark meat' ],
          popular: false,
          spicy: false,
          price: 18
        },
        {
          name: 'Escamoles',
          image: 'https://live.staticflickr.com/65535/52813498389_e3e693bcd6_m.jpg',
          desc: 'A Mexican dish made from ant larvae harvested from the roots of the agave plant',
          rating: 3.5,
          type: [ 'Mexican', 'Insect cuisine', 'Entree' ],
          ingredients: [
            'Ant larvae',
            'Butter',
            'Garlic',
            'Onion',
            'Cilantro',
            'Jalapeno peppers'
          ],
          popular: false,
          spicy: true,
          price: 16
        },
        {
          name: 'Tiramisu',
          image: 'https://live.staticflickr.com/65535/52813714725_6fd84a80b4_m.jpg',
          desc: 'A classic Italian dessert made with ladyfingers, espresso, mascarpone cheese, and cocoa powder.',
          rating: 4.5,
          type: [ 'Italian', 'Dessert' ],
          ingredients: [
            'Ladyfingers',
            'Espresso',
            'Mascarpone cheese',
            'Egg yolks',
            'Sugar',
            'Cocoa powder'
          ],
          popular: true,
          spicy: false,
          price: 8
        },
        {
          name: 'Baklava',
          image: 'https://live.staticflickr.com/65535/52813301711_1bbb49e820_m.jpg',
          desc: 'A sweet pastry made of layers of phyllo dough filled with chopped nuts and sweetened with syrup or honey.',
          rating: 4.2,
          type: [ 'Turkish', 'Greek', 'Dessert' ],
          ingredients: [
            'Phyllo dough',
            'Pistachios',
            'Walnuts',
            'Honey',
            'Sugar',
            'Butter'
          ],
          popular: true,
          spicy: false,
          price: 11
        },
        {
          name: 'Mochi Ice Cream',
          image: 'https://live.staticflickr.com/65535/52813714800_f9ec4a0d46_m.jpg',
          desc: 'A Japanese dessert that consists of small balls of ice cream wrapped in sweet rice dough.',
          rating: 4,
          type: [ 'Japanese', 'Dessert' ],
          ingredients: [
            'Ice cream',
            'Sweet rice dough',
            'Cornstarch',
            'Sugar',
            'Water',
            'Food coloring'
          ],
          popular: true,
          spicy: false,
          price: 8
        },
        {
          name: 'Durian Sticky Rice',
          image: 'https://live.staticflickr.com/65535/52813714825_1b8b57a405_m.jpg',
          desc: 'A Southeast Asian dessert made with glutinous rice cooked with coconut milk and served with fresh durian.',
          rating: 2.5,
          type: [ 'Thai', 'Southeast Asian', 'Dessert' ],
          ingredients: [ 'Glutinous rice', 'Coconut milk', 'Durian', 'Sugar' ],
          popular: false,
          spicy: false,
          price: 7
        },
        {
          name: 'Black Licorice Ice Cream',
          image: 'https://live.staticflickr.com/65535/52813757163_85000190c1_m.jpg',
          desc: 'An ice cream made with black licorice extract, creating a strong and unique flavor.',
          rating: 2,
          type: [ 'Dessert' ],
          ingredients: [ 'Milk', 'Cream', 'Sugar', 'Egg yolks', 'Black licorice extract' ],
          popular: false,
          spicy: false,
          price: 6
        },
        {
          name: 'Wasabi Chocolate',
          image: 'https://live.staticflickr.com/65535/52813498159_aff340438f_m.jpg',
          desc: 'A type of chocolate infused with wasabi, a spicy Japanese horseradish.',
          rating: 3,
          type: [ 'Japanese', 'Dessert' ],
          ingredients: [ 'Chocolate', 'Wasabi' ],
          popular: false,
          spicy: true,
          price: 4
        },
        {
          name: 'Fried Calamari',
          image: 'https://live.staticflickr.com/65535/52813498309_8ec4331f67_m.jpg',
          desc: 'Battered and fried squid served with a dipping sauce.',
          rating: 4,
          type: [ 'Seafood', 'Appetizer' ],
          ingredients: [ 'Squid', 'Flour', 'Egg', 'Breadcrumbs' ],
          popular: true,
          spicy: false,
          price: 12
        },
        {
          name: 'Bruschetta',
          image: 'https://live.staticflickr.com/65535/52813714860_003bae1245_m.jpg',
          desc: 'Toasted bread topped with diced tomatoes, basil, and olive oil.',
          rating: 3.5,
          type: [ 'Italian', 'Appetizer' ],
          ingredients: [ 'Bread', 'Tomatoes', 'Basil', 'Olive oil', 'Garlic' ],
          popular: true,
          spicy: false,
          price: 11
        },
        {
          name: 'Edamame',
          image: 'https://live.staticflickr.com/65535/52813301776_907dee9958_m.jpg',
          desc: 'Steamed soybean pods served with salt.',
          rating: 3,
          type: [ 'Japanese', 'Appetizer' ],
          ingredients: [ 'Edamame', 'Salt' ],
          popular: true,
          spicy: false,
          price: 7
        },
        {
          name: 'Vegan Lasagna',
          image: 'https://live.staticflickr.com/65535/52813301606_c81b4a7021_m.jpg',
          desc: 'A plant-based version of the classic Italian dish, made with layers of vegan cheese, vegetables, and tomato sauce.',
          rating: 4,
          type: [ 'Italian', 'Entree', 'Vegan' ],
          ingredients: [
            'Lasagna noodles',
            'Tomato sauce',
            'Vegan cheese',
            'Zucchini',
            'Spinach',
            'Mushrooms'
          ],
          popular: true,
          spicy: false,
          price: 14
        },
        {
          name: 'Vegan Pad Thai',
          image: 'https://live.staticflickr.com/65535/52813307911_a879a4df7b_w.jpg',
          desc: 'A Thai stir-fried noodle dish made with rice noodles, tofu, vegetables, and a sweet and savory sauce.',
          rating: 4.5,
          type: [ 'Thai', 'Entree', 'Vegan' ],
          ingredients: [
            'Rice noodles',
            'Tofu',
            'Bean sprouts',
            'Carrots',
            'Green onions',
            'Peanuts'
          ],
          popular: true,
          spicy: true,
          price: 15
        },
        {
          name: 'Vegan Black Bean Burger',
          image: 'https://live.staticflickr.com/65535/52813504194_bde784209b_w.jpg',
          desc: 'A burger patty made with black beans, vegetables, and spices, served on a bun with avocado and salsa.',
          rating: 4,
          type: [ 'American', 'Entree', 'Vegan' ],
          ingredients: [
            'Black beans',
            'Breadcrumbs',
            'Onion',
            'Garlic',
            'Cumin',
            'Avocado',
            'Salsa'
          ],
          popular: true,
          spicy: true,
          price: 14
        },
        {
          name: 'Türlü',
          image: 'https://live.staticflickr.com/65535/52813763428_c3baa5f2f4_w.jpg',
          desc: 'A vegan Turkish dish made with a variety of vegetables cooked in tomato sauce.',
          rating: 3.5,
          type: [ 'Turkish', 'Entree', 'Vegan', 'Mediterranean' ],
          ingredients: [
            'Eggplants',
            'Zucchini',
            'Onions',
            'Potatoes',
            'Tomato sauce',
            'Rice'
          ],
          popular: false,
          spicy: false,
          price: 15
        },
        {
          name: 'Börek',
          image: 'https://live.staticflickr.com/65535/52813308106_850ce2ec7c_n.jpg',
          desc: 'A pastry made with phyllo dough filled with vegetables, cheese, or meat.',
          rating: 3,
          type: [ 'Turkish', 'Appetizer', 'Mediterranean' ],
          ingredients: [ 'Phyllo dough', 'Spinach', 'Feta cheese', 'Onion' ],
          popular: false,
          spicy: false,
          price: 12
        },
        {
          name: 'Shakshuka',
          image: 'https://live.staticflickr.com/65535/52813307956_8ce7884c9a_w.jpg',
          desc: 'A dish of poached eggs in tomato sauce.',
          rating: 4,
          type: [ 'Israeli', 'Entree', 'Breakfast', 'Mediterranean' ],
          ingredients: [ 'Eggs', 'Tomatoes', 'Onion', 'Garlic', 'Paprika', 'Cumin' ],
          popular: false,
          spicy: true,
          price: 15
        },
        {
          name: 'Paella',
          image: 'https://live.staticflickr.com/65535/52812751572_5b24be61d9_w.jpg',
          desc: 'A traditional Spanish dish made with saffron rice, seafood, chicken, and vegetables.',
          rating: 4.5,
          type: [ 'Spanish', 'Entree', 'Seafood' ],
          ingredients: [
            'Rice',
            'Seafood',
            'Chicken',
            'Tomatoes',
            'Bell peppers',
            'Saffron'
          ],
          popular: true,
          spicy: false,
          price: 23
        },
        {
          name: 'Tortilla Española',
          image: 'https://live.staticflickr.com/65535/52813307926_3ce097773a_w.jpg',
          desc: 'A Spanish omelette made with potatoes and onions.',
          rating: 4,
          type: [ 'Spanish', 'Entree' ],
          ingredients: [ 'Potatoes', 'Onions', 'Eggs', 'Olive oil', 'Salt' ],
          popular: true,
          spicy: false,
          price: 12
        },
        {
          name: 'Gazpacho',
          image: 'https://live.staticflickr.com/65535/52813721300_a6b63d62b2_w.jpg',
          desc: 'A cold soup made with tomatoes, cucumber, peppers, and bread.',
          rating: 3.5,
          type: [ 'Spanish', 'Appetizer', 'Soup' ],
          ingredients: [
            'Tomatoes',
            'Cucumber',
            'Bell peppers',
            'Garlic',
            'Bread',
            'Olive oil'
          ],
          popular: true,
          spicy: false,
          price: 7
        },
        {
          name: 'Boxty',
          image: 'https://live.staticflickr.com/65535/52813721375_b98c5b904c_w.jpg',
          desc: 'A potato pancake made with grated raw potato and mashed potato.',
          rating: 4,
          type: [ 'Irish', 'Appetizer' ],
          ingredients: [ 'Potatoes', 'Butter', 'Flour', 'Milk', 'Eggs', 'Salt' ],
          popular: true,
          spicy: false,
          price: 11
        },
        {
          name: 'Irish Smoked Salmon',
          image: 'https://live.staticflickr.com/65535/52813504309_2bbcd3dc76_w.jpg',
          desc: 'A popular appetizer that is often served on brown bread with cream cheese.',
          rating: 4.5,
          type: [ 'Irish', 'Appetizer', 'Seafood' ],
          ingredients: [ 'Salmon', 'Salt', 'Wood chips' ],
          popular: true,
          spicy: false,
          price: 16
        },
        {
          name: 'Colcannon Puffs',
          image: 'https://live.staticflickr.com/65535/52813308066_b69dbcfb10_w.jpg',
          desc: 'Bite-sized balls made from mashed potatoes, kale or cabbage, and bacon.',
          rating: 3.5,
          type: [ 'Irish', 'Appetizer' ],
          ingredients: [ 'Potatoes', 'Kale or Cabbage', 'Bacon', 'Onion', 'Egg', 'Flour' ],
          popular: true,
          spicy: false,
          price: 14
        },
        {
          name: 'Tacos al Pastor',
          image: 'https://live.staticflickr.com/65535/52813721200_ddde309874_w.jpg',
          desc: 'Marinated pork cooked on a spit and served on small tortillas with onions, pineapple, and cilantro.',
          rating: 4.7,
          type: [ 'Mexican', 'Entree' ],
          ingredients: [
            'Pork shoulder',
            'Achiote paste',
            'Pineapple juice',
            'Garlic',
            'Onion',
            'Pineapple',
            'Cilantro',
            'Tortillas'
          ],
          popular: true,
          spicy: true,
          price: 15
        },
        {
          name: 'Koshari',
          image: 'https://live.staticflickr.com/65535/52813504299_c7d0172d9d_w.jpg',
          desc: 'A mix of rice, lentils, chickpeas, macaroni, and spicy tomato sauce, topped with caramelized onions and garlic.',
          rating: 4,
          type: [ 'Egyptian', 'Entree' ],
          ingredients: [
            'Rice',
            'Lentils',
            'Chickpeas',
            'Macaroni',
            'Tomato sauce',
            'Cumin',
            'Garlic',
            'Onion'
          ],
          popular: true,
          spicy: true,
          price: 13
        },
        {
          name: 'Flan',
          image: 'https://live.staticflickr.com/65535/52813504354_d7b47462ac_w.jpg',
          desc: 'A creamy, caramel-topped dessert that is similar to a custard.',
          rating: 4.5,
          type: [ 'Puerto Rican', 'Dessert' ],
          ingredients: [
            'Milk',
            'Eggs',
            'Sugar',
            'Vanilla extract',
            'Lemon zest',
            'Caramel sauce'
          ],
          popular: true,
          spicy: false,
          price: 6
        }
      ]

      at setListHelper (src/components/EditFoodMenu.tsx:82:21)

    console.log
      [
        {
          name: 'Pepperoni Pizza',
          image: 'https://media.istockphoto.com/id/938742222/photo/cheesy-pepperoni-pizza.jpg?s=170667a&w=0&k=20&c=iNZpvQkg4H-Xe77n8ZP782eOIgvoM71EqS7n6Ra3NyE=',
          desc: 'A delicious pizza topped with cheese and pepperoni',
          rating: 4,
          type: [ 'Italian', 'Fast Food', 'Entree' ],
          ingredients: [ 'Dough', 'Tomato Sauce', 'Cheese', 'Pepperoni' ],
          popular: true,
          spicy: false,
          price: 10
        },
        {
          name: 'Cheeseburger',
          image: 'https://live.staticflickr.com/65535/52812357442_e349d9cd4d_m.jpg',
          desc: 'A juicy burger with lettuce, tomato, and cheese',
          rating: 4.1,
          type: [ 'American', 'Fast Food', 'Entree' ],
          ingredients: [ 'Beef Patty', 'Bun', 'Lettuce', 'Tomato', 'Cheese' ],
          popular: true,
          spicy: false,
          price: 15
        },
        {
          name: 'Spicy Salmon Avocado Sushi',
          image: 'https://live.staticflickr.com/65535/52813111589_628772aec7_m.jpg',
          desc: 'Fresh sushi rolls with spicy salmon and avocado',
          rating: 4.6,
          type: [ 'Japanese', 'Seafood', 'Entree' ],
          ingredients: [ 'Rice', 'Spicy Salmon', 'Avocado', 'Nori' ],
          popular: true,
          spicy: true,
          price: 4
        },
        {
          name: 'House Salad',
          image: 'https://live.staticflickr.com/65535/52812357357_9edd9baa22_m.jpg',
          desc: 'Refreshing mixed greens salad with cucumber, grape tomatoes, and italian dressing',
          rating: 3.4,
          type: [ 'Salad', 'Appetizer' ],
          ingredients: [
            'Mixed greens',
            'Cucumber',
            'Grape Tomatoes',
            'Italian Dressing'
          ],
          popular: true,
          spicy: false,
          price: 3
        },
        {
          name: 'Hawaiian Pizza',
          image: 'https://live.staticflickr.com/65535/52813111624_c66677c7f4_m.jpg',
          desc: 'A pizza topped with pineapple and ham',
          rating: 2.6,
          type: [ 'Italian', 'Fast Food', 'Entree' ],
          ingredients: [ 'Dough', 'Tomato Sauce', 'Cheese', 'Pineapple', 'Ham' ],
          popular: false,
          spicy: false,
          price: 12
        },
        {
          name: 'Hákarl',
          image: 'https://live.staticflickr.com/65535/52813498334_1e0fedb8fd_m.jpg',
          desc: 'A traditional Icelandic dish made from fermented shark meat',
          rating: 2,
          type: [ 'Icelandic', 'Seafood', 'Appetizer' ],
          ingredients: [ 'Fermented shark meat' ],
          popular: false,
          spicy: false,
          price: 18
        },
        {
          name: 'Escamoles',
          image: 'https://live.staticflickr.com/65535/52813498389_e3e693bcd6_m.jpg',
          desc: 'A Mexican dish made from ant larvae harvested from the roots of the agave plant',
          rating: 3.5,
          type: [ 'Mexican', 'Insect cuisine', 'Entree' ],
          ingredients: [
            'Ant larvae',
            'Butter',
            'Garlic',
            'Onion',
            'Cilantro',
            'Jalapeno peppers'
          ],
          popular: false,
          spicy: true,
          price: 16
        },
        {
          name: 'Tiramisu',
          image: 'https://live.staticflickr.com/65535/52813714725_6fd84a80b4_m.jpg',
          desc: 'A classic Italian dessert made with ladyfingers, espresso, mascarpone cheese, and cocoa powder.',
          rating: 4.5,
          type: [ 'Italian', 'Dessert' ],
          ingredients: [
            'Ladyfingers',
            'Espresso',
            'Mascarpone cheese',
            'Egg yolks',
            'Sugar',
            'Cocoa powder'
          ],
          popular: true,
          spicy: false,
          price: 8
        },
        {
          name: 'Baklava',
          image: 'https://live.staticflickr.com/65535/52813301711_1bbb49e820_m.jpg',
          desc: 'A sweet pastry made of layers of phyllo dough filled with chopped nuts and sweetened with syrup or honey.',
          rating: 4.2,
          type: [ 'Turkish', 'Greek', 'Dessert' ],
          ingredients: [
            'Phyllo dough',
            'Pistachios',
            'Walnuts',
            'Honey',
            'Sugar',
            'Butter'
          ],
          popular: true,
          spicy: false,
          price: 11
        },
        {
          name: 'Mochi Ice Cream',
          image: 'https://live.staticflickr.com/65535/52813714800_f9ec4a0d46_m.jpg',
          desc: 'A Japanese dessert that consists of small balls of ice cream wrapped in sweet rice dough.',
          rating: 4,
          type: [ 'Japanese', 'Dessert' ],
          ingredients: [
            'Ice cream',
            'Sweet rice dough',
            'Cornstarch',
            'Sugar',
            'Water',
            'Food coloring'
          ],
          popular: true,
          spicy: false,
          price: 8
        },
        {
          name: 'Durian Sticky Rice',
          image: 'https://live.staticflickr.com/65535/52813714825_1b8b57a405_m.jpg',
          desc: 'A Southeast Asian dessert made with glutinous rice cooked with coconut milk and served with fresh durian.',
          rating: 2.5,
          type: [ 'Thai', 'Southeast Asian', 'Dessert' ],
          ingredients: [ 'Glutinous rice', 'Coconut milk', 'Durian', 'Sugar' ],
          popular: false,
          spicy: false,
          price: 7
        },
        {
          name: 'Black Licorice Ice Cream',
          image: 'https://live.staticflickr.com/65535/52813757163_85000190c1_m.jpg',
          desc: 'An ice cream made with black licorice extract, creating a strong and unique flavor.',
          rating: 2,
          type: [ 'Dessert' ],
          ingredients: [ 'Milk', 'Cream', 'Sugar', 'Egg yolks', 'Black licorice extract' ],
          popular: false,
          spicy: false,
          price: 6
        },
        {
          name: 'Wasabi Chocolate',
          image: 'https://live.staticflickr.com/65535/52813498159_aff340438f_m.jpg',
          desc: 'A type of chocolate infused with wasabi, a spicy Japanese horseradish.',
          rating: 3,
          type: [ 'Japanese', 'Dessert' ],
          ingredients: [ 'Chocolate', 'Wasabi' ],
          popular: false,
          spicy: true,
          price: 4
        },
        {
          name: 'Fried Calamari',
          image: 'https://live.staticflickr.com/65535/52813498309_8ec4331f67_m.jpg',
          desc: 'Battered and fried squid served with a dipping sauce.',
          rating: 4,
          type: [ 'Seafood', 'Appetizer' ],
          ingredients: [ 'Squid', 'Flour', 'Egg', 'Breadcrumbs' ],
          popular: true,
          spicy: false,
          price: 12
        },
        {
          name: 'Bruschetta',
          image: 'https://live.staticflickr.com/65535/52813714860_003bae1245_m.jpg',
          desc: 'Toasted bread topped with diced tomatoes, basil, and olive oil.',
          rating: 3.5,
          type: [ 'Italian', 'Appetizer' ],
          ingredients: [ 'Bread', 'Tomatoes', 'Basil', 'Olive oil', 'Garlic' ],
          popular: true,
          spicy: false,
          price: 11
        },
        {
          name: 'Edamame',
          image: 'https://live.staticflickr.com/65535/52813301776_907dee9958_m.jpg',
          desc: 'Steamed soybean pods served with salt.',
          rating: 3,
          type: [ 'Japanese', 'Appetizer' ],
          ingredients: [ 'Edamame', 'Salt' ],
          popular: true,
          spicy: false,
          price: 7
        },
        {
          name: 'Vegan Lasagna',
          image: 'https://live.staticflickr.com/65535/52813301606_c81b4a7021_m.jpg',
          desc: 'A plant-based version of the classic Italian dish, made with layers of vegan cheese, vegetables, and tomato sauce.',
          rating: 4,
          type: [ 'Italian', 'Entree', 'Vegan' ],
          ingredients: [
            'Lasagna noodles',
            'Tomato sauce',
            'Vegan cheese',
            'Zucchini',
            'Spinach',
            'Mushrooms'
          ],
          popular: true,
          spicy: false,
          price: 14
        },
        {
          name: 'Vegan Pad Thai',
          image: 'https://live.staticflickr.com/65535/52813307911_a879a4df7b_w.jpg',
          desc: 'A Thai stir-fried noodle dish made with rice noodles, tofu, vegetables, and a sweet and savory sauce.',
          rating: 4.5,
          type: [ 'Thai', 'Entree', 'Vegan' ],
          ingredients: [
            'Rice noodles',
            'Tofu',
            'Bean sprouts',
            'Carrots',
            'Green onions',
            'Peanuts'
          ],
          popular: true,
          spicy: true,
          price: 15
        },
        {
          name: 'Vegan Black Bean Burger',
          image: 'https://live.staticflickr.com/65535/52813504194_bde784209b_w.jpg',
          desc: 'A burger patty made with black beans, vegetables, and spices, served on a bun with avocado and salsa.',
          rating: 4,
          type: [ 'American', 'Entree', 'Vegan' ],
          ingredients: [
            'Black beans',
            'Breadcrumbs',
            'Onion',
            'Garlic',
            'Cumin',
            'Avocado',
            'Salsa'
          ],
          popular: true,
          spicy: true,
          price: 14
        },
        {
          name: 'Türlü',
          image: 'https://live.staticflickr.com/65535/52813763428_c3baa5f2f4_w.jpg',
          desc: 'A vegan Turkish dish made with a variety of vegetables cooked in tomato sauce.',
          rating: 3.5,
          type: [ 'Turkish', 'Entree', 'Vegan', 'Mediterranean' ],
          ingredients: [
            'Eggplants',
            'Zucchini',
            'Onions',
            'Potatoes',
            'Tomato sauce',
            'Rice'
          ],
          popular: false,
          spicy: false,
          price: 15
        },
        {
          name: 'Börek',
          image: 'https://live.staticflickr.com/65535/52813308106_850ce2ec7c_n.jpg',
          desc: 'A pastry made with phyllo dough filled with vegetables, cheese, or meat.',
          rating: 3,
          type: [ 'Turkish', 'Appetizer', 'Mediterranean' ],
          ingredients: [ 'Phyllo dough', 'Spinach', 'Feta cheese', 'Onion' ],
          popular: false,
          spicy: false,
          price: 12
        },
        {
          name: 'Shakshuka',
          image: 'https://live.staticflickr.com/65535/52813307956_8ce7884c9a_w.jpg',
          desc: 'A dish of poached eggs in tomato sauce.',
          rating: 4,
          type: [ 'Israeli', 'Entree', 'Breakfast', 'Mediterranean' ],
          ingredients: [ 'Eggs', 'Tomatoes', 'Onion', 'Garlic', 'Paprika', 'Cumin' ],
          popular: false,
          spicy: true,
          price: 15
        },
        {
          name: 'Paella',
          image: 'https://live.staticflickr.com/65535/52812751572_5b24be61d9_w.jpg',
          desc: 'A traditional Spanish dish made with saffron rice, seafood, chicken, and vegetables.',
          rating: 4.5,
          type: [ 'Spanish', 'Entree', 'Seafood' ],
          ingredients: [
            'Rice',
            'Seafood',
            'Chicken',
            'Tomatoes',
            'Bell peppers',
            'Saffron'
          ],
          popular: true,
          spicy: false,
          price: 23
        },
        {
          name: 'Tortilla Española',
          image: 'https://live.staticflickr.com/65535/52813307926_3ce097773a_w.jpg',
          desc: 'A Spanish omelette made with potatoes and onions.',
          rating: 4,
          type: [ 'Spanish', 'Entree' ],
          ingredients: [ 'Potatoes', 'Onions', 'Eggs', 'Olive oil', 'Salt' ],
          popular: true,
          spicy: false,
          price: 12
        },
        {
          name: 'Gazpacho',
          image: 'https://live.staticflickr.com/65535/52813721300_a6b63d62b2_w.jpg',
          desc: 'A cold soup made with tomatoes, cucumber, peppers, and bread.',
          rating: 3.5,
          type: [ 'Spanish', 'Appetizer', 'Soup' ],
          ingredients: [
            'Tomatoes',
            'Cucumber',
            'Bell peppers',
            'Garlic',
            'Bread',
            'Olive oil'
          ],
          popular: true,
          spicy: false,
          price: 7
        },
        {
          name: 'Boxty',
          image: 'https://live.staticflickr.com/65535/52813721375_b98c5b904c_w.jpg',
          desc: 'A potato pancake made with grated raw potato and mashed potato.',
          rating: 4,
          type: [ 'Irish', 'Appetizer' ],
          ingredients: [ 'Potatoes', 'Butter', 'Flour', 'Milk', 'Eggs', 'Salt' ],
          popular: true,
          spicy: false,
          price: 11
        },
        {
          name: 'Irish Smoked Salmon',
          image: 'https://live.staticflickr.com/65535/52813504309_2bbcd3dc76_w.jpg',
          desc: 'A popular appetizer that is often served on brown bread with cream cheese.',
          rating: 4.5,
          type: [ 'Irish', 'Appetizer', 'Seafood' ],
          ingredients: [ 'Salmon', 'Salt', 'Wood chips' ],
          popular: true,
          spicy: false,
          price: 16
        },
        {
          name: 'Colcannon Puffs',
          image: 'https://live.staticflickr.com/65535/52813308066_b69dbcfb10_w.jpg',
          desc: 'Bite-sized balls made from mashed potatoes, kale or cabbage, and bacon.',
          rating: 3.5,
          type: [ 'Irish', 'Appetizer' ],
          ingredients: [ 'Potatoes', 'Kale or Cabbage', 'Bacon', 'Onion', 'Egg', 'Flour' ],
          popular: true,
          spicy: false,
          price: 14
        },
        {
          name: 'Tacos al Pastor',
          image: 'https://live.staticflickr.com/65535/52813721200_ddde309874_w.jpg',
          desc: 'Marinated pork cooked on a spit and served on small tortillas with onions, pineapple, and cilantro.',
          rating: 4.7,
          type: [ 'Mexican', 'Entree' ],
          ingredients: [
            'Pork shoulder',
            'Achiote paste',
            'Pineapple juice',
            'Garlic',
            'Onion',
            'Pineapple',
            'Cilantro',
            'Tortillas'
          ],
          popular: true,
          spicy: true,
          price: 15
        },
        {
          name: 'Koshari',
          image: 'https://live.staticflickr.com/65535/52813504299_c7d0172d9d_w.jpg',
          desc: 'A mix of rice, lentils, chickpeas, macaroni, and spicy tomato sauce, topped with caramelized onions and garlic.',
          rating: 4,
          type: [ 'Egyptian', 'Entree' ],
          ingredients: [
            'Rice',
            'Lentils',
            'Chickpeas',
            'Macaroni',
            'Tomato sauce',
            'Cumin',
            'Garlic',
            'Onion'
          ],
          popular: true,
          spicy: true,
          price: 13
        },
        {
          name: 'Flan',
          image: 'https://live.staticflickr.com/65535/52813504354_d7b47462ac_w.jpg',
          desc: 'A creamy, caramel-topped dessert that is similar to a custard.',
          rating: 4.5,
          type: [ 'Puerto Rican', 'Dessert' ],
          ingredients: [
            'Milk',
            'Eggs',
            'Sugar',
            'Vanilla extract',
            'Lemon zest',
            'Caramel sauce'
          ],
          popular: true,
          spicy: false,
          price: 6
        }
      ]

      at setListHelper (src/components/EditFoodMenu.tsx:82:21)

    console.log
      [
        {
          name: 'Pepperoni Pizza',
          image: 'https://media.istockphoto.com/id/938742222/photo/cheesy-pepperoni-pizza.jpg?s=170667a&w=0&k=20&c=iNZpvQkg4H-Xe77n8ZP782eOIgvoM71EqS7n6Ra3NyE=',
          desc: 'A delicious pizza topped with cheese and pepperoni',
          rating: 4,
          type: [ 'Italian', 'Fast Food', 'Entree' ],
          ingredients: [ 'Dough', 'Tomato Sauce', 'Cheese', 'Pepperoni' ],
          popular: true,
          spicy: false,
          price: 10
        },
        {
          name: 'Cheeseburger',
          image: 'https://live.staticflickr.com/65535/52812357442_e349d9cd4d_m.jpg',
          desc: 'A juicy burger with lettuce, tomato, and cheese',
          rating: 4.1,
          type: [ 'American', 'Fast Food', 'Entree' ],
          ingredients: [ 'Beef Patty', 'Bun', 'Lettuce', 'Tomato', 'Cheese' ],
          popular: true,
          spicy: false,
          price: 15
        },
        {
          name: 'Spicy Salmon Avocado Sushi',
          image: 'https://live.staticflickr.com/65535/52813111589_628772aec7_m.jpg',
          desc: 'Fresh sushi rolls with spicy salmon and avocado',
          rating: 4.6,
          type: [ 'Japanese', 'Seafood', 'Entree' ],
          ingredients: [ 'Rice', 'Spicy Salmon', 'Avocado', 'Nori' ],
          popular: true,
          spicy: true,
          price: 4
        },
        {
          name: 'House Salad',
          image: 'https://live.staticflickr.com/65535/52812357357_9edd9baa22_m.jpg',
          desc: 'Refreshing mixed greens salad with cucumber, grape tomatoes, and italian dressing',
          rating: 3.4,
          type: [ 'Salad', 'Appetizer' ],
          ingredients: [
            'Mixed greens',
            'Cucumber',
            'Grape Tomatoes',
            'Italian Dressing'
          ],
          popular: true,
          spicy: false,
          price: 3
        },
        {
          name: 'Hawaiian Pizza',
          image: 'https://live.staticflickr.com/65535/52813111624_c66677c7f4_m.jpg',
          desc: 'A pizza topped with pineapple and ham',
          rating: 2.6,
          type: [ 'Italian', 'Fast Food', 'Entree' ],
          ingredients: [ 'Dough', 'Tomato Sauce', 'Cheese', 'Pineapple', 'Ham' ],
          popular: false,
          spicy: false,
          price: 12
        },
        {
          name: 'Hákarl',
          image: 'https://live.staticflickr.com/65535/52813498334_1e0fedb8fd_m.jpg',
          desc: 'A traditional Icelandic dish made from fermented shark meat',
          rating: 2,
          type: [ 'Icelandic', 'Seafood', 'Appetizer' ],
          ingredients: [ 'Fermented shark meat' ],
          popular: false,
          spicy: false,
          price: 18
        },
        {
          name: 'Escamoles',
          image: 'https://live.staticflickr.com/65535/52813498389_e3e693bcd6_m.jpg',
          desc: 'A Mexican dish made from ant larvae harvested from the roots of the agave plant',
          rating: 3.5,
          type: [ 'Mexican', 'Insect cuisine', 'Entree' ],
          ingredients: [
            'Ant larvae',
            'Butter',
            'Garlic',
            'Onion',
            'Cilantro',
            'Jalapeno peppers'
          ],
          popular: false,
          spicy: true,
          price: 16
        },
        {
          name: 'Tiramisu',
          image: 'https://live.staticflickr.com/65535/52813714725_6fd84a80b4_m.jpg',
          desc: 'A classic Italian dessert made with ladyfingers, espresso, mascarpone cheese, and cocoa powder.',
          rating: 4.5,
          type: [ 'Italian', 'Dessert' ],
          ingredients: [
            'Ladyfingers',
            'Espresso',
            'Mascarpone cheese',
            'Egg yolks',
            'Sugar',
            'Cocoa powder'
          ],
          popular: true,
          spicy: false,
          price: 8
        },
        {
          name: 'Baklava',
          image: 'https://live.staticflickr.com/65535/52813301711_1bbb49e820_m.jpg',
          desc: 'A sweet pastry made of layers of phyllo dough filled with chopped nuts and sweetened with syrup or honey.',
          rating: 4.2,
          type: [ 'Turkish', 'Greek', 'Dessert' ],
          ingredients: [
            'Phyllo dough',
            'Pistachios',
            'Walnuts',
            'Honey',
            'Sugar',
            'Butter'
          ],
          popular: true,
          spicy: false,
          price: 11
        },
        {
          name: 'Mochi Ice Cream',
          image: 'https://live.staticflickr.com/65535/52813714800_f9ec4a0d46_m.jpg',
          desc: 'A Japanese dessert that consists of small balls of ice cream wrapped in sweet rice dough.',
          rating: 4,
          type: [ 'Japanese', 'Dessert' ],
          ingredients: [
            'Ice cream',
            'Sweet rice dough',
            'Cornstarch',
            'Sugar',
            'Water',
            'Food coloring'
          ],
          popular: true,
          spicy: false,
          price: 8
        },
        {
          name: 'Durian Sticky Rice',
          image: 'https://live.staticflickr.com/65535/52813714825_1b8b57a405_m.jpg',
          desc: 'A Southeast Asian dessert made with glutinous rice cooked with coconut milk and served with fresh durian.',
          rating: 2.5,
          type: [ 'Thai', 'Southeast Asian', 'Dessert' ],
          ingredients: [ 'Glutinous rice', 'Coconut milk', 'Durian', 'Sugar' ],
          popular: false,
          spicy: false,
          price: 7
        },
        {
          name: 'Black Licorice Ice Cream',
          image: 'https://live.staticflickr.com/65535/52813757163_85000190c1_m.jpg',
          desc: 'An ice cream made with black licorice extract, creating a strong and unique flavor.',
          rating: 2,
          type: [ 'Dessert' ],
          ingredients: [ 'Milk', 'Cream', 'Sugar', 'Egg yolks', 'Black licorice extract' ],
          popular: false,
          spicy: false,
          price: 6
        },
        {
          name: 'Wasabi Chocolate',
          image: 'https://live.staticflickr.com/65535/52813498159_aff340438f_m.jpg',
          desc: 'A type of chocolate infused with wasabi, a spicy Japanese horseradish.',
          rating: 3,
          type: [ 'Japanese', 'Dessert' ],
          ingredients: [ 'Chocolate', 'Wasabi' ],
          popular: false,
          spicy: true,
          price: 4
        },
        {
          name: 'Fried Calamari',
          image: 'https://live.staticflickr.com/65535/52813498309_8ec4331f67_m.jpg',
          desc: 'Battered and fried squid served with a dipping sauce.',
          rating: 4,
          type: [ 'Seafood', 'Appetizer' ],
          ingredients: [ 'Squid', 'Flour', 'Egg', 'Breadcrumbs' ],
          popular: true,
          spicy: false,
          price: 12
        },
        {
          name: 'Bruschetta',
          image: 'https://live.staticflickr.com/65535/52813714860_003bae1245_m.jpg',
          desc: 'Toasted bread topped with diced tomatoes, basil, and olive oil.',
          rating: 3.5,
          type: [ 'Italian', 'Appetizer' ],
          ingredients: [ 'Bread', 'Tomatoes', 'Basil', 'Olive oil', 'Garlic' ],
          popular: true,
          spicy: false,
          price: 11
        },
        {
          name: 'Edamame',
          image: 'https://live.staticflickr.com/65535/52813301776_907dee9958_m.jpg',
          desc: 'Steamed soybean pods served with salt.',
          rating: 3,
          type: [ 'Japanese', 'Appetizer' ],
          ingredients: [ 'Edamame', 'Salt' ],
          popular: true,
          spicy: false,
          price: 7
        },
        {
          name: 'Vegan Lasagna',
          image: 'https://live.staticflickr.com/65535/52813301606_c81b4a7021_m.jpg',
          desc: 'A plant-based version of the classic Italian dish, made with layers of vegan cheese, vegetables, and tomato sauce.',
          rating: 4,
          type: [ 'Italian', 'Entree', 'Vegan' ],
          ingredients: [
            'Lasagna noodles',
            'Tomato sauce',
            'Vegan cheese',
            'Zucchini',
            'Spinach',
            'Mushrooms'
          ],
          popular: true,
          spicy: false,
          price: 14
        },
        {
          name: 'Vegan Pad Thai',
          image: 'https://live.staticflickr.com/65535/52813307911_a879a4df7b_w.jpg',
          desc: 'A Thai stir-fried noodle dish made with rice noodles, tofu, vegetables, and a sweet and savory sauce.',
          rating: 4.5,
          type: [ 'Thai', 'Entree', 'Vegan' ],
          ingredients: [
            'Rice noodles',
            'Tofu',
            'Bean sprouts',
            'Carrots',
            'Green onions',
            'Peanuts'
          ],
          popular: true,
          spicy: true,
          price: 15
        },
        {
          name: 'Vegan Black Bean Burger',
          image: 'https://live.staticflickr.com/65535/52813504194_bde784209b_w.jpg',
          desc: 'A burger patty made with black beans, vegetables, and spices, served on a bun with avocado and salsa.',
          rating: 4,
          type: [ 'American', 'Entree', 'Vegan' ],
          ingredients: [
            'Black beans',
            'Breadcrumbs',
            'Onion',
            'Garlic',
            'Cumin',
            'Avocado',
            'Salsa'
          ],
          popular: true,
          spicy: true,
          price: 14
        },
        {
          name: 'Türlü',
          image: 'https://live.staticflickr.com/65535/52813763428_c3baa5f2f4_w.jpg',
          desc: 'A vegan Turkish dish made with a variety of vegetables cooked in tomato sauce.',
          rating: 3.5,
          type: [ 'Turkish', 'Entree', 'Vegan', 'Mediterranean' ],
          ingredients: [
            'Eggplants',
            'Zucchini',
            'Onions',
            'Potatoes',
            'Tomato sauce',
            'Rice'
          ],
          popular: false,
          spicy: false,
          price: 15
        },
        {
          name: 'Börek',
          image: 'https://live.staticflickr.com/65535/52813308106_850ce2ec7c_n.jpg',
          desc: 'A pastry made with phyllo dough filled with vegetables, cheese, or meat.',
          rating: 3,
          type: [ 'Turkish', 'Appetizer', 'Mediterranean' ],
          ingredients: [ 'Phyllo dough', 'Spinach', 'Feta cheese', 'Onion' ],
          popular: false,
          spicy: false,
          price: 12
        },
        {
          name: 'Shakshuka',
          image: 'https://live.staticflickr.com/65535/52813307956_8ce7884c9a_w.jpg',
          desc: 'A dish of poached eggs in tomato sauce.',
          rating: 4,
          type: [ 'Israeli', 'Entree', 'Breakfast', 'Mediterranean' ],
          ingredients: [ 'Eggs', 'Tomatoes', 'Onion', 'Garlic', 'Paprika', 'Cumin' ],
          popular: false,
          spicy: true,
          price: 15
        },
        {
          name: 'Paella',
          image: 'https://live.staticflickr.com/65535/52812751572_5b24be61d9_w.jpg',
          desc: 'A traditional Spanish dish made with saffron rice, seafood, chicken, and vegetables.',
          rating: 4.5,
          type: [ 'Spanish', 'Entree', 'Seafood' ],
          ingredients: [
            'Rice',
            'Seafood',
            'Chicken',
            'Tomatoes',
            'Bell peppers',
            'Saffron'
          ],
          popular: true,
          spicy: false,
          price: 23
        },
        {
          name: 'Tortilla Española',
          image: 'https://live.staticflickr.com/65535/52813307926_3ce097773a_w.jpg',
          desc: 'A Spanish omelette made with potatoes and onions.',
          rating: 4,
          type: [ 'Spanish', 'Entree' ],
          ingredients: [ 'Potatoes', 'Onions', 'Eggs', 'Olive oil', 'Salt' ],
          popular: true,
          spicy: false,
          price: 12
        },
        {
          name: 'Gazpacho',
          image: 'https://live.staticflickr.com/65535/52813721300_a6b63d62b2_w.jpg',
          desc: 'A cold soup made with tomatoes, cucumber, peppers, and bread.',
          rating: 3.5,
          type: [ 'Spanish', 'Appetizer', 'Soup' ],
          ingredients: [
            'Tomatoes',
            'Cucumber',
            'Bell peppers',
            'Garlic',
            'Bread',
            'Olive oil'
          ],
          popular: true,
          spicy: false,
          price: 7
        },
        {
          name: 'Boxty',
          image: 'https://live.staticflickr.com/65535/52813721375_b98c5b904c_w.jpg',
          desc: 'A potato pancake made with grated raw potato and mashed potato.',
          rating: 4,
          type: [ 'Irish', 'Appetizer' ],
          ingredients: [ 'Potatoes', 'Butter', 'Flour', 'Milk', 'Eggs', 'Salt' ],
          popular: true,
          spicy: false,
          price: 11
        },
        {
          name: 'Irish Smoked Salmon',
          image: 'https://live.staticflickr.com/65535/52813504309_2bbcd3dc76_w.jpg',
          desc: 'A popular appetizer that is often served on brown bread with cream cheese.',
          rating: 4.5,
          type: [ 'Irish', 'Appetizer', 'Seafood' ],
          ingredients: [ 'Salmon', 'Salt', 'Wood chips' ],
          popular: true,
          spicy: false,
          price: 16
        },
        {
          name: 'Colcannon Puffs',
          image: 'https://live.staticflickr.com/65535/52813308066_b69dbcfb10_w.jpg',
          desc: 'Bite-sized balls made from mashed potatoes, kale or cabbage, and bacon.',
          rating: 3.5,
          type: [ 'Irish', 'Appetizer' ],
          ingredients: [ 'Potatoes', 'Kale or Cabbage', 'Bacon', 'Onion', 'Egg', 'Flour' ],
          popular: true,
          spicy: false,
          price: 14
        },
        {
          name: 'Tacos al Pastor',
          image: 'https://live.staticflickr.com/65535/52813721200_ddde309874_w.jpg',
          desc: 'Marinated pork cooked on a spit and served on small tortillas with onions, pineapple, and cilantro.',
          rating: 4.7,
          type: [ 'Mexican', 'Entree' ],
          ingredients: [
            'Pork shoulder',
            'Achiote paste',
            'Pineapple juice',
            'Garlic',
            'Onion',
            'Pineapple',
            'Cilantro',
            'Tortillas'
          ],
          popular: true,
          spicy: true,
          price: 15
        },
        {
          name: 'Koshari',
          image: 'https://live.staticflickr.com/65535/52813504299_c7d0172d9d_w.jpg',
          desc: 'A mix of rice, lentils, chickpeas, macaroni, and spicy tomato sauce, topped with caramelized onions and garlic.',
          rating: 4,
          type: [ 'Egyptian', 'Entree' ],
          ingredients: [
            'Rice',
            'Lentils',
            'Chickpeas',
            'Macaroni',
            'Tomato sauce',
            'Cumin',
            'Garlic',
            'Onion'
          ],
          popular: true,
          spicy: true,
          price: 13
        },
        {
          name: 'Flan',
          image: 'https://live.staticflickr.com/65535/52813504354_d7b47462ac_w.jpg',
          desc: 'A creamy, caramel-topped dessert that is similar to a custard.',
          rating: 4.5,
          type: [ 'Puerto Rican', 'Dessert' ],
          ingredients: [
            'Milk',
            'Eggs',
            'Sugar',
            'Vanilla extract',
            'Lemon zest',
            'Caramel sauce'
          ],
          popular: true,
          spicy: false,
          price: 6
        }
      ]

      at setListHelper (src/components/EditFoodMenu.tsx:82:21)

    console.log
      [
        {
          name: 'Pepperoni Pizza',
          image: 'https://media.istockphoto.com/id/938742222/photo/cheesy-pepperoni-pizza.jpg?s=170667a&w=0&k=20&c=iNZpvQkg4H-Xe77n8ZP782eOIgvoM71EqS7n6Ra3NyE=',
          desc: 'A delicious pizza topped with cheese and pepperoni',
          rating: 4,
          type: [ 'Italian', 'Fast Food', 'Entree' ],
          ingredients: [ 'Dough', 'Tomato Sauce', 'Cheese', 'Pepperoni' ],
          popular: true,
          spicy: false,
          price: 10
        },
        {
          name: 'Cheeseburger',
          image: 'https://live.staticflickr.com/65535/52812357442_e349d9cd4d_m.jpg',
          desc: 'A juicy burger with lettuce, tomato, and cheese',
          rating: 4.1,
          type: [ 'American', 'Fast Food', 'Entree' ],
          ingredients: [ 'Beef Patty', 'Bun', 'Lettuce', 'Tomato', 'Cheese' ],
          popular: true,
          spicy: false,
          price: 15
        },
        {
          name: 'Spicy Salmon Avocado Sushi',
          image: 'https://live.staticflickr.com/65535/52813111589_628772aec7_m.jpg',
          desc: 'Fresh sushi rolls with spicy salmon and avocado',
          rating: 4.6,
          type: [ 'Japanese', 'Seafood', 'Entree' ],
          ingredients: [ 'Rice', 'Spicy Salmon', 'Avocado', 'Nori' ],
          popular: true,
          spicy: true,
          price: 4
        },
        {
          name: 'House Salad',
          image: 'https://live.staticflickr.com/65535/52812357357_9edd9baa22_m.jpg',
          desc: 'Refreshing mixed greens salad with cucumber, grape tomatoes, and italian dressing',
          rating: 3.4,
          type: [ 'Salad', 'Appetizer' ],
          ingredients: [
            'Mixed greens',
            'Cucumber',
            'Grape Tomatoes',
            'Italian Dressing'
          ],
          popular: true,
          spicy: false,
          price: 3
        },
        {
          name: 'Hawaiian Pizza',
          image: 'https://live.staticflickr.com/65535/52813111624_c66677c7f4_m.jpg',
          desc: 'A pizza topped with pineapple and ham',
          rating: 2.6,
          type: [ 'Italian', 'Fast Food', 'Entree' ],
          ingredients: [ 'Dough', 'Tomato Sauce', 'Cheese', 'Pineapple', 'Ham' ],
          popular: false,
          spicy: false,
          price: 12
        },
        {
          name: 'Hákarl',
          image: 'https://live.staticflickr.com/65535/52813498334_1e0fedb8fd_m.jpg',
          desc: 'A traditional Icelandic dish made from fermented shark meat',
          rating: 2,
          type: [ 'Icelandic', 'Seafood', 'Appetizer' ],
          ingredients: [ 'Fermented shark meat' ],
          popular: false,
          spicy: false,
          price: 18
        },
        {
          name: 'Escamoles',
          image: 'https://live.staticflickr.com/65535/52813498389_e3e693bcd6_m.jpg',
          desc: 'A Mexican dish made from ant larvae harvested from the roots of the agave plant',
          rating: 3.5,
          type: [ 'Mexican', 'Insect cuisine', 'Entree' ],
          ingredients: [
            'Ant larvae',
            'Butter',
            'Garlic',
            'Onion',
            'Cilantro',
            'Jalapeno peppers'
          ],
          popular: false,
          spicy: true,
          price: 16
        },
        {
          name: 'Tiramisu',
          image: 'https://live.staticflickr.com/65535/52813714725_6fd84a80b4_m.jpg',
          desc: 'A classic Italian dessert made with ladyfingers, espresso, mascarpone cheese, and cocoa powder.',
          rating: 4.5,
          type: [ 'Italian', 'Dessert' ],
          ingredients: [
            'Ladyfingers',
            'Espresso',
            'Mascarpone cheese',
            'Egg yolks',
            'Sugar',
            'Cocoa powder'
          ],
          popular: true,
          spicy: false,
          price: 8
        },
        {
          name: 'Baklava',
          image: 'https://live.staticflickr.com/65535/52813301711_1bbb49e820_m.jpg',
          desc: 'A sweet pastry made of layers of phyllo dough filled with chopped nuts and sweetened with syrup or honey.',
          rating: 4.2,
          type: [ 'Turkish', 'Greek', 'Dessert' ],
          ingredients: [
            'Phyllo dough',
            'Pistachios',
            'Walnuts',
            'Honey',
            'Sugar',
            'Butter'
          ],
          popular: true,
          spicy: false,
          price: 11
        },
        {
          name: 'Mochi Ice Cream',
          image: 'https://live.staticflickr.com/65535/52813714800_f9ec4a0d46_m.jpg',
          desc: 'A Japanese dessert that consists of small balls of ice cream wrapped in sweet rice dough.',
          rating: 4,
          type: [ 'Japanese', 'Dessert' ],
          ingredients: [
            'Ice cream',
            'Sweet rice dough',
            'Cornstarch',
            'Sugar',
            'Water',
            'Food coloring'
          ],
          popular: true,
          spicy: false,
          price: 8
        },
        {
          name: 'Durian Sticky Rice',
          image: 'https://live.staticflickr.com/65535/52813714825_1b8b57a405_m.jpg',
          desc: 'A Southeast Asian dessert made with glutinous rice cooked with coconut milk and served with fresh durian.',
          rating: 2.5,
          type: [ 'Thai', 'Southeast Asian', 'Dessert' ],
          ingredients: [ 'Glutinous rice', 'Coconut milk', 'Durian', 'Sugar' ],
          popular: false,
          spicy: false,
          price: 7
        },
        {
          name: 'Black Licorice Ice Cream',
          image: 'https://live.staticflickr.com/65535/52813757163_85000190c1_m.jpg',
          desc: 'An ice cream made with black licorice extract, creating a strong and unique flavor.',
          rating: 2,
          type: [ 'Dessert' ],
          ingredients: [ 'Milk', 'Cream', 'Sugar', 'Egg yolks', 'Black licorice extract' ],
          popular: false,
          spicy: false,
          price: 6
        },
        {
          name: 'Wasabi Chocolate',
          image: 'https://live.staticflickr.com/65535/52813498159_aff340438f_m.jpg',
          desc: 'A type of chocolate infused with wasabi, a spicy Japanese horseradish.',
          rating: 3,
          type: [ 'Japanese', 'Dessert' ],
          ingredients: [ 'Chocolate', 'Wasabi' ],
          popular: false,
          spicy: true,
          price: 4
        },
        {
          name: 'Fried Calamari',
          image: 'https://live.staticflickr.com/65535/52813498309_8ec4331f67_m.jpg',
          desc: 'Battered and fried squid served with a dipping sauce.',
          rating: 4,
          type: [ 'Seafood', 'Appetizer' ],
          ingredients: [ 'Squid', 'Flour', 'Egg', 'Breadcrumbs' ],
          popular: true,
          spicy: false,
          price: 12
        },
        {
          name: 'Bruschetta',
          image: 'https://live.staticflickr.com/65535/52813714860_003bae1245_m.jpg',
          desc: 'Toasted bread topped with diced tomatoes, basil, and olive oil.',
          rating: 3.5,
          type: [ 'Italian', 'Appetizer' ],
          ingredients: [ 'Bread', 'Tomatoes', 'Basil', 'Olive oil', 'Garlic' ],
          popular: true,
          spicy: false,
          price: 11
        },
        {
          name: 'Edamame',
          image: 'https://live.staticflickr.com/65535/52813301776_907dee9958_m.jpg',
          desc: 'Steamed soybean pods served with salt.',
          rating: 3,
          type: [ 'Japanese', 'Appetizer' ],
          ingredients: [ 'Edamame', 'Salt' ],
          popular: true,
          spicy: false,
          price: 7
        },
        {
          name: 'Vegan Lasagna',
          image: 'https://live.staticflickr.com/65535/52813301606_c81b4a7021_m.jpg',
          desc: 'A plant-based version of the classic Italian dish, made with layers of vegan cheese, vegetables, and tomato sauce.',
          rating: 4,
          type: [ 'Italian', 'Entree', 'Vegan' ],
          ingredients: [
            'Lasagna noodles',
            'Tomato sauce',
            'Vegan cheese',
            'Zucchini',
            'Spinach',
            'Mushrooms'
          ],
          popular: true,
          spicy: false,
          price: 14
        },
        {
          name: 'Vegan Pad Thai',
          image: 'https://live.staticflickr.com/65535/52813307911_a879a4df7b_w.jpg',
          desc: 'A Thai stir-fried noodle dish made with rice noodles, tofu, vegetables, and a sweet and savory sauce.',
          rating: 4.5,
          type: [ 'Thai', 'Entree', 'Vegan' ],
          ingredients: [
            'Rice noodles',
            'Tofu',
            'Bean sprouts',
            'Carrots',
            'Green onions',
            'Peanuts'
          ],
          popular: true,
          spicy: true,
          price: 15
        },
        {
          name: 'Vegan Black Bean Burger',
          image: 'https://live.staticflickr.com/65535/52813504194_bde784209b_w.jpg',
          desc: 'A burger patty made with black beans, vegetables, and spices, served on a bun with avocado and salsa.',
          rating: 4,
          type: [ 'American', 'Entree', 'Vegan' ],
          ingredients: [
            'Black beans',
            'Breadcrumbs',
            'Onion',
            'Garlic',
            'Cumin',
            'Avocado',
            'Salsa'
          ],
          popular: true,
          spicy: true,
          price: 14
        },
        {
          name: 'Türlü',
          image: 'https://live.staticflickr.com/65535/52813763428_c3baa5f2f4_w.jpg',
          desc: 'A vegan Turkish dish made with a variety of vegetables cooked in tomato sauce.',
          rating: 3.5,
          type: [ 'Turkish', 'Entree', 'Vegan', 'Mediterranean' ],
          ingredients: [
            'Eggplants',
            'Zucchini',
            'Onions',
            'Potatoes',
            'Tomato sauce',
            'Rice'
          ],
          popular: false,
          spicy: false,
          price: 15
        },
        {
          name: 'Börek',
          image: 'https://live.staticflickr.com/65535/52813308106_850ce2ec7c_n.jpg',
          desc: 'A pastry made with phyllo dough filled with vegetables, cheese, or meat.',
          rating: 3,
          type: [ 'Turkish', 'Appetizer', 'Mediterranean' ],
          ingredients: [ 'Phyllo dough', 'Spinach', 'Feta cheese', 'Onion' ],
          popular: false,
          spicy: false,
          price: 12
        },
        {
          name: 'Shakshuka',
          image: 'https://live.staticflickr.com/65535/52813307956_8ce7884c9a_w.jpg',
          desc: 'A dish of poached eggs in tomato sauce.',
          rating: 4,
          type: [ 'Israeli', 'Entree', 'Breakfast', 'Mediterranean' ],
          ingredients: [ 'Eggs', 'Tomatoes', 'Onion', 'Garlic', 'Paprika', 'Cumin' ],
          popular: false,
          spicy: true,
          price: 15
        },
        {
          name: 'Paella',
          image: 'https://live.staticflickr.com/65535/52812751572_5b24be61d9_w.jpg',
          desc: 'A traditional Spanish dish made with saffron rice, seafood, chicken, and vegetables.',
          rating: 4.5,
          type: [ 'Spanish', 'Entree', 'Seafood' ],
          ingredients: [
            'Rice',
            'Seafood',
            'Chicken',
            'Tomatoes',
            'Bell peppers',
            'Saffron'
          ],
          popular: true,
          spicy: false,
          price: 23
        },
        {
          name: 'Tortilla Española',
          image: 'https://live.staticflickr.com/65535/52813307926_3ce097773a_w.jpg',
          desc: 'A Spanish omelette made with potatoes and onions.',
          rating: 4,
          type: [ 'Spanish', 'Entree' ],
          ingredients: [ 'Potatoes', 'Onions', 'Eggs', 'Olive oil', 'Salt' ],
          popular: true,
          spicy: false,
          price: 12
        },
        {
          name: 'Gazpacho',
          image: 'https://live.staticflickr.com/65535/52813721300_a6b63d62b2_w.jpg',
          desc: 'A cold soup made with tomatoes, cucumber, peppers, and bread.',
          rating: 3.5,
          type: [ 'Spanish', 'Appetizer', 'Soup' ],
          ingredients: [
            'Tomatoes',
            'Cucumber',
            'Bell peppers',
            'Garlic',
            'Bread',
            'Olive oil'
          ],
          popular: true,
          spicy: false,
          price: 7
        },
        {
          name: 'Boxty',
          image: 'https://live.staticflickr.com/65535/52813721375_b98c5b904c_w.jpg',
          desc: 'A potato pancake made with grated raw potato and mashed potato.',
          rating: 4,
          type: [ 'Irish', 'Appetizer' ],
          ingredients: [ 'Potatoes', 'Butter', 'Flour', 'Milk', 'Eggs', 'Salt' ],
          popular: true,
          spicy: false,
          price: 11
        },
        {
          name: 'Irish Smoked Salmon',
          image: 'https://live.staticflickr.com/65535/52813504309_2bbcd3dc76_w.jpg',
          desc: 'A popular appetizer that is often served on brown bread with cream cheese.',
          rating: 4.5,
          type: [ 'Irish', 'Appetizer', 'Seafood' ],
          ingredients: [ 'Salmon', 'Salt', 'Wood chips' ],
          popular: true,
          spicy: false,
          price: 16
        },
        {
          name: 'Colcannon Puffs',
          image: 'https://live.staticflickr.com/65535/52813308066_b69dbcfb10_w.jpg',
          desc: 'Bite-sized balls made from mashed potatoes, kale or cabbage, and bacon.',
          rating: 3.5,
          type: [ 'Irish', 'Appetizer' ],
          ingredients: [ 'Potatoes', 'Kale or Cabbage', 'Bacon', 'Onion', 'Egg', 'Flour' ],
          popular: true,
          spicy: false,
          price: 14
        },
        {
          name: 'Tacos al Pastor',
          image: 'https://live.staticflickr.com/65535/52813721200_ddde309874_w.jpg',
          desc: 'Marinated pork cooked on a spit and served on small tortillas with onions, pineapple, and cilantro.',
          rating: 4.7,
          type: [ 'Mexican', 'Entree' ],
          ingredients: [
            'Pork shoulder',
            'Achiote paste',
            'Pineapple juice',
            'Garlic',
            'Onion',
            'Pineapple',
            'Cilantro',
            'Tortillas'
          ],
          popular: true,
          spicy: true,
          price: 15
        },
        {
          name: 'Koshari',
          image: 'https://live.staticflickr.com/65535/52813504299_c7d0172d9d_w.jpg',
          desc: 'A mix of rice, lentils, chickpeas, macaroni, and spicy tomato sauce, topped with caramelized onions and garlic.',
          rating: 4,
          type: [ 'Egyptian', 'Entree' ],
          ingredients: [
            'Rice',
            'Lentils',
            'Chickpeas',
            'Macaroni',
            'Tomato sauce',
            'Cumin',
            'Garlic',
            'Onion'
          ],
          popular: true,
          spicy: true,
          price: 13
        },
        {
          name: 'Flan',
          image: 'https://live.staticflickr.com/65535/52813504354_d7b47462ac_w.jpg',
          desc: 'A creamy, caramel-topped dessert that is similar to a custard.',
          rating: 4.5,
          type: [ 'Puerto Rican', 'Dessert' ],
          ingredients: [
            'Milk',
            'Eggs',
            'Sugar',
            'Vanilla extract',
            'Lemon zest',
            'Caramel sauce'
          ],
          popular: true,
          spicy: false,
          price: 6
        }
      ]

      at setListHelper (src/components/EditFoodMenu.tsx:82:21)

PASS src/component-unit-tests/SearchBar.test.tsx (10.046 s)
  ● Console

    console.log
      [
        {
          name: 'Pepperoni Pizza',
          image: 'https://media.istockphoto.com/id/938742222/photo/cheesy-pepperoni-pizza.jpg?s=170667a&w=0&k=20&c=iNZpvQkg4H-Xe77n8ZP782eOIgvoM71EqS7n6Ra3NyE=',
          desc: 'A delicious pizza topped with cheese and pepperoni',
          rating: 4,
          type: [ 'Italian', 'Fast Food', 'Entree' ],
          ingredients: [ 'Dough', 'Tomato Sauce', 'Cheese', 'Pepperoni' ],
          popular: true,
          spicy: false,
          price: 10
        },
        {
          name: 'Cheeseburger',
          image: 'https://live.staticflickr.com/65535/52812357442_e349d9cd4d_m.jpg',
          desc: 'A juicy burger with lettuce, tomato, and cheese',
          rating: 4.1,
          type: [ 'American', 'Fast Food', 'Entree' ],
          ingredients: [ 'Beef Patty', 'Bun', 'Lettuce', 'Tomato', 'Cheese' ],
          popular: true,
          spicy: false,
          price: 15
        },
        {
          name: 'Spicy Salmon Avocado Sushi',
          image: 'https://live.staticflickr.com/65535/52813111589_628772aec7_m.jpg',
          desc: 'Fresh sushi rolls with spicy salmon and avocado',
          rating: 4.6,
          type: [ 'Japanese', 'Seafood', 'Entree' ],
          ingredients: [ 'Rice', 'Spicy Salmon', 'Avocado', 'Nori' ],
          popular: true,
          spicy: true,
          price: 4
        },
        {
          name: 'House Salad',
          image: 'https://live.staticflickr.com/65535/52812357357_9edd9baa22_m.jpg',
          desc: 'Refreshing mixed greens salad with cucumber, grape tomatoes, and italian dressing',
          rating: 3.4,
          type: [ 'Salad', 'Appetizer' ],
          ingredients: [
            'Mixed greens',
            'Cucumber',
            'Grape Tomatoes',
            'Italian Dressing'
          ],
          popular: true,
          spicy: false,
          price: 3
        },
        {
          name: 'Hawaiian Pizza',
          image: 'https://live.staticflickr.com/65535/52813111624_c66677c7f4_m.jpg',
          desc: 'A pizza topped with pineapple and ham',
          rating: 2.6,
          type: [ 'Italian', 'Fast Food', 'Entree' ],
          ingredients: [ 'Dough', 'Tomato Sauce', 'Cheese', 'Pineapple', 'Ham' ],
          popular: false,
          spicy: false,
          price: 12
        },
        {
          name: 'Hákarl',
          image: 'https://live.staticflickr.com/65535/52813498334_1e0fedb8fd_m.jpg',
          desc: 'A traditional Icelandic dish made from fermented shark meat',
          rating: 2,
          type: [ 'Icelandic', 'Seafood', 'Appetizer' ],
          ingredients: [ 'Fermented shark meat' ],
          popular: false,
          spicy: false,
          price: 18
        },
        {
          name: 'Escamoles',
          image: 'https://live.staticflickr.com/65535/52813498389_e3e693bcd6_m.jpg',
          desc: 'A Mexican dish made from ant larvae harvested from the roots of the agave plant',
          rating: 3.5,
          type: [ 'Mexican', 'Insect cuisine', 'Entree' ],
          ingredients: [
            'Ant larvae',
            'Butter',
            'Garlic',
            'Onion',
            'Cilantro',
            'Jalapeno peppers'
          ],
          popular: false,
          spicy: true,
          price: 16
        },
        {
          name: 'Tiramisu',
          image: 'https://live.staticflickr.com/65535/52813714725_6fd84a80b4_m.jpg',
          desc: 'A classic Italian dessert made with ladyfingers, espresso, mascarpone cheese, and cocoa powder.',
          rating: 4.5,
          type: [ 'Italian', 'Dessert' ],
          ingredients: [
            'Ladyfingers',
            'Espresso',
            'Mascarpone cheese',
            'Egg yolks',
            'Sugar',
            'Cocoa powder'
          ],
          popular: true,
          spicy: false,
          price: 8
        },
        {
          name: 'Baklava',
          image: 'https://live.staticflickr.com/65535/52813301711_1bbb49e820_m.jpg',
          desc: 'A sweet pastry made of layers of phyllo dough filled with chopped nuts and sweetened with syrup or honey.',
          rating: 4.2,
          type: [ 'Turkish', 'Greek', 'Dessert' ],
          ingredients: [
            'Phyllo dough',
            'Pistachios',
            'Walnuts',
            'Honey',
            'Sugar',
            'Butter'
          ],
          popular: true,
          spicy: false,
          price: 11
        },
        {
          name: 'Mochi Ice Cream',
          image: 'https://live.staticflickr.com/65535/52813714800_f9ec4a0d46_m.jpg',
          desc: 'A Japanese dessert that consists of small balls of ice cream wrapped in sweet rice dough.',
          rating: 4,
          type: [ 'Japanese', 'Dessert' ],
          ingredients: [
            'Ice cream',
            'Sweet rice dough',
            'Cornstarch',
            'Sugar',
            'Water',
            'Food coloring'
          ],
          popular: true,
          spicy: false,
          price: 8
        },
        {
          name: 'Durian Sticky Rice',
          image: 'https://live.staticflickr.com/65535/52813714825_1b8b57a405_m.jpg',
          desc: 'A Southeast Asian dessert made with glutinous rice cooked with coconut milk and served with fresh durian.',
          rating: 2.5,
          type: [ 'Thai', 'Southeast Asian', 'Dessert' ],
          ingredients: [ 'Glutinous rice', 'Coconut milk', 'Durian', 'Sugar' ],
          popular: false,
          spicy: false,
          price: 7
        },
        {
          name: 'Black Licorice Ice Cream',
          image: 'https://live.staticflickr.com/65535/52813757163_85000190c1_m.jpg',
          desc: 'An ice cream made with black licorice extract, creating a strong and unique flavor.',
          rating: 2,
          type: [ 'Dessert' ],
          ingredients: [ 'Milk', 'Cream', 'Sugar', 'Egg yolks', 'Black licorice extract' ],
          popular: false,
          spicy: false,
          price: 6
        },
        {
          name: 'Wasabi Chocolate',
          image: 'https://live.staticflickr.com/65535/52813498159_aff340438f_m.jpg',
          desc: 'A type of chocolate infused with wasabi, a spicy Japanese horseradish.',
          rating: 3,
          type: [ 'Japanese', 'Dessert' ],
          ingredients: [ 'Chocolate', 'Wasabi' ],
          popular: false,
          spicy: true,
          price: 4
        },
        {
          name: 'Fried Calamari',
          image: 'https://live.staticflickr.com/65535/52813498309_8ec4331f67_m.jpg',
          desc: 'Battered and fried squid served with a dipping sauce.',
          rating: 4,
          type: [ 'Seafood', 'Appetizer' ],
          ingredients: [ 'Squid', 'Flour', 'Egg', 'Breadcrumbs' ],
          popular: true,
          spicy: false,
          price: 12
        },
        {
          name: 'Bruschetta',
          image: 'https://live.staticflickr.com/65535/52813714860_003bae1245_m.jpg',
          desc: 'Toasted bread topped with diced tomatoes, basil, and olive oil.',
          rating: 3.5,
          type: [ 'Italian', 'Appetizer' ],
          ingredients: [ 'Bread', 'Tomatoes', 'Basil', 'Olive oil', 'Garlic' ],
          popular: true,
          spicy: false,
          price: 11
        },
        {
          name: 'Edamame',
          image: 'https://live.staticflickr.com/65535/52813301776_907dee9958_m.jpg',
          desc: 'Steamed soybean pods served with salt.',
          rating: 3,
          type: [ 'Japanese', 'Appetizer' ],
          ingredients: [ 'Edamame', 'Salt' ],
          popular: true,
          spicy: false,
          price: 7
        },
        {
          name: 'Vegan Lasagna',
          image: 'https://live.staticflickr.com/65535/52813301606_c81b4a7021_m.jpg',
          desc: 'A plant-based version of the classic Italian dish, made with layers of vegan cheese, vegetables, and tomato sauce.',
          rating: 4,
          type: [ 'Italian', 'Entree', 'Vegan' ],
          ingredients: [
            'Lasagna noodles',
            'Tomato sauce',
            'Vegan cheese',
            'Zucchini',
            'Spinach',
            'Mushrooms'
          ],
          popular: true,
          spicy: false,
          price: 14
        },
        {
          name: 'Vegan Pad Thai',
          image: 'https://live.staticflickr.com/65535/52813307911_a879a4df7b_w.jpg',
          desc: 'A Thai stir-fried noodle dish made with rice noodles, tofu, vegetables, and a sweet and savory sauce.',
          rating: 4.5,
          type: [ 'Thai', 'Entree', 'Vegan' ],
          ingredients: [
            'Rice noodles',
            'Tofu',
            'Bean sprouts',
            'Carrots',
            'Green onions',
            'Peanuts'
          ],
          popular: true,
          spicy: true,
          price: 15
        },
        {
          name: 'Vegan Black Bean Burger',
          image: 'https://live.staticflickr.com/65535/52813504194_bde784209b_w.jpg',
          desc: 'A burger patty made with black beans, vegetables, and spices, served on a bun with avocado and salsa.',
          rating: 4,
          type: [ 'American', 'Entree', 'Vegan' ],
          ingredients: [
            'Black beans',
            'Breadcrumbs',
            'Onion',
            'Garlic',
            'Cumin',
            'Avocado',
            'Salsa'
          ],
          popular: true,
          spicy: true,
          price: 14
        },
        {
          name: 'Türlü',
          image: 'https://live.staticflickr.com/65535/52813763428_c3baa5f2f4_w.jpg',
          desc: 'A vegan Turkish dish made with a variety of vegetables cooked in tomato sauce.',
          rating: 3.5,
          type: [ 'Turkish', 'Entree', 'Vegan', 'Mediterranean' ],
          ingredients: [
            'Eggplants',
            'Zucchini',
            'Onions',
            'Potatoes',
            'Tomato sauce',
            'Rice'
          ],
          popular: false,
          spicy: false,
          price: 15
        },
        {
          name: 'Börek',
          image: 'https://live.staticflickr.com/65535/52813308106_850ce2ec7c_n.jpg',
          desc: 'A pastry made with phyllo dough filled with vegetables, cheese, or meat.',
          rating: 3,
          type: [ 'Turkish', 'Appetizer', 'Mediterranean' ],
          ingredients: [ 'Phyllo dough', 'Spinach', 'Feta cheese', 'Onion' ],
          popular: false,
          spicy: false,
          price: 12
        },
        {
          name: 'Shakshuka',
          image: 'https://live.staticflickr.com/65535/52813307956_8ce7884c9a_w.jpg',
          desc: 'A dish of poached eggs in tomato sauce.',
          rating: 4,
          type: [ 'Israeli', 'Entree', 'Breakfast', 'Mediterranean' ],
          ingredients: [ 'Eggs', 'Tomatoes', 'Onion', 'Garlic', 'Paprika', 'Cumin' ],
          popular: false,
          spicy: true,
          price: 15
        },
        {
          name: 'Paella',
          image: 'https://live.staticflickr.com/65535/52812751572_5b24be61d9_w.jpg',
          desc: 'A traditional Spanish dish made with saffron rice, seafood, chicken, and vegetables.',
          rating: 4.5,
          type: [ 'Spanish', 'Entree', 'Seafood' ],
          ingredients: [
            'Rice',
            'Seafood',
            'Chicken',
            'Tomatoes',
            'Bell peppers',
            'Saffron'
          ],
          popular: true,
          spicy: false,
          price: 23
        },
        {
          name: 'Tortilla Española',
          image: 'https://live.staticflickr.com/65535/52813307926_3ce097773a_w.jpg',
          desc: 'A Spanish omelette made with potatoes and onions.',
          rating: 4,
          type: [ 'Spanish', 'Entree' ],
          ingredients: [ 'Potatoes', 'Onions', 'Eggs', 'Olive oil', 'Salt' ],
          popular: true,
          spicy: false,
          price: 12
        },
        {
          name: 'Gazpacho',
          image: 'https://live.staticflickr.com/65535/52813721300_a6b63d62b2_w.jpg',
          desc: 'A cold soup made with tomatoes, cucumber, peppers, and bread.',
          rating: 3.5,
          type: [ 'Spanish', 'Appetizer', 'Soup' ],
          ingredients: [
            'Tomatoes',
            'Cucumber',
            'Bell peppers',
            'Garlic',
            'Bread',
            'Olive oil'
          ],
          popular: true,
          spicy: false,
          price: 7
        },
        {
          name: 'Boxty',
          image: 'https://live.staticflickr.com/65535/52813721375_b98c5b904c_w.jpg',
          desc: 'A potato pancake made with grated raw potato and mashed potato.',
          rating: 4,
          type: [ 'Irish', 'Appetizer' ],
          ingredients: [ 'Potatoes', 'Butter', 'Flour', 'Milk', 'Eggs', 'Salt' ],
          popular: true,
          spicy: false,
          price: 11
        },
        {
          name: 'Irish Smoked Salmon',
          image: 'https://live.staticflickr.com/65535/52813504309_2bbcd3dc76_w.jpg',
          desc: 'A popular appetizer that is often served on brown bread with cream cheese.',
          rating: 4.5,
          type: [ 'Irish', 'Appetizer', 'Seafood' ],
          ingredients: [ 'Salmon', 'Salt', 'Wood chips' ],
          popular: true,
          spicy: false,
          price: 16
        },
        {
          name: 'Colcannon Puffs',
          image: 'https://live.staticflickr.com/65535/52813308066_b69dbcfb10_w.jpg',
          desc: 'Bite-sized balls made from mashed potatoes, kale or cabbage, and bacon.',
          rating: 3.5,
          type: [ 'Irish', 'Appetizer' ],
          ingredients: [ 'Potatoes', 'Kale or Cabbage', 'Bacon', 'Onion', 'Egg', 'Flour' ],
          popular: true,
          spicy: false,
          price: 14
        },
        {
          name: 'Tacos al Pastor',
          image: 'https://live.staticflickr.com/65535/52813721200_ddde309874_w.jpg',
          desc: 'Marinated pork cooked on a spit and served on small tortillas with onions, pineapple, and cilantro.',
          rating: 4.7,
          type: [ 'Mexican', 'Entree' ],
          ingredients: [
            'Pork shoulder',
            'Achiote paste',
            'Pineapple juice',
            'Garlic',
            'Onion',
            'Pineapple',
            'Cilantro',
            'Tortillas'
          ],
          popular: true,
          spicy: true,
          price: 15
        },
        {
          name: 'Koshari',
          image: 'https://live.staticflickr.com/65535/52813504299_c7d0172d9d_w.jpg',
          desc: 'A mix of rice, lentils, chickpeas, macaroni, and spicy tomato sauce, topped with caramelized onions and garlic.',
          rating: 4,
          type: [ 'Egyptian', 'Entree' ],
          ingredients: [
            'Rice',
            'Lentils',
            'Chickpeas',
            'Macaroni',
            'Tomato sauce',
            'Cumin',
            'Garlic',
            'Onion'
          ],
          popular: true,
          spicy: true,
          price: 13
        },
        {
          name: 'Flan',
          image: 'https://live.staticflickr.com/65535/52813504354_d7b47462ac_w.jpg',
          desc: 'A creamy, caramel-topped dessert that is similar to a custard.',
          rating: 4.5,
          type: [ 'Puerto Rican', 'Dessert' ],
          ingredients: [
            'Milk',
            'Eggs',
            'Sugar',
            'Vanilla extract',
            'Lemon zest',
            'Caramel sauce'
          ],
          popular: true,
          spicy: false,
          price: 6
        }
      ]

      at setListHelper (src/components/SearchBar.tsx:82:21)

    console.log
      [
        {
          name: 'Pepperoni Pizza',
          image: 'https://media.istockphoto.com/id/938742222/photo/cheesy-pepperoni-pizza.jpg?s=170667a&w=0&k=20&c=iNZpvQkg4H-Xe77n8ZP782eOIgvoM71EqS7n6Ra3NyE=',
          desc: 'A delicious pizza topped with cheese and pepperoni',
          rating: 4,
          type: [ 'Italian', 'Fast Food', 'Entree' ],
          ingredients: [ 'Dough', 'Tomato Sauce', 'Cheese', 'Pepperoni' ],
          popular: true,
          spicy: false,
          price: 10
        },
        {
          name: 'Cheeseburger',
          image: 'https://live.staticflickr.com/65535/52812357442_e349d9cd4d_m.jpg',
          desc: 'A juicy burger with lettuce, tomato, and cheese',
          rating: 4.1,
          type: [ 'American', 'Fast Food', 'Entree' ],
          ingredients: [ 'Beef Patty', 'Bun', 'Lettuce', 'Tomato', 'Cheese' ],
          popular: true,
          spicy: false,
          price: 15
        },
        {
          name: 'Spicy Salmon Avocado Sushi',
          image: 'https://live.staticflickr.com/65535/52813111589_628772aec7_m.jpg',
          desc: 'Fresh sushi rolls with spicy salmon and avocado',
          rating: 4.6,
          type: [ 'Japanese', 'Seafood', 'Entree' ],
          ingredients: [ 'Rice', 'Spicy Salmon', 'Avocado', 'Nori' ],
          popular: true,
          spicy: true,
          price: 4
        },
        {
          name: 'House Salad',
          image: 'https://live.staticflickr.com/65535/52812357357_9edd9baa22_m.jpg',
          desc: 'Refreshing mixed greens salad with cucumber, grape tomatoes, and italian dressing',
          rating: 3.4,
          type: [ 'Salad', 'Appetizer' ],
          ingredients: [
            'Mixed greens',
            'Cucumber',
            'Grape Tomatoes',
            'Italian Dressing'
          ],
          popular: true,
          spicy: false,
          price: 3
        },
        {
          name: 'Hawaiian Pizza',
          image: 'https://live.staticflickr.com/65535/52813111624_c66677c7f4_m.jpg',
          desc: 'A pizza topped with pineapple and ham',
          rating: 2.6,
          type: [ 'Italian', 'Fast Food', 'Entree' ],
          ingredients: [ 'Dough', 'Tomato Sauce', 'Cheese', 'Pineapple', 'Ham' ],
          popular: false,
          spicy: false,
          price: 12
        },
        {
          name: 'Hákarl',
          image: 'https://live.staticflickr.com/65535/52813498334_1e0fedb8fd_m.jpg',
          desc: 'A traditional Icelandic dish made from fermented shark meat',
          rating: 2,
          type: [ 'Icelandic', 'Seafood', 'Appetizer' ],
          ingredients: [ 'Fermented shark meat' ],
          popular: false,
          spicy: false,
          price: 18
        },
        {
          name: 'Escamoles',
          image: 'https://live.staticflickr.com/65535/52813498389_e3e693bcd6_m.jpg',
          desc: 'A Mexican dish made from ant larvae harvested from the roots of the agave plant',
          rating: 3.5,
          type: [ 'Mexican', 'Insect cuisine', 'Entree' ],
          ingredients: [
            'Ant larvae',
            'Butter',
            'Garlic',
            'Onion',
            'Cilantro',
            'Jalapeno peppers'
          ],
          popular: false,
          spicy: true,
          price: 16
        },
        {
          name: 'Tiramisu',
          image: 'https://live.staticflickr.com/65535/52813714725_6fd84a80b4_m.jpg',
          desc: 'A classic Italian dessert made with ladyfingers, espresso, mascarpone cheese, and cocoa powder.',
          rating: 4.5,
          type: [ 'Italian', 'Dessert' ],
          ingredients: [
            'Ladyfingers',
            'Espresso',
            'Mascarpone cheese',
            'Egg yolks',
            'Sugar',
            'Cocoa powder'
          ],
          popular: true,
          spicy: false,
          price: 8
        },
        {
          name: 'Baklava',
          image: 'https://live.staticflickr.com/65535/52813301711_1bbb49e820_m.jpg',
          desc: 'A sweet pastry made of layers of phyllo dough filled with chopped nuts and sweetened with syrup or honey.',
          rating: 4.2,
          type: [ 'Turkish', 'Greek', 'Dessert' ],
          ingredients: [
            'Phyllo dough',
            'Pistachios',
            'Walnuts',
            'Honey',
            'Sugar',
            'Butter'
          ],
          popular: true,
          spicy: false,
          price: 11
        },
        {
          name: 'Mochi Ice Cream',
          image: 'https://live.staticflickr.com/65535/52813714800_f9ec4a0d46_m.jpg',
          desc: 'A Japanese dessert that consists of small balls of ice cream wrapped in sweet rice dough.',
          rating: 4,
          type: [ 'Japanese', 'Dessert' ],
          ingredients: [
            'Ice cream',
            'Sweet rice dough',
            'Cornstarch',
            'Sugar',
            'Water',
            'Food coloring'
          ],
          popular: true,
          spicy: false,
          price: 8
        },
        {
          name: 'Durian Sticky Rice',
          image: 'https://live.staticflickr.com/65535/52813714825_1b8b57a405_m.jpg',
          desc: 'A Southeast Asian dessert made with glutinous rice cooked with coconut milk and served with fresh durian.',
          rating: 2.5,
          type: [ 'Thai', 'Southeast Asian', 'Dessert' ],
          ingredients: [ 'Glutinous rice', 'Coconut milk', 'Durian', 'Sugar' ],
          popular: false,
          spicy: false,
          price: 7
        },
        {
          name: 'Black Licorice Ice Cream',
          image: 'https://live.staticflickr.com/65535/52813757163_85000190c1_m.jpg',
          desc: 'An ice cream made with black licorice extract, creating a strong and unique flavor.',
          rating: 2,
          type: [ 'Dessert' ],
          ingredients: [ 'Milk', 'Cream', 'Sugar', 'Egg yolks', 'Black licorice extract' ],
          popular: false,
          spicy: false,
          price: 6
        },
        {
          name: 'Wasabi Chocolate',
          image: 'https://live.staticflickr.com/65535/52813498159_aff340438f_m.jpg',
          desc: 'A type of chocolate infused with wasabi, a spicy Japanese horseradish.',
          rating: 3,
          type: [ 'Japanese', 'Dessert' ],
          ingredients: [ 'Chocolate', 'Wasabi' ],
          popular: false,
          spicy: true,
          price: 4
        },
        {
          name: 'Fried Calamari',
          image: 'https://live.staticflickr.com/65535/52813498309_8ec4331f67_m.jpg',
          desc: 'Battered and fried squid served with a dipping sauce.',
          rating: 4,
          type: [ 'Seafood', 'Appetizer' ],
          ingredients: [ 'Squid', 'Flour', 'Egg', 'Breadcrumbs' ],
          popular: true,
          spicy: false,
          price: 12
        },
        {
          name: 'Bruschetta',
          image: 'https://live.staticflickr.com/65535/52813714860_003bae1245_m.jpg',
          desc: 'Toasted bread topped with diced tomatoes, basil, and olive oil.',
          rating: 3.5,
          type: [ 'Italian', 'Appetizer' ],
          ingredients: [ 'Bread', 'Tomatoes', 'Basil', 'Olive oil', 'Garlic' ],
          popular: true,
          spicy: false,
          price: 11
        },
        {
          name: 'Edamame',
          image: 'https://live.staticflickr.com/65535/52813301776_907dee9958_m.jpg',
          desc: 'Steamed soybean pods served with salt.',
          rating: 3,
          type: [ 'Japanese', 'Appetizer' ],
          ingredients: [ 'Edamame', 'Salt' ],
          popular: true,
          spicy: false,
          price: 7
        },
        {
          name: 'Vegan Lasagna',
          image: 'https://live.staticflickr.com/65535/52813301606_c81b4a7021_m.jpg',
          desc: 'A plant-based version of the classic Italian dish, made with layers of vegan cheese, vegetables, and tomato sauce.',
          rating: 4,
          type: [ 'Italian', 'Entree', 'Vegan' ],
          ingredients: [
            'Lasagna noodles',
            'Tomato sauce',
            'Vegan cheese',
            'Zucchini',
            'Spinach',
            'Mushrooms'
          ],
          popular: true,
          spicy: false,
          price: 14
        },
        {
          name: 'Vegan Pad Thai',
          image: 'https://live.staticflickr.com/65535/52813307911_a879a4df7b_w.jpg',
          desc: 'A Thai stir-fried noodle dish made with rice noodles, tofu, vegetables, and a sweet and savory sauce.',
          rating: 4.5,
          type: [ 'Thai', 'Entree', 'Vegan' ],
          ingredients: [
            'Rice noodles',
            'Tofu',
            'Bean sprouts',
            'Carrots',
            'Green onions',
            'Peanuts'
          ],
          popular: true,
          spicy: true,
          price: 15
        },
        {
          name: 'Vegan Black Bean Burger',
          image: 'https://live.staticflickr.com/65535/52813504194_bde784209b_w.jpg',
          desc: 'A burger patty made with black beans, vegetables, and spices, served on a bun with avocado and salsa.',
          rating: 4,
          type: [ 'American', 'Entree', 'Vegan' ],
          ingredients: [
            'Black beans',
            'Breadcrumbs',
            'Onion',
            'Garlic',
            'Cumin',
            'Avocado',
            'Salsa'
          ],
          popular: true,
          spicy: true,
          price: 14
        },
        {
          name: 'Türlü',
          image: 'https://live.staticflickr.com/65535/52813763428_c3baa5f2f4_w.jpg',
          desc: 'A vegan Turkish dish made with a variety of vegetables cooked in tomato sauce.',
          rating: 3.5,
          type: [ 'Turkish', 'Entree', 'Vegan', 'Mediterranean' ],
          ingredients: [
            'Eggplants',
            'Zucchini',
            'Onions',
            'Potatoes',
            'Tomato sauce',
            'Rice'
          ],
          popular: false,
          spicy: false,
          price: 15
        },
        {
          name: 'Börek',
          image: 'https://live.staticflickr.com/65535/52813308106_850ce2ec7c_n.jpg',
          desc: 'A pastry made with phyllo dough filled with vegetables, cheese, or meat.',
          rating: 3,
          type: [ 'Turkish', 'Appetizer', 'Mediterranean' ],
          ingredients: [ 'Phyllo dough', 'Spinach', 'Feta cheese', 'Onion' ],
          popular: false,
          spicy: false,
          price: 12
        },
        {
          name: 'Shakshuka',
          image: 'https://live.staticflickr.com/65535/52813307956_8ce7884c9a_w.jpg',
          desc: 'A dish of poached eggs in tomato sauce.',
          rating: 4,
          type: [ 'Israeli', 'Entree', 'Breakfast', 'Mediterranean' ],
          ingredients: [ 'Eggs', 'Tomatoes', 'Onion', 'Garlic', 'Paprika', 'Cumin' ],
          popular: false,
          spicy: true,
          price: 15
        },
        {
          name: 'Paella',
          image: 'https://live.staticflickr.com/65535/52812751572_5b24be61d9_w.jpg',
          desc: 'A traditional Spanish dish made with saffron rice, seafood, chicken, and vegetables.',
          rating: 4.5,
          type: [ 'Spanish', 'Entree', 'Seafood' ],
          ingredients: [
            'Rice',
            'Seafood',
            'Chicken',
            'Tomatoes',
            'Bell peppers',
            'Saffron'
          ],
          popular: true,
          spicy: false,
          price: 23
        },
        {
          name: 'Tortilla Española',
          image: 'https://live.staticflickr.com/65535/52813307926_3ce097773a_w.jpg',
          desc: 'A Spanish omelette made with potatoes and onions.',
          rating: 4,
          type: [ 'Spanish', 'Entree' ],
          ingredients: [ 'Potatoes', 'Onions', 'Eggs', 'Olive oil', 'Salt' ],
          popular: true,
          spicy: false,
          price: 12
        },
        {
          name: 'Gazpacho',
          image: 'https://live.staticflickr.com/65535/52813721300_a6b63d62b2_w.jpg',
          desc: 'A cold soup made with tomatoes, cucumber, peppers, and bread.',
          rating: 3.5,
          type: [ 'Spanish', 'Appetizer', 'Soup' ],
          ingredients: [
            'Tomatoes',
            'Cucumber',
            'Bell peppers',
            'Garlic',
            'Bread',
            'Olive oil'
          ],
          popular: true,
          spicy: false,
          price: 7
        },
        {
          name: 'Boxty',
          image: 'https://live.staticflickr.com/65535/52813721375_b98c5b904c_w.jpg',
          desc: 'A potato pancake made with grated raw potato and mashed potato.',
          rating: 4,
          type: [ 'Irish', 'Appetizer' ],
          ingredients: [ 'Potatoes', 'Butter', 'Flour', 'Milk', 'Eggs', 'Salt' ],
          popular: true,
          spicy: false,
          price: 11
        },
        {
          name: 'Irish Smoked Salmon',
          image: 'https://live.staticflickr.com/65535/52813504309_2bbcd3dc76_w.jpg',
          desc: 'A popular appetizer that is often served on brown bread with cream cheese.',
          rating: 4.5,
          type: [ 'Irish', 'Appetizer', 'Seafood' ],
          ingredients: [ 'Salmon', 'Salt', 'Wood chips' ],
          popular: true,
          spicy: false,
          price: 16
        },
        {
          name: 'Colcannon Puffs',
          image: 'https://live.staticflickr.com/65535/52813308066_b69dbcfb10_w.jpg',
          desc: 'Bite-sized balls made from mashed potatoes, kale or cabbage, and bacon.',
          rating: 3.5,
          type: [ 'Irish', 'Appetizer' ],
          ingredients: [ 'Potatoes', 'Kale or Cabbage', 'Bacon', 'Onion', 'Egg', 'Flour' ],
          popular: true,
          spicy: false,
          price: 14
        },
        {
          name: 'Tacos al Pastor',
          image: 'https://live.staticflickr.com/65535/52813721200_ddde309874_w.jpg',
          desc: 'Marinated pork cooked on a spit and served on small tortillas with onions, pineapple, and cilantro.',
          rating: 4.7,
          type: [ 'Mexican', 'Entree' ],
          ingredients: [
            'Pork shoulder',
            'Achiote paste',
            'Pineapple juice',
            'Garlic',
            'Onion',
            'Pineapple',
            'Cilantro',
            'Tortillas'
          ],
          popular: true,
          spicy: true,
          price: 15
        },
        {
          name: 'Koshari',
          image: 'https://live.staticflickr.com/65535/52813504299_c7d0172d9d_w.jpg',
          desc: 'A mix of rice, lentils, chickpeas, macaroni, and spicy tomato sauce, topped with caramelized onions and garlic.',
          rating: 4,
          type: [ 'Egyptian', 'Entree' ],
          ingredients: [
            'Rice',
            'Lentils',
            'Chickpeas',
            'Macaroni',
            'Tomato sauce',
            'Cumin',
            'Garlic',
            'Onion'
          ],
          popular: true,
          spicy: true,
          price: 13
        },
        {
          name: 'Flan',
          image: 'https://live.staticflickr.com/65535/52813504354_d7b47462ac_w.jpg',
          desc: 'A creamy, caramel-topped dessert that is similar to a custard.',
          rating: 4.5,
          type: [ 'Puerto Rican', 'Dessert' ],
          ingredients: [
            'Milk',
            'Eggs',
            'Sugar',
            'Vanilla extract',
            'Lemon zest',
            'Caramel sauce'
          ],
          popular: true,
          spicy: false,
          price: 6
        }
      ]

      at setListHelper (src/components/SearchBar.tsx:82:21)

    console.log
      [
        {
          name: 'Pepperoni Pizza',
          image: 'https://media.istockphoto.com/id/938742222/photo/cheesy-pepperoni-pizza.jpg?s=170667a&w=0&k=20&c=iNZpvQkg4H-Xe77n8ZP782eOIgvoM71EqS7n6Ra3NyE=',
          desc: 'A delicious pizza topped with cheese and pepperoni',
          rating: 4,
          type: [ 'Italian', 'Fast Food', 'Entree' ],
          ingredients: [ 'Dough', 'Tomato Sauce', 'Cheese', 'Pepperoni' ],
          popular: true,
          spicy: false,
          price: 10
        },
        {
          name: 'Cheeseburger',
          image: 'https://live.staticflickr.com/65535/52812357442_e349d9cd4d_m.jpg',
          desc: 'A juicy burger with lettuce, tomato, and cheese',
          rating: 4.1,
          type: [ 'American', 'Fast Food', 'Entree' ],
          ingredients: [ 'Beef Patty', 'Bun', 'Lettuce', 'Tomato', 'Cheese' ],
          popular: true,
          spicy: false,
          price: 15
        },
        {
          name: 'Spicy Salmon Avocado Sushi',
          image: 'https://live.staticflickr.com/65535/52813111589_628772aec7_m.jpg',
          desc: 'Fresh sushi rolls with spicy salmon and avocado',
          rating: 4.6,
          type: [ 'Japanese', 'Seafood', 'Entree' ],
          ingredients: [ 'Rice', 'Spicy Salmon', 'Avocado', 'Nori' ],
          popular: true,
          spicy: true,
          price: 4
        },
        {
          name: 'House Salad',
          image: 'https://live.staticflickr.com/65535/52812357357_9edd9baa22_m.jpg',
          desc: 'Refreshing mixed greens salad with cucumber, grape tomatoes, and italian dressing',
          rating: 3.4,
          type: [ 'Salad', 'Appetizer' ],
          ingredients: [
            'Mixed greens',
            'Cucumber',
            'Grape Tomatoes',
            'Italian Dressing'
          ],
          popular: true,
          spicy: false,
          price: 3
        },
        {
          name: 'Hawaiian Pizza',
          image: 'https://live.staticflickr.com/65535/52813111624_c66677c7f4_m.jpg',
          desc: 'A pizza topped with pineapple and ham',
          rating: 2.6,
          type: [ 'Italian', 'Fast Food', 'Entree' ],
          ingredients: [ 'Dough', 'Tomato Sauce', 'Cheese', 'Pineapple', 'Ham' ],
          popular: false,
          spicy: false,
          price: 12
        },
        {
          name: 'Hákarl',
          image: 'https://live.staticflickr.com/65535/52813498334_1e0fedb8fd_m.jpg',
          desc: 'A traditional Icelandic dish made from fermented shark meat',
          rating: 2,
          type: [ 'Icelandic', 'Seafood', 'Appetizer' ],
          ingredients: [ 'Fermented shark meat' ],
          popular: false,
          spicy: false,
          price: 18
        },
        {
          name: 'Escamoles',
          image: 'https://live.staticflickr.com/65535/52813498389_e3e693bcd6_m.jpg',
          desc: 'A Mexican dish made from ant larvae harvested from the roots of the agave plant',
          rating: 3.5,
          type: [ 'Mexican', 'Insect cuisine', 'Entree' ],
          ingredients: [
            'Ant larvae',
            'Butter',
            'Garlic',
            'Onion',
            'Cilantro',
            'Jalapeno peppers'
          ],
          popular: false,
          spicy: true,
          price: 16
        },
        {
          name: 'Tiramisu',
          image: 'https://live.staticflickr.com/65535/52813714725_6fd84a80b4_m.jpg',
          desc: 'A classic Italian dessert made with ladyfingers, espresso, mascarpone cheese, and cocoa powder.',
          rating: 4.5,
          type: [ 'Italian', 'Dessert' ],
          ingredients: [
            'Ladyfingers',
            'Espresso',
            'Mascarpone cheese',
            'Egg yolks',
            'Sugar',
            'Cocoa powder'
          ],
          popular: true,
          spicy: false,
          price: 8
        },
        {
          name: 'Baklava',
          image: 'https://live.staticflickr.com/65535/52813301711_1bbb49e820_m.jpg',
          desc: 'A sweet pastry made of layers of phyllo dough filled with chopped nuts and sweetened with syrup or honey.',
          rating: 4.2,
          type: [ 'Turkish', 'Greek', 'Dessert' ],
          ingredients: [
            'Phyllo dough',
            'Pistachios',
            'Walnuts',
            'Honey',
            'Sugar',
            'Butter'
          ],
          popular: true,
          spicy: false,
          price: 11
        },
        {
          name: 'Mochi Ice Cream',
          image: 'https://live.staticflickr.com/65535/52813714800_f9ec4a0d46_m.jpg',
          desc: 'A Japanese dessert that consists of small balls of ice cream wrapped in sweet rice dough.',
          rating: 4,
          type: [ 'Japanese', 'Dessert' ],
          ingredients: [
            'Ice cream',
            'Sweet rice dough',
            'Cornstarch',
            'Sugar',
            'Water',
            'Food coloring'
          ],
          popular: true,
          spicy: false,
          price: 8
        },
        {
          name: 'Durian Sticky Rice',
          image: 'https://live.staticflickr.com/65535/52813714825_1b8b57a405_m.jpg',
          desc: 'A Southeast Asian dessert made with glutinous rice cooked with coconut milk and served with fresh durian.',
          rating: 2.5,
          type: [ 'Thai', 'Southeast Asian', 'Dessert' ],
          ingredients: [ 'Glutinous rice', 'Coconut milk', 'Durian', 'Sugar' ],
          popular: false,
          spicy: false,
          price: 7
        },
        {
          name: 'Black Licorice Ice Cream',
          image: 'https://live.staticflickr.com/65535/52813757163_85000190c1_m.jpg',
          desc: 'An ice cream made with black licorice extract, creating a strong and unique flavor.',
          rating: 2,
          type: [ 'Dessert' ],
          ingredients: [ 'Milk', 'Cream', 'Sugar', 'Egg yolks', 'Black licorice extract' ],
          popular: false,
          spicy: false,
          price: 6
        },
        {
          name: 'Wasabi Chocolate',
          image: 'https://live.staticflickr.com/65535/52813498159_aff340438f_m.jpg',
          desc: 'A type of chocolate infused with wasabi, a spicy Japanese horseradish.',
          rating: 3,
          type: [ 'Japanese', 'Dessert' ],
          ingredients: [ 'Chocolate', 'Wasabi' ],
          popular: false,
          spicy: true,
          price: 4
        },
        {
          name: 'Fried Calamari',
          image: 'https://live.staticflickr.com/65535/52813498309_8ec4331f67_m.jpg',
          desc: 'Battered and fried squid served with a dipping sauce.',
          rating: 4,
          type: [ 'Seafood', 'Appetizer' ],
          ingredients: [ 'Squid', 'Flour', 'Egg', 'Breadcrumbs' ],
          popular: true,
          spicy: false,
          price: 12
        },
        {
          name: 'Bruschetta',
          image: 'https://live.staticflickr.com/65535/52813714860_003bae1245_m.jpg',
          desc: 'Toasted bread topped with diced tomatoes, basil, and olive oil.',
          rating: 3.5,
          type: [ 'Italian', 'Appetizer' ],
          ingredients: [ 'Bread', 'Tomatoes', 'Basil', 'Olive oil', 'Garlic' ],
          popular: true,
          spicy: false,
          price: 11
        },
        {
          name: 'Edamame',
          image: 'https://live.staticflickr.com/65535/52813301776_907dee9958_m.jpg',
          desc: 'Steamed soybean pods served with salt.',
          rating: 3,
          type: [ 'Japanese', 'Appetizer' ],
          ingredients: [ 'Edamame', 'Salt' ],
          popular: true,
          spicy: false,
          price: 7
        },
        {
          name: 'Vegan Lasagna',
          image: 'https://live.staticflickr.com/65535/52813301606_c81b4a7021_m.jpg',
          desc: 'A plant-based version of the classic Italian dish, made with layers of vegan cheese, vegetables, and tomato sauce.',
          rating: 4,
          type: [ 'Italian', 'Entree', 'Vegan' ],
          ingredients: [
            'Lasagna noodles',
            'Tomato sauce',
            'Vegan cheese',
            'Zucchini',
            'Spinach',
            'Mushrooms'
          ],
          popular: true,
          spicy: false,
          price: 14
        },
        {
          name: 'Vegan Pad Thai',
          image: 'https://live.staticflickr.com/65535/52813307911_a879a4df7b_w.jpg',
          desc: 'A Thai stir-fried noodle dish made with rice noodles, tofu, vegetables, and a sweet and savory sauce.',
          rating: 4.5,
          type: [ 'Thai', 'Entree', 'Vegan' ],
          ingredients: [
            'Rice noodles',
            'Tofu',
            'Bean sprouts',
            'Carrots',
            'Green onions',
            'Peanuts'
          ],
          popular: true,
          spicy: true,
          price: 15
        },
        {
          name: 'Vegan Black Bean Burger',
          image: 'https://live.staticflickr.com/65535/52813504194_bde784209b_w.jpg',
          desc: 'A burger patty made with black beans, vegetables, and spices, served on a bun with avocado and salsa.',
          rating: 4,
          type: [ 'American', 'Entree', 'Vegan' ],
          ingredients: [
            'Black beans',
            'Breadcrumbs',
            'Onion',
            'Garlic',
            'Cumin',
            'Avocado',
            'Salsa'
          ],
          popular: true,
          spicy: true,
          price: 14
        },
        {
          name: 'Türlü',
          image: 'https://live.staticflickr.com/65535/52813763428_c3baa5f2f4_w.jpg',
          desc: 'A vegan Turkish dish made with a variety of vegetables cooked in tomato sauce.',
          rating: 3.5,
          type: [ 'Turkish', 'Entree', 'Vegan', 'Mediterranean' ],
          ingredients: [
            'Eggplants',
            'Zucchini',
            'Onions',
            'Potatoes',
            'Tomato sauce',
            'Rice'
          ],
          popular: false,
          spicy: false,
          price: 15
        },
        {
          name: 'Börek',
          image: 'https://live.staticflickr.com/65535/52813308106_850ce2ec7c_n.jpg',
          desc: 'A pastry made with phyllo dough filled with vegetables, cheese, or meat.',
          rating: 3,
          type: [ 'Turkish', 'Appetizer', 'Mediterranean' ],
          ingredients: [ 'Phyllo dough', 'Spinach', 'Feta cheese', 'Onion' ],
          popular: false,
          spicy: false,
          price: 12
        },
        {
          name: 'Shakshuka',
          image: 'https://live.staticflickr.com/65535/52813307956_8ce7884c9a_w.jpg',
          desc: 'A dish of poached eggs in tomato sauce.',
          rating: 4,
          type: [ 'Israeli', 'Entree', 'Breakfast', 'Mediterranean' ],
          ingredients: [ 'Eggs', 'Tomatoes', 'Onion', 'Garlic', 'Paprika', 'Cumin' ],
          popular: false,
          spicy: true,
          price: 15
        },
        {
          name: 'Paella',
          image: 'https://live.staticflickr.com/65535/52812751572_5b24be61d9_w.jpg',
          desc: 'A traditional Spanish dish made with saffron rice, seafood, chicken, and vegetables.',
          rating: 4.5,
          type: [ 'Spanish', 'Entree', 'Seafood' ],
          ingredients: [
            'Rice',
            'Seafood',
            'Chicken',
            'Tomatoes',
            'Bell peppers',
            'Saffron'
          ],
          popular: true,
          spicy: false,
          price: 23
        },
        {
          name: 'Tortilla Española',
          image: 'https://live.staticflickr.com/65535/52813307926_3ce097773a_w.jpg',
          desc: 'A Spanish omelette made with potatoes and onions.',
          rating: 4,
          type: [ 'Spanish', 'Entree' ],
          ingredients: [ 'Potatoes', 'Onions', 'Eggs', 'Olive oil', 'Salt' ],
          popular: true,
          spicy: false,
          price: 12
        },
        {
          name: 'Gazpacho',
          image: 'https://live.staticflickr.com/65535/52813721300_a6b63d62b2_w.jpg',
          desc: 'A cold soup made with tomatoes, cucumber, peppers, and bread.',
          rating: 3.5,
          type: [ 'Spanish', 'Appetizer', 'Soup' ],
          ingredients: [
            'Tomatoes',
            'Cucumber',
            'Bell peppers',
            'Garlic',
            'Bread',
            'Olive oil'
          ],
          popular: true,
          spicy: false,
          price: 7
        },
        {
          name: 'Boxty',
          image: 'https://live.staticflickr.com/65535/52813721375_b98c5b904c_w.jpg',
          desc: 'A potato pancake made with grated raw potato and mashed potato.',
          rating: 4,
          type: [ 'Irish', 'Appetizer' ],
          ingredients: [ 'Potatoes', 'Butter', 'Flour', 'Milk', 'Eggs', 'Salt' ],
          popular: true,
          spicy: false,
          price: 11
        },
        {
          name: 'Irish Smoked Salmon',
          image: 'https://live.staticflickr.com/65535/52813504309_2bbcd3dc76_w.jpg',
          desc: 'A popular appetizer that is often served on brown bread with cream cheese.',
          rating: 4.5,
          type: [ 'Irish', 'Appetizer', 'Seafood' ],
          ingredients: [ 'Salmon', 'Salt', 'Wood chips' ],
          popular: true,
          spicy: false,
          price: 16
        },
        {
          name: 'Colcannon Puffs',
          image: 'https://live.staticflickr.com/65535/52813308066_b69dbcfb10_w.jpg',
          desc: 'Bite-sized balls made from mashed potatoes, kale or cabbage, and bacon.',
          rating: 3.5,
          type: [ 'Irish', 'Appetizer' ],
          ingredients: [ 'Potatoes', 'Kale or Cabbage', 'Bacon', 'Onion', 'Egg', 'Flour' ],
          popular: true,
          spicy: false,
          price: 14
        },
        {
          name: 'Tacos al Pastor',
          image: 'https://live.staticflickr.com/65535/52813721200_ddde309874_w.jpg',
          desc: 'Marinated pork cooked on a spit and served on small tortillas with onions, pineapple, and cilantro.',
          rating: 4.7,
          type: [ 'Mexican', 'Entree' ],
          ingredients: [
            'Pork shoulder',
            'Achiote paste',
            'Pineapple juice',
            'Garlic',
            'Onion',
            'Pineapple',
            'Cilantro',
            'Tortillas'
          ],
          popular: true,
          spicy: true,
          price: 15
        },
        {
          name: 'Koshari',
          image: 'https://live.staticflickr.com/65535/52813504299_c7d0172d9d_w.jpg',
          desc: 'A mix of rice, lentils, chickpeas, macaroni, and spicy tomato sauce, topped with caramelized onions and garlic.',
          rating: 4,
          type: [ 'Egyptian', 'Entree' ],
          ingredients: [
            'Rice',
            'Lentils',
            'Chickpeas',
            'Macaroni',
            'Tomato sauce',
            'Cumin',
            'Garlic',
            'Onion'
          ],
          popular: true,
          spicy: true,
          price: 13
        },
        {
          name: 'Flan',
          image: 'https://live.staticflickr.com/65535/52813504354_d7b47462ac_w.jpg',
          desc: 'A creamy, caramel-topped dessert that is similar to a custard.',
          rating: 4.5,
          type: [ 'Puerto Rican', 'Dessert' ],
          ingredients: [
            'Milk',
            'Eggs',
            'Sugar',
            'Vanilla extract',
            'Lemon zest',
            'Caramel sauce'
          ],
          popular: true,
          spicy: false,
          price: 6
        }
      ]

      at setListHelper (src/components/SearchBar.tsx:82:21)

    console.log
      [
        {
          name: 'Pepperoni Pizza',
          image: 'https://media.istockphoto.com/id/938742222/photo/cheesy-pepperoni-pizza.jpg?s=170667a&w=0&k=20&c=iNZpvQkg4H-Xe77n8ZP782eOIgvoM71EqS7n6Ra3NyE=',
          desc: 'A delicious pizza topped with cheese and pepperoni',
          rating: 4,
          type: [ 'Italian', 'Fast Food', 'Entree' ],
          ingredients: [ 'Dough', 'Tomato Sauce', 'Cheese', 'Pepperoni' ],
          popular: true,
          spicy: false,
          price: 10
        },
        {
          name: 'Cheeseburger',
          image: 'https://live.staticflickr.com/65535/52812357442_e349d9cd4d_m.jpg',
          desc: 'A juicy burger with lettuce, tomato, and cheese',
          rating: 4.1,
          type: [ 'American', 'Fast Food', 'Entree' ],
          ingredients: [ 'Beef Patty', 'Bun', 'Lettuce', 'Tomato', 'Cheese' ],
          popular: true,
          spicy: false,
          price: 15
        },
        {
          name: 'Spicy Salmon Avocado Sushi',
          image: 'https://live.staticflickr.com/65535/52813111589_628772aec7_m.jpg',
          desc: 'Fresh sushi rolls with spicy salmon and avocado',
          rating: 4.6,
          type: [ 'Japanese', 'Seafood', 'Entree' ],
          ingredients: [ 'Rice', 'Spicy Salmon', 'Avocado', 'Nori' ],
          popular: true,
          spicy: true,
          price: 4
        },
        {
          name: 'House Salad',
          image: 'https://live.staticflickr.com/65535/52812357357_9edd9baa22_m.jpg',
          desc: 'Refreshing mixed greens salad with cucumber, grape tomatoes, and italian dressing',
          rating: 3.4,
          type: [ 'Salad', 'Appetizer' ],
          ingredients: [
            'Mixed greens',
            'Cucumber',
            'Grape Tomatoes',
            'Italian Dressing'
          ],
          popular: true,
          spicy: false,
          price: 3
        },
        {
          name: 'Hawaiian Pizza',
          image: 'https://live.staticflickr.com/65535/52813111624_c66677c7f4_m.jpg',
          desc: 'A pizza topped with pineapple and ham',
          rating: 2.6,
          type: [ 'Italian', 'Fast Food', 'Entree' ],
          ingredients: [ 'Dough', 'Tomato Sauce', 'Cheese', 'Pineapple', 'Ham' ],
          popular: false,
          spicy: false,
          price: 12
        },
        {
          name: 'Hákarl',
          image: 'https://live.staticflickr.com/65535/52813498334_1e0fedb8fd_m.jpg',
          desc: 'A traditional Icelandic dish made from fermented shark meat',
          rating: 2,
          type: [ 'Icelandic', 'Seafood', 'Appetizer' ],
          ingredients: [ 'Fermented shark meat' ],
          popular: false,
          spicy: false,
          price: 18
        },
        {
          name: 'Escamoles',
          image: 'https://live.staticflickr.com/65535/52813498389_e3e693bcd6_m.jpg',
          desc: 'A Mexican dish made from ant larvae harvested from the roots of the agave plant',
          rating: 3.5,
          type: [ 'Mexican', 'Insect cuisine', 'Entree' ],
          ingredients: [
            'Ant larvae',
            'Butter',
            'Garlic',
            'Onion',
            'Cilantro',
            'Jalapeno peppers'
          ],
          popular: false,
          spicy: true,
          price: 16
        },
        {
          name: 'Tiramisu',
          image: 'https://live.staticflickr.com/65535/52813714725_6fd84a80b4_m.jpg',
          desc: 'A classic Italian dessert made with ladyfingers, espresso, mascarpone cheese, and cocoa powder.',
          rating: 4.5,
          type: [ 'Italian', 'Dessert' ],
          ingredients: [
            'Ladyfingers',
            'Espresso',
            'Mascarpone cheese',
            'Egg yolks',
            'Sugar',
            'Cocoa powder'
          ],
          popular: true,
          spicy: false,
          price: 8
        },
        {
          name: 'Baklava',
          image: 'https://live.staticflickr.com/65535/52813301711_1bbb49e820_m.jpg',
          desc: 'A sweet pastry made of layers of phyllo dough filled with chopped nuts and sweetened with syrup or honey.',
          rating: 4.2,
          type: [ 'Turkish', 'Greek', 'Dessert' ],
          ingredients: [
            'Phyllo dough',
            'Pistachios',
            'Walnuts',
            'Honey',
            'Sugar',
            'Butter'
          ],
          popular: true,
          spicy: false,
          price: 11
        },
        {
          name: 'Mochi Ice Cream',
          image: 'https://live.staticflickr.com/65535/52813714800_f9ec4a0d46_m.jpg',
          desc: 'A Japanese dessert that consists of small balls of ice cream wrapped in sweet rice dough.',
          rating: 4,
          type: [ 'Japanese', 'Dessert' ],
          ingredients: [
            'Ice cream',
            'Sweet rice dough',
            'Cornstarch',
            'Sugar',
            'Water',
            'Food coloring'
          ],
          popular: true,
          spicy: false,
          price: 8
        },
        {
          name: 'Durian Sticky Rice',
          image: 'https://live.staticflickr.com/65535/52813714825_1b8b57a405_m.jpg',
          desc: 'A Southeast Asian dessert made with glutinous rice cooked with coconut milk and served with fresh durian.',
          rating: 2.5,
          type: [ 'Thai', 'Southeast Asian', 'Dessert' ],
          ingredients: [ 'Glutinous rice', 'Coconut milk', 'Durian', 'Sugar' ],
          popular: false,
          spicy: false,
          price: 7
        },
        {
          name: 'Black Licorice Ice Cream',
          image: 'https://live.staticflickr.com/65535/52813757163_85000190c1_m.jpg',
          desc: 'An ice cream made with black licorice extract, creating a strong and unique flavor.',
          rating: 2,
          type: [ 'Dessert' ],
          ingredients: [ 'Milk', 'Cream', 'Sugar', 'Egg yolks', 'Black licorice extract' ],
          popular: false,
          spicy: false,
          price: 6
        },
        {
          name: 'Wasabi Chocolate',
          image: 'https://live.staticflickr.com/65535/52813498159_aff340438f_m.jpg',
          desc: 'A type of chocolate infused with wasabi, a spicy Japanese horseradish.',
          rating: 3,
          type: [ 'Japanese', 'Dessert' ],
          ingredients: [ 'Chocolate', 'Wasabi' ],
          popular: false,
          spicy: true,
          price: 4
        },
        {
          name: 'Fried Calamari',
          image: 'https://live.staticflickr.com/65535/52813498309_8ec4331f67_m.jpg',
          desc: 'Battered and fried squid served with a dipping sauce.',
          rating: 4,
          type: [ 'Seafood', 'Appetizer' ],
          ingredients: [ 'Squid', 'Flour', 'Egg', 'Breadcrumbs' ],
          popular: true,
          spicy: false,
          price: 12
        },
        {
          name: 'Bruschetta',
          image: 'https://live.staticflickr.com/65535/52813714860_003bae1245_m.jpg',
          desc: 'Toasted bread topped with diced tomatoes, basil, and olive oil.',
          rating: 3.5,
          type: [ 'Italian', 'Appetizer' ],
          ingredients: [ 'Bread', 'Tomatoes', 'Basil', 'Olive oil', 'Garlic' ],
          popular: true,
          spicy: false,
          price: 11
        },
        {
          name: 'Edamame',
          image: 'https://live.staticflickr.com/65535/52813301776_907dee9958_m.jpg',
          desc: 'Steamed soybean pods served with salt.',
          rating: 3,
          type: [ 'Japanese', 'Appetizer' ],
          ingredients: [ 'Edamame', 'Salt' ],
          popular: true,
          spicy: false,
          price: 7
        },
        {
          name: 'Vegan Lasagna',
          image: 'https://live.staticflickr.com/65535/52813301606_c81b4a7021_m.jpg',
          desc: 'A plant-based version of the classic Italian dish, made with layers of vegan cheese, vegetables, and tomato sauce.',
          rating: 4,
          type: [ 'Italian', 'Entree', 'Vegan' ],
          ingredients: [
            'Lasagna noodles',
            'Tomato sauce',
            'Vegan cheese',
            'Zucchini',
            'Spinach',
            'Mushrooms'
          ],
          popular: true,
          spicy: false,
          price: 14
        },
        {
          name: 'Vegan Pad Thai',
          image: 'https://live.staticflickr.com/65535/52813307911_a879a4df7b_w.jpg',
          desc: 'A Thai stir-fried noodle dish made with rice noodles, tofu, vegetables, and a sweet and savory sauce.',
          rating: 4.5,
          type: [ 'Thai', 'Entree', 'Vegan' ],
          ingredients: [
            'Rice noodles',
            'Tofu',
            'Bean sprouts',
            'Carrots',
            'Green onions',
            'Peanuts'
          ],
          popular: true,
          spicy: true,
          price: 15
        },
        {
          name: 'Vegan Black Bean Burger',
          image: 'https://live.staticflickr.com/65535/52813504194_bde784209b_w.jpg',
          desc: 'A burger patty made with black beans, vegetables, and spices, served on a bun with avocado and salsa.',
          rating: 4,
          type: [ 'American', 'Entree', 'Vegan' ],
          ingredients: [
            'Black beans',
            'Breadcrumbs',
            'Onion',
            'Garlic',
            'Cumin',
            'Avocado',
            'Salsa'
          ],
          popular: true,
          spicy: true,
          price: 14
        },
        {
          name: 'Türlü',
          image: 'https://live.staticflickr.com/65535/52813763428_c3baa5f2f4_w.jpg',
          desc: 'A vegan Turkish dish made with a variety of vegetables cooked in tomato sauce.',
          rating: 3.5,
          type: [ 'Turkish', 'Entree', 'Vegan', 'Mediterranean' ],
          ingredients: [
            'Eggplants',
            'Zucchini',
            'Onions',
            'Potatoes',
            'Tomato sauce',
            'Rice'
          ],
          popular: false,
          spicy: false,
          price: 15
        },
        {
          name: 'Börek',
          image: 'https://live.staticflickr.com/65535/52813308106_850ce2ec7c_n.jpg',
          desc: 'A pastry made with phyllo dough filled with vegetables, cheese, or meat.',
          rating: 3,
          type: [ 'Turkish', 'Appetizer', 'Mediterranean' ],
          ingredients: [ 'Phyllo dough', 'Spinach', 'Feta cheese', 'Onion' ],
          popular: false,
          spicy: false,
          price: 12
        },
        {
          name: 'Shakshuka',
          image: 'https://live.staticflickr.com/65535/52813307956_8ce7884c9a_w.jpg',
          desc: 'A dish of poached eggs in tomato sauce.',
          rating: 4,
          type: [ 'Israeli', 'Entree', 'Breakfast', 'Mediterranean' ],
          ingredients: [ 'Eggs', 'Tomatoes', 'Onion', 'Garlic', 'Paprika', 'Cumin' ],
          popular: false,
          spicy: true,
          price: 15
        },
        {
          name: 'Paella',
          image: 'https://live.staticflickr.com/65535/52812751572_5b24be61d9_w.jpg',
          desc: 'A traditional Spanish dish made with saffron rice, seafood, chicken, and vegetables.',
          rating: 4.5,
          type: [ 'Spanish', 'Entree', 'Seafood' ],
          ingredients: [
            'Rice',
            'Seafood',
            'Chicken',
            'Tomatoes',
            'Bell peppers',
            'Saffron'
          ],
          popular: true,
          spicy: false,
          price: 23
        },
        {
          name: 'Tortilla Española',
          image: 'https://live.staticflickr.com/65535/52813307926_3ce097773a_w.jpg',
          desc: 'A Spanish omelette made with potatoes and onions.',
          rating: 4,
          type: [ 'Spanish', 'Entree' ],
          ingredients: [ 'Potatoes', 'Onions', 'Eggs', 'Olive oil', 'Salt' ],
          popular: true,
          spicy: false,
          price: 12
        },
        {
          name: 'Gazpacho',
          image: 'https://live.staticflickr.com/65535/52813721300_a6b63d62b2_w.jpg',
          desc: 'A cold soup made with tomatoes, cucumber, peppers, and bread.',
          rating: 3.5,
          type: [ 'Spanish', 'Appetizer', 'Soup' ],
          ingredients: [
            'Tomatoes',
            'Cucumber',
            'Bell peppers',
            'Garlic',
            'Bread',
            'Olive oil'
          ],
          popular: true,
          spicy: false,
          price: 7
        },
        {
          name: 'Boxty',
          image: 'https://live.staticflickr.com/65535/52813721375_b98c5b904c_w.jpg',
          desc: 'A potato pancake made with grated raw potato and mashed potato.',
          rating: 4,
          type: [ 'Irish', 'Appetizer' ],
          ingredients: [ 'Potatoes', 'Butter', 'Flour', 'Milk', 'Eggs', 'Salt' ],
          popular: true,
          spicy: false,
          price: 11
        },
        {
          name: 'Irish Smoked Salmon',
          image: 'https://live.staticflickr.com/65535/52813504309_2bbcd3dc76_w.jpg',
          desc: 'A popular appetizer that is often served on brown bread with cream cheese.',
          rating: 4.5,
          type: [ 'Irish', 'Appetizer', 'Seafood' ],
          ingredients: [ 'Salmon', 'Salt', 'Wood chips' ],
          popular: true,
          spicy: false,
          price: 16
        },
        {
          name: 'Colcannon Puffs',
          image: 'https://live.staticflickr.com/65535/52813308066_b69dbcfb10_w.jpg',
          desc: 'Bite-sized balls made from mashed potatoes, kale or cabbage, and bacon.',
          rating: 3.5,
          type: [ 'Irish', 'Appetizer' ],
          ingredients: [ 'Potatoes', 'Kale or Cabbage', 'Bacon', 'Onion', 'Egg', 'Flour' ],
          popular: true,
          spicy: false,
          price: 14
        },
        {
          name: 'Tacos al Pastor',
          image: 'https://live.staticflickr.com/65535/52813721200_ddde309874_w.jpg',
          desc: 'Marinated pork cooked on a spit and served on small tortillas with onions, pineapple, and cilantro.',
          rating: 4.7,
          type: [ 'Mexican', 'Entree' ],
          ingredients: [
            'Pork shoulder',
            'Achiote paste',
            'Pineapple juice',
            'Garlic',
            'Onion',
            'Pineapple',
            'Cilantro',
            'Tortillas'
          ],
          popular: true,
          spicy: true,
          price: 15
        },
        {
          name: 'Koshari',
          image: 'https://live.staticflickr.com/65535/52813504299_c7d0172d9d_w.jpg',
          desc: 'A mix of rice, lentils, chickpeas, macaroni, and spicy tomato sauce, topped with caramelized onions and garlic.',
          rating: 4,
          type: [ 'Egyptian', 'Entree' ],
          ingredients: [
            'Rice',
            'Lentils',
            'Chickpeas',
            'Macaroni',
            'Tomato sauce',
            'Cumin',
            'Garlic',
            'Onion'
          ],
          popular: true,
          spicy: true,
          price: 13
        },
        {
          name: 'Flan',
          image: 'https://live.staticflickr.com/65535/52813504354_d7b47462ac_w.jpg',
          desc: 'A creamy, caramel-topped dessert that is similar to a custard.',
          rating: 4.5,
          type: [ 'Puerto Rican', 'Dessert' ],
          ingredients: [
            'Milk',
            'Eggs',
            'Sugar',
            'Vanilla extract',
            'Lemon zest',
            'Caramel sauce'
          ],
          popular: true,
          spicy: false,
          price: 6
        }
      ]

      at setListHelper (src/components/SearchBar.tsx:82:21)

FAIL src/component-unit-tests/CheckoutList.test.tsx (5.476 s)
  ● Console

    console.log
      0

      at src/components/CheckoutList.tsx:233:25

    console.log
      [ { name: 'Customer', orderID: 1, order: [], role: 'Customer' } ]

      at src/components/CheckoutList.tsx:236:29

    console.log
      0

      at src/components/CheckoutList.tsx:233:25

    console.log
      [ { name: 'Customer', orderID: 1, order: [], role: 'Customer' } ]

      at src/components/CheckoutList.tsx:236:29

  ● CheckoutList tests › Customer can increment the quantity of the item after dragging it

    TestingLibraryElementError: Unable to find an element by: [data-testid="increment-button"]

    Ignored nodes: comments, script, style
    [36m<body[39m
      [33mclass[39m=[32m"chakra-ui-light"[39m
    [36m>[39m
      [36m<div>[39m
        [36m<div[39m
          [33mclass[39m=[32m"background"[39m
          [33mdata-testid[39m=[32m"landing-page"[39m
        [36m>[39m
          [36m<header[39m
            [33mclass[39m=[32m"website-title title css-k008qs"[39m
          [36m>[39m
            [36m<div[39m
              [33mclass[39m=[32m"css-0"[39m
            [36m>[39m
              [36m<h1[39m
                [33mclass[39m=[32m"chakra-heading css-1yud1sb"[39m
              [36m>[39m
                [0mteam 13[0m
              [36m</h1>[39m
              [36m<p[39m
                [33mclass[39m=[32m"chakra-text css-1vpdv9u"[39m
              [36m>[39m
                [0mgood food, good mood.[0m
              [36m</p>[39m
            [36m</div>[39m
            [36m<div[39m
              [33mclass[39m=[32m"title-box css-0"[39m
            [36m>[39m
              [36m<img[39m
                [33malt[39m=[32m"restaurant-logo"[39m
                [33mheight[39m=[32m"150px"[39m
                [33msrc[39m=[32m"restaurant-logo.png"[39m
                [33mwidth[39m=[32m"150px"[39m
              [36m/>[39m
            [36m</div>[39m
            [36m<div[39m
              [33mclass[39m=[32m"css-17xejub"[39m
            [36m/>[39m
            [36m<div>[39m
              [36m<form>[39m
                [36m<label>[39m
                  [0m Role [0m
                [36m</label>[39m
                [36m<select[39m
                  [33mclass[39m=[32m"sc-beqWaB bEYCSg"[39m
                  [33mdata-testid[39m=[32m"role-select"[39m
                  [33mid[39m=[32m"Customer"[39m
                  [33mname[39m=[32m"Customer"[39m
                [36m>[39m
                  [36m<option[39m
                    [33mdata-testid[39m=[32m"Owner"[39m
                    [33mid[39m=[32m"Owner"[39m
                    [33mstyle[39m=[32m"color: black;"[39m
                    [33mvalue[39m=[32m"Owner"[39m
                  [36m>[39m
                    [0mOwner[0m
                  [36m</option>[39m
                  [36m<option[39m
                    [33mdata-testid[39m=[32m"Employee"[39m
                    [33mid[39m=[32m"Employee"[39m
                    [33mstyle[39m=[32m"color: black;"[39m
                    [33mvalue[39m=[32m"Employee"[39m
                  [36m>[39m
                    [0mEmployee[0m
                  [36m</option>[39m
                  [36m<option[39m
                    [33mdata-testid[39m=[32m"Customer 1"[39m
                    [33mid[39m=[32m"Customer"[39m
                    [33mstyle[39m=[32m"color: black;"[39m
                    [33mvalue[39m=[32m"Customer"[39m
                  [36m>[39m
                    [0mCustomer[0m
                  [36m</option>[39m
                [36m</select>[39m
              [36m</form>[39m
            [36m</div>[39m
          [36m</header>[39m
          [36m<nav[39m
            [33mclass[39m=[32m"navbar css-zke1y"[39m
            [33mdata-testid[39m=[32m"bar"[39m
          [36m>[39m
            [36m<a[39m
              [33mhref[39m=[32m"#/"[39m
            [36m>[39m
              [36m<span[39m
                [33mclass[39m=[32m"navbtn css-2lzsxm"[39m
              [36m>[39m
                [0mmenu[0m
              [36m</span>[39m
            [36m</a>[39m
            [36m<a[39m
              [33mhref[39m=[32m"#/AboutUs"[39m
            [36m>[39m
              [36m<span[39m
                [33mclass[39m=[32m"navbtn css-0"[39m
              [36m>[39m
                [0mabout us[0m
              [36m</span>[39m
            [36m</a>[39m
          [36m</nav>[39m
          [36m<div>[39m
            [36m<h2[39m
              [33mclass[39m=[32m"chakra-heading body-heading css-1dklj6k"[39m
            [36m>[39m
              [0mour menu[0m
            [36m</h2>[39m
            [36m<p[39m
              [33mclass[39m=[32m"chakra-text body-text css-0"[39m
            [36m>[39m
              [0mopen 12-9 pm[0m
            [36m</p>[39m
          [36m</div>[39m
          [36m<div[39m
            [33mclass[39m=[32m"css-v9g40c"[39m
          [36m>[39m
            [36m<div[39m
              [33mclass[39m=[32m"css-nkki96"[39m
            [36m>[39m
              [36m<div[39m
                [33mdata-testid[39m=[32m"searchbar"[39m
              [36m>[39m
                [36m<div>[39m
                  [36m<label[39m
                    [33mclass[39m=[32m"filter form-label"[39m
                    [33mfor[39m=[32m"formCorrectAnswer"[39m
                  [36m>[39m
                    [0mSearch Menu[0m
                  [36m</label>[39m
                  [36m<input[39m
                    [33mclass[39m=[32m"form-control"[39m
                    [33mdata-testid[39m=[32m"search-input"[39m
                    [33mid[39m=[32m"formCorrectAnswer"[39m
                    [33mvalue[39m=[32m""[39m
                  [36m/>[39m
                [36m</div>[39m
                [36m<div[39m
                  [33mclass[39m=[32m"chakra-stack css-1a353lp"[39m
                [36m>[39m
                  [36m<div[39m
                    [33mclass[39m=[32m"filter css-0"[39m
                  [36m>[39m
                    [0mFilter: [0m
                  [36m</div>[39m
                  [36m<span[39m
                    [33mclass[39m=[32m"tag css-owrcz"[39m
                  [36m>[39m
                    [36m<span[39m
                      [33mclass[39m=[32m"css-1ny2kle"[39m
                      [33mdata-testid[39m=[32m"spicy-filter-button"[39m
                    [36m>[39m
                      [0mSpicy[0m
                    [36m</span>[39m
                  [36m</span>[39m
                  [36m<span[39m
                    [33mclass[39m=[32m"tag css-owrcz"[39m
                  [36m>[39m
                    [36m<span[39m
                      [33mclass[39m=[32m"css-1ny2kle"[39m
                      [33mdata-testid[39m=[32m"popular-filter-button"[39m
                    [36m>[39m
                      [0mPopular[0m
                    [36m</span>[39m
                  [36m</span>[39m
                  [36m<span[39m
                    [33mclass[39m=[32m"tag css-owrcz"[39m
                  [36m>[39m
                    [36m<span[39m
                      [33mclass[39m=[32m"css-1ny2kle"[39m
                      [33mdata-testid[39m=[32m"appetizer-filter-button"[39m
                    [36m>[39m
                      [0mAppetizers[0m
                    [36m</span>[39m
                  [36m</span>[39m
                  [36m<span[39m
                    [33mclass[39m=[32m"tag css-owrcz"[39m
                  [36m>[39m
                    [36m<span[39m
                      [33mclass[39m=[32m"css-1ny2kle"[39m
                      [33mdata-testid[39m=[32m"entree-filter-button"[39m
                    [36m>[39m
                      [0mEntree[0m
                    [36m</span>[39m
                  [36m</span>[39m
                  [36m<span[39m
                    [33mclass[39m=[32m"tag css-owrcz"[39m
                  [36m>[39m
                    [36m<span[39m
                      [33mclass[39m=[32m"css-1ny2kle"[39m
                      [33mdata-testid[39m=[32m"dessert-filter-button"[39m
                    [36m>[39m
                      [0mDessert[0m...

      104 |         // Check if item quantity increments
      105 |         let quantity = screen.getByTestId("Pepperoni Pizza - Quantity");
    > 106 |         const incrementButton = screen.getByTestId("increment-button");
          |                                        ^
      107 |         fireEvent.click(incrementButton);
      108 |         await waitFor(() => {
      109 |             quantity = screen.getByTestId("Pepperoni Pizza - Quantity");

      at Object.getElementError (node_modules/@testing-library/react/node_modules/@testing-library/dom/dist/config.js:37:19)
      at node_modules/@testing-library/react/node_modules/@testing-library/dom/dist/query-helpers.js:76:38
      at node_modules/@testing-library/react/node_modules/@testing-library/dom/dist/query-helpers.js:52:17
      at getByTestId (node_modules/@testing-library/react/node_modules/@testing-library/dom/dist/query-helpers.js:95:19)
      at Object.<anonymous> (src/component-unit-tests/CheckoutList.test.tsx:106:40)

  ● CheckoutList tests › Customer can decrement the quantity of the item after dragging it

    TestingLibraryElementError: Found multiple elements with the text: /Pepperoni Pizza/i

    Here are the matching elements:

    Ignored nodes: comments, script, style
    [36m<h2[39m
      [33mclass[39m=[32m"chakra-heading css-1dalxjy"[39m
    [36m>[39m
      [0mPepperoni Pizza[0m
    [36m</h2>[39m

    Ignored nodes: comments, script, style
    [36m<span[39m
      [33mclass[39m=[32m"css-r9y281"[39m
    [36m>[39m
      [0mPepperoni Pizza[0m
    [36m</span>[39m

    (If this is intentional, then use the `*AllBy*` variant of the query (like `queryAllByText`, `getAllByText`, or `findAllByText`)).

    Ignored nodes: comments, script, style
    [36m<body[39m
      [33mclass[39m=[32m"chakra-ui-light"[39m
    [36m>[39m
      [36m<div>[39m
        [36m<div[39m
          [33mclass[39m=[32m"background"[39m
          [33mdata-testid[39m=[32m"landing-page"[39m
        [36m>[39m
          [36m<header[39m
            [33mclass[39m=[32m"website-title title css-k008qs"[39m
          [36m>[39m
            [36m<div[39m
              [33mclass[39m=[32m"css-0"[39m
            [36m>[39m
              [36m<h1[39m
                [33mclass[39m=[32m"chakra-heading css-1yud1sb"[39m
              [36m>[39m
                [0mteam 13[0m
              [36m</h1>[39m
              [36m<p[39m
                [33mclass[39m=[32m"chakra-text css-1vpdv9u"[39m
              [36m>[39m
                [0mgood food, good mood.[0m
              [36m</p>[39m
            [36m</div>[39m
            [36m<div[39m
              [33mclass[39m=[32m"title-box css-0"[39m
            [36m>[39m
              [36m<img[39m
                [33malt[39m=[32m"restaurant-logo"[39m
                [33mheight[39m=[32m"150px"[39m
                [33msrc[39m=[32m"restaurant-logo.png"[39m
                [33mwidth[39m=[32m"150px"[39m
              [36m/>[39m
            [36m</div>[39m
            [36m<div[39m
              [33mclass[39m=[32m"css-17xejub"[39m
            [36m/>[39m
            [36m<div>[39m
              [36m<form>[39m
                [36m<label>[39m
                  [0m Role [0m
                [36m</label>[39m
                [36m<select[39m
                  [33mclass[39m=[32m"sc-beqWaB bEYCSg"[39m
                  [33mdata-testid[39m=[32m"role-select"[39m
                  [33mid[39m=[32m"Customer"[39m
                  [33mname[39m=[32m"Customer"[39m
                [36m>[39m
                  [36m<option[39m
                    [33mdata-testid[39m=[32m"Owner"[39m
                    [33mid[39m=[32m"Owner"[39m
                    [33mstyle[39m=[32m"color: black;"[39m
                    [33mvalue[39m=[32m"Owner"[39m
                  [36m>[39m
                    [0mOwner[0m
                  [36m</option>[39m
                  [36m<option[39m
                    [33mdata-testid[39m=[32m"Employee"[39m
                    [33mid[39m=[32m"Employee"[39m
                    [33mstyle[39m=[32m"color: black;"[39m
                    [33mvalue[39m=[32m"Employee"[39m
                  [36m>[39m
                    [0mEmployee[0m
                  [36m</option>[39m
                  [36m<option[39m
                    [33mdata-testid[39m=[32m"Customer 1"[39m
                    [33mid[39m=[32m"Customer"[39m
                    [33mstyle[39m=[32m"color: black;"[39m
                    [33mvalue[39m=[32m"Customer"[39m
                  [36m>[39m
                    [0mCustomer[0m
                  [36m</option>[39m
                [36m</select>[39m
              [36m</form>[39m
            [36m</div>[39m
          [36m</header>[39m
          [36m<nav[39m
            [33mclass[39m=[32m"navbar css-zke1y"[39m
            [33mdata-testid[39m=[32m"bar"[39m
          [36m>[39m
            [36m<a[39m
              [33mhref[39m=[32m"#/"[39m
            [36m>[39m
              [36m<span[39m
                [33mclass[39m=[32m"navbtn css-2lzsxm"[39m
              [36m>[39m
                [0mmenu[0m
              [36m</span>[39m
            [36m</a>[39m
            [36m<a[39m
              [33mhref[39m=[32m"#/AboutUs"[39m
            [36m>[39m
              [36m<span[39m
                [33mclass[39m=[32m"navbtn css-0"[39m
              [36m>[39m
                [0mabout us[0m
              [36m</span>[39m
            [36m</a>[39m
          [36m</nav>[39m
          [36m<div>[39m
            [36m<h2[39m
              [33mclass[39m=[32m"chakra-heading body-heading css-1dklj6k"[39m
            [36m>[39m
              [0mour menu[0m
            [36m</h2>[39m
            [36m<p[39m
              [33mclass[39m=[32m"chakra-text body-text css-0"[39m
            [36m>[39m
              [0mopen 12-9 pm[0m
            [36m</p>[39m
          [36m</div>[39m
          [36m<div[39m
            [33mclass[39m=[32m"css-v9g40c"[39m
          [36m>[39m
            [36m<div[39m
              [33mclass[39m=[32m"css-nkki96"[39m
            [36m>[39m
              [36m<div[39m
                [33mdata-testid[39m=[32m"searchbar"[39m
              [36m>[39m
                [36m<div>[39m
                  [36m<label[39m
                    [33mclass[39m=[32m"filter form-label"[39m
                    [33mfor[39m=[32m"formCorrectAnswer"[39m
                  [36m>[39m
                    [0mSearch Menu[0m
                  [36m</label>[39m
                  [36m<input[39m
                    [33mclass[39m=[32m"form-control"[39m
                    [33mdata-testid[39m=[32m"search-input"[39m
                    [33mid[39m=[32m"formCorrectAnswer"[39m
                    [33mvalue[39m=[32m""[39m
                  [36m/>[39m
                [36m</div>[39m
                [36m<div[39m
                  [33mclass[39m=[32m"chakra-stack css-1a353lp"[39m
                [36m>[39m
                  [36m<div[39m
                    [33mclass[39m=[32m"filter css-0"[39m
                  [36m>[39m
                    [0mFilter: [0m
                  [36m</div>[39m
                  [36m<span[39m
                    [33mclass[39m=[32m"tag css-owrcz"[39m
                  [36m>[39m
                    [36m<span[39m
                      [33mclass[39m=[32m"css-1ny2kle"[39m
                      [33mdata-testid[39m=[32m"spicy-filter-button"[39m
                    [36m>[39m
                      [0mSpicy[0m
                    [36m</span>[39m
                  [36m</span>[39m
                  [36m<span[39m
                    [33mclass[39m=[32m"tag css-owrcz"[39m
                  [36m>[39m
                    [36m<span[39m
                      [33mclass[39m=[32m"css-1ny2kle"[39m
                      [33mdata-testid[39m=[32m"popular-filter-button"[39m
                    [36m>[39m
                      [0mPopular[0m
                    [36m</span>[39m
                  [36m</span>[39m
                  [36m<span[39m
                    [33mclass[39m=[32m"tag css-owrcz"[39m
                  [36m>[39m
                    [36m<span[39m
                      [33mclass[39m=[32m"css-1ny2kle"[39m
                      [33mdata-testid[39m=[32m"appetizer-filter-button"[39m
                    [36m>[39m
                      [0mAppetizers[0m
                    [36m</span>[39m
                  [36m</span>[39m
                  [36m<span[39m
                    [33mclass[39m=[32m"tag css-owrcz"[39m
                  [36m>[39m
                    [36m<span[39m
                      [33mclass[39m=[32m"css-1ny2kle"[39m
                      [33mdata-testid[39m=[32m"entree-filter-button"[39m
                    [36m>[39m
                      [0mEntree[0m
                    [36m</span>[39m
                  [36m</span>[39m
                  [36m<span[39m
                    [33mclass[39m=[32m"tag css-owrcz"[39m
                  [36m>[39m
                    [36m<span[39m
                      [33mclass[39m=[32m"css-1ny2kle"[39m
                      [33mdata-testid[39m=[32m"dessert-filter-button"[39m
                    [36m>[39m
                      [0mDessert[0m...

      128 |         );
      129 |         // Drag the item to our checkout list
    > 130 |         expect(screen.queryByText(/Pepperoni Pizza/i)).toBeInTheDocument();
          |                       ^
      131 |         const foodItem = screen.getByTestId("Pepperoni Pizza");
      132 |         const checkoutList = screen.getByTestId("checkout-list");
      133 |         fireEvent.dragStart(foodItem);

      at Object.getElementError (node_modules/@testing-library/react/node_modules/@testing-library/dom/dist/config.js:37:19)
      at getElementError (node_modules/@testing-library/react/node_modules/@testing-library/dom/dist/query-helpers.js:20:35)
      at getMultipleElementsFoundError (node_modules/@testing-library/react/node_modules/@testing-library/dom/dist/query-helpers.js:23:10)
      at node_modules/@testing-library/react/node_modules/@testing-library/dom/dist/query-helpers.js:55:13
      at queryByText (node_modules/@testing-library/react/node_modules/@testing-library/dom/dist/query-helpers.js:95:19)
      at Object.<anonymous> (src/component-unit-tests/CheckoutList.test.tsx:130:23)

PASS src/components/AddNewFood.test.tsx
  ● Console

    console.error
      Error: Not implemented: navigation (except hash changes)
          at module.exports (/home/runner/work/restaurant-menu/restaurant-menu/node_modules/jsdom/lib/jsdom/browser/not-implemented.js:9:17)
          at navigateFetch (/home/runner/work/restaurant-menu/restaurant-menu/node_modules/jsdom/lib/jsdom/living/window/navigation.js:76:3)
          at exports.navigate (/home/runner/work/restaurant-menu/restaurant-menu/node_modules/jsdom/lib/jsdom/living/window/navigation.js:54:3)
          at LocationImpl.reload (/home/runner/work/restaurant-menu/restaurant-menu/node_modules/jsdom/lib/jsdom/living/window/Location-impl.js:236:5)
          at Location.reload (/home/runner/work/restaurant-menu/restaurant-menu/node_modules/jsdom/lib/jsdom/living/generated/Location.js:99:36)
          at handleSubmit (/home/runner/work/restaurant-menu/restaurant-menu/src/components/AddNewFood.tsx:72:18)
          at HTMLUnknownElement.callCallback (/home/runner/work/restaurant-menu/restaurant-menu/node_modules/react-dom/cjs/react-dom.development.js:4164:14)
          at HTMLUnknownElement.callTheUserObjectsOperation (/home/runner/work/restaurant-menu/restaurant-menu/node_modules/jsdom/lib/jsdom/living/generated/EventListener.js:26:30)
          at innerInvokeEventListeners (/home/runner/work/restaurant-menu/restaurant-menu/node_modules/jsdom/lib/jsdom/living/events/EventTarget-impl.js:338:25)
          at invokeEventListeners (/home/runner/work/restaurant-menu/restaurant-menu/node_modules/jsdom/lib/jsdom/living/events/EventTarget-impl.js:274:3)
          at HTMLUnknownElementImpl._dispatch (/home/runner/work/restaurant-menu/restaurant-menu/node_modules/jsdom/lib/jsdom/living/events/EventTarget-impl.js:221:9)
          at HTMLUnknownElementImpl.dispatchEvent (/home/runner/work/restaurant-menu/restaurant-menu/node_modules/jsdom/lib/jsdom/living/events/EventTarget-impl.js:94:17)
          at HTMLUnknownElement.dispatchEvent (/home/runner/work/restaurant-menu/restaurant-menu/node_modules/jsdom/lib/jsdom/living/generated/EventTarget.js:231:34)
          at Object.invokeGuardedCallbackDev (/home/runner/work/restaurant-menu/restaurant-menu/node_modules/react-dom/cjs/react-dom.development.js:4213:16)
          at invokeGuardedCallback (/home/runner/work/restaurant-menu/restaurant-menu/node_modules/react-dom/cjs/react-dom.development.js:4277:31)
          at invokeGuardedCallbackAndCatchFirstError (/home/runner/work/restaurant-menu/restaurant-menu/node_modules/react-dom/cjs/react-dom.development.js:4291:25)
          at executeDispatch (/home/runner/work/restaurant-menu/restaurant-menu/node_modules/react-dom/cjs/react-dom.development.js:9041:3)
          at processDispatchQueueItemsInOrder (/home/runner/work/restaurant-menu/restaurant-menu/node_modules/react-dom/cjs/react-dom.development.js:9073:7)
          at processDispatchQueue (/home/runner/work/restaurant-menu/restaurant-menu/node_modules/react-dom/cjs/react-dom.development.js:9086:5)
          at dispatchEventsForPlugins (/home/runner/work/restaurant-menu/restaurant-menu/node_modules/react-dom/cjs/react-dom.development.js:9097:3)
          at /home/runner/work/restaurant-menu/restaurant-menu/node_modules/react-dom/cjs/react-dom.development.js:9288:12
          at batchedUpdates$1 (/home/runner/work/restaurant-menu/restaurant-menu/node_modules/react-dom/cjs/react-dom.development.js:26140:12)
          at batchedUpdates (/home/runner/work/restaurant-menu/restaurant-menu/node_modules/react-dom/cjs/react-dom.development.js:3991:12)
          at dispatchEventForPluginEventSystem (/home/runner/work/restaurant-menu/restaurant-menu/node_modules/react-dom/cjs/react-dom.development.js:9287:3)
          at dispatchEventWithEnableCapturePhaseSelectiveHydrationWithoutDiscreteEventReplay (/home/runner/work/restaurant-menu/restaurant-menu/node_modules/react-dom/cjs/react-dom.development.js:6465:5)
          at dispatchEvent (/home/runner/work/restaurant-menu/restaurant-menu/node_modules/react-dom/cjs/react-dom.development.js:6457:5)
          at dispatchDiscreteEvent (/home/runner/work/restaurant-menu/restaurant-menu/node_modules/react-dom/cjs/react-dom.development.js:6430:5)
          at HTMLDivElement.callTheUserObjectsOperation (/home/runner/work/restaurant-menu/restaurant-menu/node_modules/jsdom/lib/jsdom/living/generated/EventListener.js:26:30)
          at innerInvokeEventListeners (/home/runner/work/restaurant-menu/restaurant-menu/node_modules/jsdom/lib/jsdom/living/events/EventTarget-impl.js:338:25)
          at invokeEventListeners (/home/runner/work/restaurant-menu/restaurant-menu/node_modules/jsdom/lib/jsdom/living/events/EventTarget-impl.js:274:3)
          at HTMLButtonElementImpl._dispatch (/home/runner/work/restaurant-menu/restaurant-menu/node_modules/jsdom/lib/jsdom/living/events/EventTarget-impl.js:221:9)
          at HTMLButtonElementImpl.dispatchEvent (/home/runner/work/restaurant-menu/restaurant-menu/node_modules/jsdom/lib/jsdom/living/events/EventTarget-impl.js:94:17)
          at HTMLButtonElement.dispatchEvent (/home/runner/work/restaurant-menu/restaurant-menu/node_modules/jsdom/lib/jsdom/living/generated/EventTarget.js:231:34)
          at /home/runner/work/restaurant-menu/restaurant-menu/node_modules/@testing-library/react/node_modules/@testing-library/dom/dist/events.js:19:20
          at /home/runner/work/restaurant-menu/restaurant-menu/node_modules/@testing-library/react/dist/pure.js:79:16
          at /home/runner/work/restaurant-menu/restaurant-menu/node_modules/@testing-library/react/dist/act-compat.js:64:24
          at act (/home/runner/work/restaurant-menu/restaurant-menu/node_modules/react/cjs/react.development.js:2512:16)
          at /home/runner/work/restaurant-menu/restaurant-menu/node_modules/@testing-library/react/dist/act-compat.js:63:25
          at Object.eventWrapper (/home/runner/work/restaurant-menu/restaurant-menu/node_modules/@testing-library/react/dist/pure.js:78:28)
          at fireEvent (/home/runner/work/restaurant-menu/restaurant-menu/node_modules/@testing-library/react/node_modules/@testing-library/dom/dist/events.js:12:35)
          at Function.fireEvent.<computed> [as submit] (/home/runner/work/restaurant-menu/restaurant-menu/node_modules/@testing-library/react/node_modules/@testing-library/dom/dist/events.js:110:36)
          at Function.submit (/home/runner/work/restaurant-menu/restaurant-menu/node_modules/@testing-library/react/dist/fire-event.js:18:52)
          at Object.<anonymous> (/home/runner/work/restaurant-menu/restaurant-menu/src/components/AddNewFood.test.tsx:102:19)
          at Promise.then.completed (/home/runner/work/restaurant-menu/restaurant-menu/node_modules/jest-circus/build/utils.js:391:28)
          at new Promise (<anonymous>)
          at callAsyncCircusFn (/home/runner/work/restaurant-menu/restaurant-menu/node_modules/jest-circus/build/utils.js:316:10)
          at _callCircusTest (/home/runner/work/restaurant-menu/restaurant-menu/node_modules/jest-circus/build/run.js:218:40)
          at _runTest (/home/runner/work/restaurant-menu/restaurant-menu/node_modules/jest-circus/build/run.js:155:3)
          at _runTestsForDescribeBlock (/home/runner/work/restaurant-menu/restaurant-menu/node_modules/jest-circus/build/run.js:66:9)
          at _runTestsForDescribeBlock (/home/runner/work/restaurant-menu/restaurant-menu/node_modules/jest-circus/build/run.js:60:9) undefined

      70 |         //     quantity: 0
      71 |         // });
    > 72 |         location.reload();
         |                  ^
      73 |     };
      74 |
      75 |     const onSubmit = () => {

      at VirtualConsole.<anonymous> (node_modules/jsdom/lib/jsdom/virtual-console.js:29:45)
      at module.exports (node_modules/jsdom/lib/jsdom/browser/not-implemented.js:12:26)
      at navigateFetch (node_modules/jsdom/lib/jsdom/living/window/navigation.js:76:3)
      at exports.navigate (node_modules/jsdom/lib/jsdom/living/window/navigation.js:54:3)
      at LocationImpl.reload (node_modules/jsdom/lib/jsdom/living/window/Location-impl.js:236:5)
      at Location.reload (node_modules/jsdom/lib/jsdom/living/generated/Location.js:99:36)
      at handleSubmit (src/components/AddNewFood.tsx:72:18)
      at HTMLUnknownElement.callCallback (node_modules/react-dom/cjs/react-dom.development.js:4164:14)
      at HTMLUnknownElement.callTheUserObjectsOperation (node_modules/jsdom/lib/jsdom/living/generated/EventListener.js:26:30)
      at innerInvokeEventListeners (node_modules/jsdom/lib/jsdom/living/events/EventTarget-impl.js:338:25)
      at invokeEventListeners (node_modules/jsdom/lib/jsdom/living/events/EventTarget-impl.js:274:3)
      at HTMLUnknownElementImpl._dispatch (node_modules/jsdom/lib/jsdom/living/events/EventTarget-impl.js:221:9)
      at HTMLUnknownElementImpl.dispatchEvent (node_modules/jsdom/lib/jsdom/living/events/EventTarget-impl.js:94:17)
      at HTMLUnknownElement.dispatchEvent (node_modules/jsdom/lib/jsdom/living/generated/EventTarget.js:231:34)
      at Object.invokeGuardedCallbackDev (node_modules/react-dom/cjs/react-dom.development.js:4213:16)
      at invokeGuardedCallback (node_modules/react-dom/cjs/react-dom.development.js:4277:31)
      at invokeGuardedCallbackAndCatchFirstError (node_modules/react-dom/cjs/react-dom.development.js:4291:25)
      at executeDispatch (node_modules/react-dom/cjs/react-dom.development.js:9041:3)
      at processDispatchQueueItemsInOrder (node_modules/react-dom/cjs/react-dom.development.js:9073:7)
      at processDispatchQueue (node_modules/react-dom/cjs/react-dom.development.js:9086:5)
      at dispatchEventsForPlugins (node_modules/react-dom/cjs/react-dom.development.js:9097:3)
      at node_modules/react-dom/cjs/react-dom.development.js:9288:12
      at batchedUpdates$1 (node_modules/react-dom/cjs/react-dom.development.js:26140:12)
      at batchedUpdates (node_modules/react-dom/cjs/react-dom.development.js:3991:12)
      at dispatchEventForPluginEventSystem (node_modules/react-dom/cjs/react-dom.development.js:9287:3)
      at dispatchEventWithEnableCapturePhaseSelectiveHydrationWithoutDiscreteEventReplay (node_modules/react-dom/cjs/react-dom.development.js:6465:5)
      at dispatchEvent (node_modules/react-dom/cjs/react-dom.development.js:6457:5)
      at dispatchDiscreteEvent (node_modules/react-dom/cjs/react-dom.development.js:6430:5)
      at HTMLDivElement.callTheUserObjectsOperation (node_modules/jsdom/lib/jsdom/living/generated/EventListener.js:26:30)
      at innerInvokeEventListeners (node_modules/jsdom/lib/jsdom/living/events/EventTarget-impl.js:338:25)
      at invokeEventListeners (node_modules/jsdom/lib/jsdom/living/events/EventTarget-impl.js:274:3)
      at HTMLButtonElementImpl._dispatch (node_modules/jsdom/lib/jsdom/living/events/EventTarget-impl.js:221:9)
      at HTMLButtonElementImpl.dispatchEvent (node_modules/jsdom/lib/jsdom/living/events/EventTarget-impl.js:94:17)
      at HTMLButtonElement.dispatchEvent (node_modules/jsdom/lib/jsdom/living/generated/EventTarget.js:231:34)
      at node_modules/@testing-library/react/node_modules/@testing-library/dom/dist/events.js:19:20
      at node_modules/@testing-library/react/dist/pure.js:79:16
      at node_modules/@testing-library/react/dist/act-compat.js:64:24
      at act (node_modules/react/cjs/react.development.js:2512:16)
      at node_modules/@testing-library/react/dist/act-compat.js:63:25
      at Object.eventWrapper (node_modules/@testing-library/react/dist/pure.js:78:28)
      at fireEvent (node_modules/@testing-library/react/node_modules/@testing-library/dom/dist/events.js:12:35)
      at Function.fireEvent.<computed> [as submit] (node_modules/@testing-library/react/node_modules/@testing-library/dom/dist/events.js:110:36)
      at Function.submit (node_modules/@testing-library/react/dist/fire-event.js:18:52)
      at Object.<anonymous> (src/components/AddNewFood.test.tsx:102:19)

    console.error
      Error: Not implemented: navigation (except hash changes)
          at module.exports (/home/runner/work/restaurant-menu/restaurant-menu/node_modules/jsdom/lib/jsdom/browser/not-implemented.js:9:17)
          at navigateFetch (/home/runner/work/restaurant-menu/restaurant-menu/node_modules/jsdom/lib/jsdom/living/window/navigation.js:76:3)
          at exports.navigate (/home/runner/work/restaurant-menu/restaurant-menu/node_modules/jsdom/lib/jsdom/living/window/navigation.js:54:3)
          at LocationImpl.reload (/home/runner/work/restaurant-menu/restaurant-menu/node_modules/jsdom/lib/jsdom/living/window/Location-impl.js:236:5)
          at Location.reload (/home/runner/work/restaurant-menu/restaurant-menu/node_modules/jsdom/lib/jsdom/living/generated/Location.js:99:36)
          at handleSubmit (/home/runner/work/restaurant-menu/restaurant-menu/src/components/AddNewFood.tsx:72:18)
          at HTMLUnknownElement.callCallback (/home/runner/work/restaurant-menu/restaurant-menu/node_modules/react-dom/cjs/react-dom.development.js:4164:14)
          at HTMLUnknownElement.callTheUserObjectsOperation (/home/runner/work/restaurant-menu/restaurant-menu/node_modules/jsdom/lib/jsdom/living/generated/EventListener.js:26:30)
          at innerInvokeEventListeners (/home/runner/work/restaurant-menu/restaurant-menu/node_modules/jsdom/lib/jsdom/living/events/EventTarget-impl.js:338:25)
          at invokeEventListeners (/home/runner/work/restaurant-menu/restaurant-menu/node_modules/jsdom/lib/jsdom/living/events/EventTarget-impl.js:274:3)
          at HTMLUnknownElementImpl._dispatch (/home/runner/work/restaurant-menu/restaurant-menu/node_modules/jsdom/lib/jsdom/living/events/EventTarget-impl.js:221:9)
          at HTMLUnknownElementImpl.dispatchEvent (/home/runner/work/restaurant-menu/restaurant-menu/node_modules/jsdom/lib/jsdom/living/events/EventTarget-impl.js:94:17)
          at HTMLUnknownElement.dispatchEvent (/home/runner/work/restaurant-menu/restaurant-menu/node_modules/jsdom/lib/jsdom/living/generated/EventTarget.js:231:34)
          at Object.invokeGuardedCallbackDev (/home/runner/work/restaurant-menu/restaurant-menu/node_modules/react-dom/cjs/react-dom.development.js:4213:16)
          at invokeGuardedCallback (/home/runner/work/restaurant-menu/restaurant-menu/node_modules/react-dom/cjs/react-dom.development.js:4277:31)
          at invokeGuardedCallbackAndCatchFirstError (/home/runner/work/restaurant-menu/restaurant-menu/node_modules/react-dom/cjs/react-dom.development.js:4291:25)
          at executeDispatch (/home/runner/work/restaurant-menu/restaurant-menu/node_modules/react-dom/cjs/react-dom.development.js:9041:3)
          at processDispatchQueueItemsInOrder (/home/runner/work/restaurant-menu/restaurant-menu/node_modules/react-dom/cjs/react-dom.development.js:9073:7)
          at processDispatchQueue (/home/runner/work/restaurant-menu/restaurant-menu/node_modules/react-dom/cjs/react-dom.development.js:9086:5)
          at dispatchEventsForPlugins (/home/runner/work/restaurant-menu/restaurant-menu/node_modules/react-dom/cjs/react-dom.development.js:9097:3)
          at /home/runner/work/restaurant-menu/restaurant-menu/node_modules/react-dom/cjs/react-dom.development.js:9288:12
          at batchedUpdates$1 (/home/runner/work/restaurant-menu/restaurant-menu/node_modules/react-dom/cjs/react-dom.development.js:26140:12)
          at batchedUpdates (/home/runner/work/restaurant-menu/restaurant-menu/node_modules/react-dom/cjs/react-dom.development.js:3991:12)
          at dispatchEventForPluginEventSystem (/home/runner/work/restaurant-menu/restaurant-menu/node_modules/react-dom/cjs/react-dom.development.js:9287:3)
          at dispatchEventWithEnableCapturePhaseSelectiveHydrationWithoutDiscreteEventReplay (/home/runner/work/restaurant-menu/restaurant-menu/node_modules/react-dom/cjs/react-dom.development.js:6465:5)
          at dispatchEvent (/home/runner/work/restaurant-menu/restaurant-menu/node_modules/react-dom/cjs/react-dom.development.js:6457:5)
          at dispatchDiscreteEvent (/home/runner/work/restaurant-menu/restaurant-menu/node_modules/react-dom/cjs/react-dom.development.js:6430:5)
          at HTMLDivElement.callTheUserObjectsOperation (/home/runner/work/restaurant-menu/restaurant-menu/node_modules/jsdom/lib/jsdom/living/generated/EventListener.js:26:30)
          at innerInvokeEventListeners (/home/runner/work/restaurant-menu/restaurant-menu/node_modules/jsdom/lib/jsdom/living/events/EventTarget-impl.js:338:25)
          at invokeEventListeners (/home/runner/work/restaurant-menu/restaurant-menu/node_modules/jsdom/lib/jsdom/living/events/EventTarget-impl.js:274:3)
          at HTMLButtonElementImpl._dispatch (/home/runner/work/restaurant-menu/restaurant-menu/node_modules/jsdom/lib/jsdom/living/events/EventTarget-impl.js:221:9)
          at HTMLButtonElementImpl.dispatchEvent (/home/runner/work/restaurant-menu/restaurant-menu/node_modules/jsdom/lib/jsdom/living/events/EventTarget-impl.js:94:17)
          at HTMLButtonElement.dispatchEvent (/home/runner/work/restaurant-menu/restaurant-menu/node_modules/jsdom/lib/jsdom/living/generated/EventTarget.js:231:34)
          at /home/runner/work/restaurant-menu/restaurant-menu/node_modules/@testing-library/react/node_modules/@testing-library/dom/dist/events.js:19:20
          at /home/runner/work/restaurant-menu/restaurant-menu/node_modules/@testing-library/react/dist/pure.js:79:16
          at /home/runner/work/restaurant-menu/restaurant-menu/node_modules/@testing-library/react/dist/act-compat.js:64:24
          at act (/home/runner/work/restaurant-menu/restaurant-menu/node_modules/react/cjs/react.development.js:2512:16)
          at /home/runner/work/restaurant-menu/restaurant-menu/node_modules/@testing-library/react/dist/act-compat.js:63:25
          at Object.eventWrapper (/home/runner/work/restaurant-menu/restaurant-menu/node_modules/@testing-library/react/dist/pure.js:78:28)
          at fireEvent (/home/runner/work/restaurant-menu/restaurant-menu/node_modules/@testing-library/react/node_modules/@testing-library/dom/dist/events.js:12:35)
          at Function.fireEvent.<computed> [as submit] (/home/runner/work/restaurant-menu/restaurant-menu/node_modules/@testing-library/react/node_modules/@testing-library/dom/dist/events.js:110:36)
          at Function.submit (/home/runner/work/restaurant-menu/restaurant-menu/node_modules/@testing-library/react/dist/fire-event.js:18:52)
          at Object.<anonymous> (/home/runner/work/restaurant-menu/restaurant-menu/src/components/AddNewFood.test.tsx:129:19)
          at Promise.then.completed (/home/runner/work/restaurant-menu/restaurant-menu/node_modules/jest-circus/build/utils.js:391:28)
          at new Promise (<anonymous>)
          at callAsyncCircusFn (/home/runner/work/restaurant-menu/restaurant-menu/node_modules/jest-circus/build/utils.js:316:10)
          at _callCircusTest (/home/runner/work/restaurant-menu/restaurant-menu/node_modules/jest-circus/build/run.js:218:40)
          at _runTest (/home/runner/work/restaurant-menu/restaurant-menu/node_modules/jest-circus/build/run.js:155:3)
          at _runTestsForDescribeBlock (/home/runner/work/restaurant-menu/restaurant-menu/node_modules/jest-circus/build/run.js:66:9)
          at _runTestsForDescribeBlock (/home/runner/work/restaurant-menu/restaurant-menu/node_modules/jest-circus/build/run.js:60:9) undefined

      70 |         //     quantity: 0
      71 |         // });
    > 72 |         location.reload();
         |                  ^
      73 |     };
      74 |
      75 |     const onSubmit = () => {

      at VirtualConsole.<anonymous> (node_modules/jsdom/lib/jsdom/virtual-console.js:29:45)
      at module.exports (node_modules/jsdom/lib/jsdom/browser/not-implemented.js:12:26)
      at navigateFetch (node_modules/jsdom/lib/jsdom/living/window/navigation.js:76:3)
      at exports.navigate (node_modules/jsdom/lib/jsdom/living/window/navigation.js:54:3)
      at LocationImpl.reload (node_modules/jsdom/lib/jsdom/living/window/Location-impl.js:236:5)
      at Location.reload (node_modules/jsdom/lib/jsdom/living/generated/Location.js:99:36)
      at handleSubmit (src/components/AddNewFood.tsx:72:18)
      at HTMLUnknownElement.callCallback (node_modules/react-dom/cjs/react-dom.development.js:4164:14)
      at HTMLUnknownElement.callTheUserObjectsOperation (node_modules/jsdom/lib/jsdom/living/generated/EventListener.js:26:30)
      at innerInvokeEventListeners (node_modules/jsdom/lib/jsdom/living/events/EventTarget-impl.js:338:25)
      at invokeEventListeners (node_modules/jsdom/lib/jsdom/living/events/EventTarget-impl.js:274:3)
      at HTMLUnknownElementImpl._dispatch (node_modules/jsdom/lib/jsdom/living/events/EventTarget-impl.js:221:9)
      at HTMLUnknownElementImpl.dispatchEvent (node_modules/jsdom/lib/jsdom/living/events/EventTarget-impl.js:94:17)
      at HTMLUnknownElement.dispatchEvent (node_modules/jsdom/lib/jsdom/living/generated/EventTarget.js:231:34)
      at Object.invokeGuardedCallbackDev (node_modules/react-dom/cjs/react-dom.development.js:4213:16)
      at invokeGuardedCallback (node_modules/react-dom/cjs/react-dom.development.js:4277:31)
      at invokeGuardedCallbackAndCatchFirstError (node_modules/react-dom/cjs/react-dom.development.js:4291:25)
      at executeDispatch (node_modules/react-dom/cjs/react-dom.development.js:9041:3)
      at processDispatchQueueItemsInOrder (node_modules/react-dom/cjs/react-dom.development.js:9073:7)
      at processDispatchQueue (node_modules/react-dom/cjs/react-dom.development.js:9086:5)
      at dispatchEventsForPlugins (node_modules/react-dom/cjs/react-dom.development.js:9097:3)
      at node_modules/react-dom/cjs/react-dom.development.js:9288:12
      at batchedUpdates$1 (node_modules/react-dom/cjs/react-dom.development.js:26140:12)
      at batchedUpdates (node_modules/react-dom/cjs/react-dom.development.js:3991:12)
      at dispatchEventForPluginEventSystem (node_modules/react-dom/cjs/react-dom.development.js:9287:3)
      at dispatchEventWithEnableCapturePhaseSelectiveHydrationWithoutDiscreteEventReplay (node_modules/react-dom/cjs/react-dom.development.js:6465:5)
      at dispatchEvent (node_modules/react-dom/cjs/react-dom.development.js:6457:5)
      at dispatchDiscreteEvent (node_modules/react-dom/cjs/react-dom.development.js:6430:5)
      at HTMLDivElement.callTheUserObjectsOperation (node_modules/jsdom/lib/jsdom/living/generated/EventListener.js:26:30)
      at innerInvokeEventListeners (node_modules/jsdom/lib/jsdom/living/events/EventTarget-impl.js:338:25)
      at invokeEventListeners (node_modules/jsdom/lib/jsdom/living/events/EventTarget-impl.js:274:3)
      at HTMLButtonElementImpl._dispatch (node_modules/jsdom/lib/jsdom/living/events/EventTarget-impl.js:221:9)
      at HTMLButtonElementImpl.dispatchEvent (node_modules/jsdom/lib/jsdom/living/events/EventTarget-impl.js:94:17)
      at HTMLButtonElement.dispatchEvent (node_modules/jsdom/lib/jsdom/living/generated/EventTarget.js:231:34)
      at node_modules/@testing-library/react/node_modules/@testing-library/dom/dist/events.js:19:20
      at node_modules/@testing-library/react/dist/pure.js:79:16
      at node_modules/@testing-library/react/dist/act-compat.js:64:24
      at act (node_modules/react/cjs/react.development.js:2512:16)
      at node_modules/@testing-library/react/dist/act-compat.js:63:25
      at Object.eventWrapper (node_modules/@testing-library/react/dist/pure.js:78:28)
      at fireEvent (node_modules/@testing-library/react/node_modules/@testing-library/dom/dist/events.js:12:35)
      at Function.fireEvent.<computed> [as submit] (node_modules/@testing-library/react/node_modules/@testing-library/dom/dist/events.js:110:36)
      at Function.submit (node_modules/@testing-library/react/dist/fire-event.js:18:52)
      at Object.<anonymous> (src/components/AddNewFood.test.tsx:129:19)

PASS src/component-unit-tests/FoodItem.test.tsx
PASS src/component-unit-tests/EditFoodUI.test.tsx
PASS src/component-unit-tests/EditFoodList.test.tsx
FAIL src/component-unit-tests/ItemListUI.test.tsx
  ● ItemListUI Tests › Maps each food in the list to a food item component

    TestingLibraryElementError: Unable to find an element by: [data-testid="food-item"]

    Ignored nodes: comments, script, style
    [36m<body[39m
      [33mclass[39m=[32m"chakra-ui-light"[39m
    [36m>[39m
      [36m<div>[39m
        [36m<div[39m
          [33mclass[39m=[32m"section css-rkcw0p"[39m
          [33mdata-testid[39m=[32m"item-list-box"[39m
        [36m>[39m
          [36m<div[39m
            [33mclass[39m=[32m"css-18u6e8q"[39m
            [33mdata-testid[39m=[32m"menu"[39m
          [36m>[39m
            [36m<div[39m
              [33mclass[39m=[32m"chakra-card dragcard css-mcyr23"[39m
              [33mdata-testid[39m=[32m"Pizza"[39m
              [33mdraggable[39m=[32m"true"[39m
            [36m>[39m
              [36m<div[39m
                [33mclass[39m=[32m"css-dvxtzn"[39m
              [36m>[39m
                [36m<img[39m
                  [33malt[39m=[32m"Pizza"[39m
                  [33mclass[39m=[32m"drag-image css-1fx8nuu"[39m
                  [33msrc[39m=[32m"pizza.jpg"[39m
                [36m/>[39m
                [36m<p[39m
                  [33mclass[39m=[32m"chakra-text desc price css-rnfcb0"[39m
                [36m>[39m
                  [0m$10.99[0m
                [36m</p>[39m
              [36m</div>[39m
              [36m<div[39m
                [33mclass[39m=[32m"chakra-stack css-n21gh5"[39m
              [36m>[39m
                [36m<div[39m
                  [33mclass[39m=[32m"chakra-card__body css-1idwstw"[39m
                [36m>[39m
                  [36m<div[39m
                    [33mclass[39m=[32m"foodTitle"[39m
                  [36m>[39m
                    [36m<h2[39m
                      [33mclass[39m=[32m"chakra-heading css-1dalxjy"[39m
                    [36m>[39m
                      [0mPizza[0m
                    [36m</h2>[39m
                  [36m</div>[39m
                  [36m<div[39m
                    [33mclass[39m=[32m"desc"[39m
                  [36m>[39m
                    [36m<p[39m
                      [33mclass[39m=[32m"chakra-text css-jvs47b"[39m
                    [36m>[39m
                      [0mA delicious pizza[0m
                    [36m</p>[39m
                  [36m</div>[39m
                  [36m<div[39m
                    [33mclass[39m=[32m"ingredients"[39m
                  [36m>[39m
                    [0mIngredients: Tomato sauce, Cheese, Pepperoni[0m
                  [36m</div>[39m
                [36m</div>[39m
                [36m<div[39m
                  [33mclass[39m=[32m"chakra-card__footer css-1a7q9t8"[39m
                [36m>[39m
                  [36m<div>[39m
                    [36m<div[39m
                      [33mclass[39m=[32m"base-box css-0"[39m
                    [36m>[39m
                      [36m<svg[39m
                        [33mclass[39m=[32m"star"[39m
                        [33mcolor[39m=[32m"#D4D4D4"[39m
                        [33mdata-testid[39m=[32m"star-icon"[39m
                        [33mfill[39m=[32m"currentColor"[39m
                        [33mheight[39m=[32m"20"[39m
                        [33msize[39m=[32m"20"[39m
                        [33mstroke[39m=[32m"currentColor"[39m
                        [33mstroke-width[39m=[32m"0"[39m
                        [33mstyle[39m=[32m"color: rgb(212, 212, 212);"[39m
                        [33mviewBox[39m=[32m"0 0 24 24"[39m
                        [33mwidth[39m=[32m"20"[39m
                        [33mxmlns[39m=[32m"http://www.w3.org/2000/svg"[39m
                      [36m>[39m
                        [36m<polygon[39m
                          [33mfill-rule[39m=[32m"evenodd"[39m
                          [33mpoints[39m=[32m"12 16.667 5 22 8 14 2 9.5 9.5 9.5 12 2 14.5 9.5 22 9.5 16 14 19 22"[39m
                        [36m/>[39m
                      [36m</svg>[39m
                    [36m</div>[39m
                    [36m<label>[39m
                      [36m<div[39m
                        [33mclass[39m=[32m"star-box css-0"[39m
                        [33mstyle[39m=[32m"width: 100%;"[39m
                      [36m>[39m
                        [36m<svg[39m
                          [33mclass[39m=[32m"star"[39m
                          [33mcolor[39m=[32m"#FFDD00"[39m
                          [33mdata-testid[39m=[32m"star-icon"[39m
                          [33mfill[39m=[32m"currentColor"[39m
                          [33mheight[39m=[32m"20"[39m
                          [33msize[39m=[32m"20"[39m
                          [33mstroke[39m=[32m"currentColor"[39m
                          [33mstroke-width[39m=[32m"0"[39m
                          [33mstyle[39m=[32m"color: rgb(255, 221, 0);"[39m
                          [33mviewBox[39m=[32m"0 0 24 24"[39m
                          [33mwidth[39m=[32m"20"[39m
                          [33mxmlns[39m=[32m"http://www.w3.org/2000/svg"[39m
                        [36m>[39m
                          [36m<polygon[39m
                            [33mfill-rule[39m=[32m"evenodd"[39m
                            [33mpoints[39m=[32m"12 16.667 5 22 8 14 2 9.5 9.5 9.5 12 2 14.5 9.5 22 9.5 16 14 19 22"[39m
                          [36m/>[39m
                        [36m</svg>[39m
                      [36m</div>[39m
                    [36m</label>[39m
                  [36m</div>[39m
                  [36m<div>[39m
                    [36m<div[39m
                      [33mclass[39m=[32m"base-box css-0"[39m
                    [36m>[39m
                      [36m<svg[39m
                        [33mclass[39m=[32m"star"[39m
                        [33mcolor[39m=[32m"#D4D4D4"[39m
                        [33mdata-testid[39m=[32m"star-icon"[39m
                        [33mfill[39m=[32m"currentColor"[39m
                        [33mheight[39m=[32m"20"[39m
                        [33msize[39m=[32m"20"[39m
                        [33mstroke[39m=[32m"currentColor"[39m
                        [33mstroke-width[39m=[32m"0"[39m
                        [33mstyle[39m=[32m"color: rgb(212, 212, 212);"[39m
                        [33mviewBox[39m=[32m"0 0 24 24"[39m
                        [33mwidth[39m=[32m"20"[39m
                        [33mxmlns[39m=[32m"http://www.w3.org/2000/svg"[39m
                      [36m>[39m
                        [36m<polygon[39m
                          [33mfill-rule[39m=[32m"evenodd"[39m
                          [33mpoints[39m=[32m"12 16.667 5 22 8 14 2 9.5 9.5 9.5 12 2 14.5 9.5 22 9.5 16 14 19 22"[39m
                        [36m/>[39m
                      [36m</svg>[39m
                    [36m</div>[39m
                    [36m<label>[39m
                      [36m<div[39m
                        [33mclass[39m=[32m"star-box css-0"[39m
                        [33mstyle[39m=[32m"width: 100%;"[39m
                      [36m>[39m
                        [36m<svg[39m
                          [33mclass[39m=[32m"star"[39m
                          [33mcolor[39m=[32m"#FFDD00"[39m
                          [33mdata-testid[39m=[32m"star-icon"[39m
                          [33mfill[39m=[32m"currentColor"[39m
                          [33mheight[39m=[32m"20"[39m
                          [33msize[39m=[32m"20"[39m
                          [33mstroke[39m=[32m"currentColor"[39m
                          [33mstroke-width[39m=[...

      74 |     test("Maps each food in the list to a food item component", () => {
      75 |         renderWithProviders(<ItemListUI foodData={foodData} />);
    > 76 |         const foodItems = screen.getAllByTestId("food-item");
         |                                  ^
      77 |         expect(foodItems[0]).toHaveTextContent("Pizza");
      78 |         expect(foodItems[1]).toHaveTextContent("Burger");
      79 |     });

      at Object.getElementError (node_modules/@testing-library/react/node_modules/@testing-library/dom/dist/config.js:37:19)
      at node_modules/@testing-library/react/node_modules/@testing-library/dom/dist/query-helpers.js:76:38
      at getAllByTestId (node_modules/@testing-library/react/node_modules/@testing-library/dom/dist/query-helpers.js:109:15)
      at Object.<anonymous> (src/component-unit-tests/ItemListUI.test.tsx:76:34)

  ● ItemListUI Tests › Render correct number of food based on menu size

    TestingLibraryElementError: Unable to find an element by: [data-testid="food-item"]

    Ignored nodes: comments, script, style
    [36m<body[39m
      [33mclass[39m=[32m"chakra-ui-light"[39m
    [36m>[39m
      [36m<div>[39m
        [36m<div[39m
          [33mclass[39m=[32m"section css-rkcw0p"[39m
          [33mdata-testid[39m=[32m"item-list-box"[39m
        [36m>[39m
          [36m<div[39m
            [33mclass[39m=[32m"css-18u6e8q"[39m
            [33mdata-testid[39m=[32m"menu"[39m
          [36m>[39m
            [36m<div[39m
              [33mclass[39m=[32m"chakra-card dragcard css-mcyr23"[39m
              [33mdata-testid[39m=[32m"Pizza"[39m
              [33mdraggable[39m=[32m"true"[39m
            [36m>[39m
              [36m<div[39m
                [33mclass[39m=[32m"css-dvxtzn"[39m
              [36m>[39m
                [36m<img[39m
                  [33malt[39m=[32m"Pizza"[39m
                  [33mclass[39m=[32m"drag-image css-1fx8nuu"[39m
                  [33msrc[39m=[32m"pizza.jpg"[39m
                [36m/>[39m
                [36m<p[39m
                  [33mclass[39m=[32m"chakra-text desc price css-rnfcb0"[39m
                [36m>[39m
                  [0m$10.99[0m
                [36m</p>[39m
              [36m</div>[39m
              [36m<div[39m
                [33mclass[39m=[32m"chakra-stack css-n21gh5"[39m
              [36m>[39m
                [36m<div[39m
                  [33mclass[39m=[32m"chakra-card__body css-1idwstw"[39m
                [36m>[39m
                  [36m<div[39m
                    [33mclass[39m=[32m"foodTitle"[39m
                  [36m>[39m
                    [36m<h2[39m
                      [33mclass[39m=[32m"chakra-heading css-1dalxjy"[39m
                    [36m>[39m
                      [0mPizza[0m
                    [36m</h2>[39m
                  [36m</div>[39m
                  [36m<div[39m
                    [33mclass[39m=[32m"desc"[39m
                  [36m>[39m
                    [36m<p[39m
                      [33mclass[39m=[32m"chakra-text css-jvs47b"[39m
                    [36m>[39m
                      [0mA delicious pizza[0m
                    [36m</p>[39m
                  [36m</div>[39m
                  [36m<div[39m
                    [33mclass[39m=[32m"ingredients"[39m
                  [36m>[39m
                    [0mIngredients: Tomato sauce, Cheese, Pepperoni[0m
                  [36m</div>[39m
                [36m</div>[39m
                [36m<div[39m
                  [33mclass[39m=[32m"chakra-card__footer css-1a7q9t8"[39m
                [36m>[39m
                  [36m<div>[39m
                    [36m<div[39m
                      [33mclass[39m=[32m"base-box css-0"[39m
                    [36m>[39m
                      [36m<svg[39m
                        [33mclass[39m=[32m"star"[39m
                        [33mcolor[39m=[32m"#D4D4D4"[39m
                        [33mdata-testid[39m=[32m"star-icon"[39m
                        [33mfill[39m=[32m"currentColor"[39m
                        [33mheight[39m=[32m"20"[39m
                        [33msize[39m=[32m"20"[39m
                        [33mstroke[39m=[32m"currentColor"[39m
                        [33mstroke-width[39m=[32m"0"[39m
                        [33mstyle[39m=[32m"color: rgb(212, 212, 212);"[39m
                        [33mviewBox[39m=[32m"0 0 24 24"[39m
                        [33mwidth[39m=[32m"20"[39m
                        [33mxmlns[39m=[32m"http://www.w3.org/2000/svg"[39m
                      [36m>[39m
                        [36m<polygon[39m
                          [33mfill-rule[39m=[32m"evenodd"[39m
                          [33mpoints[39m=[32m"12 16.667 5 22 8 14 2 9.5 9.5 9.5 12 2 14.5 9.5 22 9.5 16 14 19 22"[39m
                        [36m/>[39m
                      [36m</svg>[39m
                    [36m</div>[39m
                    [36m<label>[39m
                      [36m<div[39m
                        [33mclass[39m=[32m"star-box css-0"[39m
                        [33mstyle[39m=[32m"width: 100%;"[39m
                      [36m>[39m
                        [36m<svg[39m
                          [33mclass[39m=[32m"star"[39m
                          [33mcolor[39m=[32m"#FFDD00"[39m
                          [33mdata-testid[39m=[32m"star-icon"[39m
                          [33mfill[39m=[32m"currentColor"[39m
                          [33mheight[39m=[32m"20"[39m
                          [33msize[39m=[32m"20"[39m
                          [33mstroke[39m=[32m"currentColor"[39m
                          [33mstroke-width[39m=[32m"0"[39m
                          [33mstyle[39m=[32m"color: rgb(255, 221, 0);"[39m
                          [33mviewBox[39m=[32m"0 0 24 24"[39m
                          [33mwidth[39m=[32m"20"[39m
                          [33mxmlns[39m=[32m"http://www.w3.org/2000/svg"[39m
                        [36m>[39m
                          [36m<polygon[39m
                            [33mfill-rule[39m=[32m"evenodd"[39m
                            [33mpoints[39m=[32m"12 16.667 5 22 8 14 2 9.5 9.5 9.5 12 2 14.5 9.5 22 9.5 16 14 19 22"[39m
                          [36m/>[39m
                        [36m</svg>[39m
                      [36m</div>[39m
                    [36m</label>[39m
                  [36m</div>[39m
                  [36m<div>[39m
                    [36m<div[39m
                      [33mclass[39m=[32m"base-box css-0"[39m
                    [36m>[39m
                      [36m<svg[39m
                        [33mclass[39m=[32m"star"[39m
                        [33mcolor[39m=[32m"#D4D4D4"[39m
                        [33mdata-testid[39m=[32m"star-icon"[39m
                        [33mfill[39m=[32m"currentColor"[39m
                        [33mheight[39m=[32m"20"[39m
                        [33msize[39m=[32m"20"[39m
                        [33mstroke[39m=[32m"currentColor"[39m
                        [33mstroke-width[39m=[32m"0"[39m
                        [33mstyle[39m=[32m"color: rgb(212, 212, 212);"[39m
                        [33mviewBox[39m=[32m"0 0 24 24"[39m
                        [33mwidth[39m=[32m"20"[39m
                        [33mxmlns[39m=[32m"http://www.w3.org/2000/svg"[39m
                      [36m>[39m
                        [36m<polygon[39m
                          [33mfill-rule[39m=[32m"evenodd"[39m
                          [33mpoints[39m=[32m"12 16.667 5 22 8 14 2 9.5 9.5 9.5 12 2 14.5 9.5 22 9.5 16 14 19 22"[39m
                        [36m/>[39m
                      [36m</svg>[39m
                    [36m</div>[39m
                    [36m<label>[39m
                      [36m<div[39m
                        [33mclass[39m=[32m"star-box css-0"[39m
                        [33mstyle[39m=[32m"width: 100%;"[39m
                      [36m>[39m
                        [36m<svg[39m
                          [33mclass[39m=[32m"star"[39m
                          [33mcolor[39m=[32m"#FFDD00"[39m
                          [33mdata-testid[39m=[32m"star-icon"[39m
                          [33mfill[39m=[32m"currentColor"[39m
                          [33mheight[39m=[32m"20"[39m
                          [33msize[39m=[32m"20"[39m
                          [33mstroke[39m=[32m"currentColor"[39m
                          [33mstroke-width[39m=[...

      88 |     test("Render correct number of food based on menu size", () => {
      89 |         renderWithProviders(<ItemListUI foodData={foodData} />);
    > 90 |         const foodItems = screen.getAllByTestId("food-item");
         |                                  ^
      91 |         expect(foodItems.length).toEqual(2);
      92 |     });
      93 | });

      at Object.getElementError (node_modules/@testing-library/react/node_modules/@testing-library/dom/dist/config.js:37:19)
      at node_modules/@testing-library/react/node_modules/@testing-library/dom/dist/query-helpers.js:76:38
      at getAllByTestId (node_modules/@testing-library/react/node_modules/@testing-library/dom/dist/query-helpers.js:109:15)
      at Object.<anonymous> (src/component-unit-tests/ItemListUI.test.tsx:90:34)

PASS src/component-unit-tests/AddDeleteUsers.test.tsx
PASS src/component-unit-tests/SelectRole.test.tsx
PASS src/component-unit-tests/RatingFeature.test.tsx
PASS src/component-unit-tests/RemoveFood.test.tsx
  ● Console

    console.error
      Warning: validateDOMNesting(...): <button> cannot appear as a descendant of <button>.
          at button
          at /home/runner/work/restaurant-menu/restaurant-menu/node_modules/@emotion/react/dist/emotion-element-b63ca7c6.cjs.dev.js:43:23
          at ChakraComponent (/home/runner/work/restaurant-menu/restaurant-menu/node_modules/@chakra-ui/system/dist/index.js:228:71)
          at /home/runner/work/restaurant-menu/restaurant-menu/node_modules/@chakra-ui/button/dist/index.js:120:17
          at button
          at /home/runner/work/restaurant-menu/restaurant-menu/node_modules/@emotion/react/dist/emotion-element-b63ca7c6.cjs.dev.js:43:23
          at ChakraComponent (/home/runner/work/restaurant-menu/restaurant-menu/node_modules/@chakra-ui/system/dist/index.js:228:71)
          at AccordionButton2 (/home/runner/work/restaurant-menu/restaurant-menu/node_modules/@chakra-ui/accordion/dist/index.js:293:32)
          at h2
          at div
          at /home/runner/work/restaurant-menu/restaurant-menu/node_modules/@emotion/react/dist/emotion-element-b63ca7c6.cjs.dev.js:43:23
          at ChakraComponent (/home/runner/work/restaurant-menu/restaurant-menu/node_modules/@chakra-ui/system/dist/index.js:228:71)
          at AccordionItem2 (/home/runner/work/restaurant-menu/restaurant-menu/node_modules/@chakra-ui/accordion/dist/index.js:358:13)
          at div
          at /home/runner/work/restaurant-menu/restaurant-menu/node_modules/@emotion/react/dist/emotion-element-b63ca7c6.cjs.dev.js:43:23
          at ChakraComponent (/home/runner/work/restaurant-menu/restaurant-menu/node_modules/@chakra-ui/system/dist/index.js:228:71)
          at Accordion2 (/home/runner/work/restaurant-menu/restaurant-menu/node_modules/@chakra-ui/accordion/dist/index.js:266:69)
          at div
          at /home/runner/work/restaurant-menu/restaurant-menu/node_modules/@emotion/react/dist/emotion-element-b63ca7c6.cjs.dev.js:43:23
          at ChakraComponent (/home/runner/work/restaurant-menu/restaurant-menu/node_modules/@chakra-ui/system/dist/index.js:228:71)
          at Flex2 (/home/runner/work/restaurant-menu/restaurant-menu/node_modules/@chakra-ui/layout/dist/index.js:307:11)
          at div
          at /home/runner/work/restaurant-menu/restaurant-menu/node_modules/@emotion/react/dist/emotion-element-b63ca7c6.cjs.dev.js:43:23
          at ChakraComponent (/home/runner/work/restaurant-menu/restaurant-menu/node_modules/@chakra-ui/system/dist/index.js:228:71)
          at Grid2 (/home/runner/work/restaurant-menu/restaurant-menu/node_modules/@chakra-ui/layout/dist/index.js:327:5)
          at div
          at /home/runner/work/restaurant-menu/restaurant-menu/node_modules/@emotion/react/dist/emotion-element-b63ca7c6.cjs.dev.js:43:23
          at ChakraComponent (/home/runner/work/restaurant-menu/restaurant-menu/node_modules/@chakra-ui/system/dist/index.js:228:71)
          at /home/runner/work/restaurant-menu/restaurant-menu/node_modules/@chakra-ui/layout/dist/index.js:763:5
          at VStack
          at RemoveFood (/home/runner/work/restaurant-menu/restaurant-menu/src/components/RemoveFood.tsx:23:45)
          at Router (/home/runner/work/restaurant-menu/restaurant-menu/node_modules/react-router/lib/components.tsx:311:13)
          at BrowserRouter (/home/runner/work/restaurant-menu/restaurant-menu/node_modules/react-router-dom/index.tsx:297:3)

      24 | describe("RemoveFood Tests", () => {
      25 |     test("Renders the RemoveFood component", () => {
    > 26 |         render(
         |               ^
      27 |             <BrowserRouter>
      28 |                 <RemoveFood />
      29 |             </BrowserRouter>

      at printWarning (node_modules/react-dom/cjs/react-dom.development.js:86:30)
      at error (node_modules/react-dom/cjs/react-dom.development.js:60:7)
      at validateDOMNesting (node_modules/react-dom/cjs/react-dom.development.js:10849:7)
      at createInstance (node_modules/react-dom/cjs/react-dom.development.js:10930:5)
      at completeWork (node_modules/react-dom/cjs/react-dom.development.js:22187:28)
      at completeUnitOfWork (node_modules/react-dom/cjs/react-dom.development.js:26593:16)
      at performUnitOfWork (node_modules/react-dom/cjs/react-dom.development.js:26568:5)
      at workLoopSync (node_modules/react-dom/cjs/react-dom.development.js:26466:5)
      at renderRootSync (node_modules/react-dom/cjs/react-dom.development.js:26434:7)
      at performConcurrentWorkOnRoot (node_modules/react-dom/cjs/react-dom.development.js:25738:74)
      at flushActQueue (node_modules/react/cjs/react.development.js:2667:24)
      at act (node_modules/react/cjs/react.development.js:2582:11)
      at node_modules/@testing-library/react/dist/act-compat.js:63:25
      at renderRoot (node_modules/@testing-library/react/dist/pure.js:159:26)
      at render (node_modules/@testing-library/react/dist/pure.js:246:10)
      at Object.<anonymous> (src/component-unit-tests/RemoveFood.test.tsx:26:15)

FAIL src/pages/ManageFoods.test.tsx
  ● Console

    console.error
      Warning: Invalid DOM property `font-weight`. Did you mean `fontWeight`?
          at p
          at /home/runner/work/restaurant-menu/restaurant-menu/node_modules/@emotion/react/dist/emotion-element-b63ca7c6.cjs.dev.js:43:23
          at ChakraComponent (/home/runner/work/restaurant-menu/restaurant-menu/node_modules/@chakra-ui/system/dist/index.js:228:71)
          at Text2 (/home/runner/work/restaurant-menu/restaurant-menu/node_modules/@chakra-ui/layout/dist/index.js:871:53)
          at ButtonContent (/home/runner/work/restaurant-menu/restaurant-menu/node_modules/@chakra-ui/button/dist/index.js:196:11)
          at button
          at /home/runner/work/restaurant-menu/restaurant-menu/node_modules/@emotion/react/dist/emotion-element-b63ca7c6.cjs.dev.js:43:23
          at ChakraComponent (/home/runner/work/restaurant-menu/restaurant-menu/node_modules/@chakra-ui/system/dist/index.js:228:71)
          at /home/runner/work/restaurant-menu/restaurant-menu/node_modules/@chakra-ui/button/dist/index.js:120:17
          at div
          at /home/runner/work/restaurant-menu/restaurant-menu/node_modules/@emotion/react/dist/emotion-element-b63ca7c6.cjs.dev.js:43:23
          at ChakraComponent (/home/runner/work/restaurant-menu/restaurant-menu/node_modules/@chakra-ui/system/dist/index.js:228:71)
          at Grid2 (/home/runner/work/restaurant-menu/restaurant-menu/node_modules/@chakra-ui/layout/dist/index.js:327:5)
          at div
          at /home/runner/work/restaurant-menu/restaurant-menu/node_modules/@emotion/react/dist/emotion-element-b63ca7c6.cjs.dev.js:43:23
          at ChakraComponent (/home/runner/work/restaurant-menu/restaurant-menu/node_modules/@chakra-ui/system/dist/index.js:228:71)
          at div
          at OwnerLanding
          at DndProvider (/home/runner/work/restaurant-menu/restaurant-menu/node_modules/react-dnd/src/core/DndProvider.tsx:28:25)
          at EnvironmentProvider (/home/runner/work/restaurant-menu/restaurant-menu/node_modules/@chakra-ui/react-env/dist/index.js:51:11)
          at ColorModeProvider (/home/runner/work/restaurant-menu/restaurant-menu/node_modules/@chakra-ui/color-mode/dist/index.js:180:5)
          at ThemeProvider (/home/runner/work/restaurant-menu/restaurant-menu/node_modules/@emotion/react/dist/emotion-element-b63ca7c6.cjs.dev.js:106:21)
          at ThemeProvider (/home/runner/work/restaurant-menu/restaurant-menu/node_modules/@chakra-ui/system/dist/index.js:129:11)
          at ChakraProvider (/home/runner/work/restaurant-menu/restaurant-menu/node_modules/@chakra-ui/provider/dist/index.js:35:5)
          at ChakraProvider2 (/home/runner/work/restaurant-menu/restaurant-menu/node_modules/@chakra-ui/react/dist/index.js:83:5)
          at Router (/home/runner/work/restaurant-menu/restaurant-menu/node_modules/react-router/lib/components.tsx:311:13)
          at HashRouter (/home/runner/work/restaurant-menu/restaurant-menu/node_modules/react-router-dom/index.tsx:335:30)
          at Wrapper (/home/runner/work/restaurant-menu/restaurant-menu/src/pages/ManageFoods.test.tsx:23:24)

      29 |     );
      30 |
    > 31 |     return render(ui, { wrapper: Wrapper });
         |                  ^
      32 | };
      33 |
      34 | describe("ManageFoods tests", () => {

      at printWarning (node_modules/react-dom/cjs/react-dom.development.js:86:30)
      at error (node_modules/react-dom/cjs/react-dom.development.js:60:7)
      at validateProperty$1 (node_modules/react-dom/cjs/react-dom.development.js:3749:9)
      at warnUnknownProperties (node_modules/react-dom/cjs/react-dom.development.js:3803:21)
      at validateProperties$2 (node_modules/react-dom/cjs/react-dom.development.js:3827:3)
      at validatePropertiesInDevelopment (node_modules/react-dom/cjs/react-dom.development.js:9541:5)
      at setInitialProperties (node_modules/react-dom/cjs/react-dom.development.js:9830:5)
      at finalizeInitialChildren (node_modules/react-dom/cjs/react-dom.development.js:10950:3)
      at completeWork (node_modules/react-dom/cjs/react-dom.development.js:22193:17)
      at completeUnitOfWork (node_modules/react-dom/cjs/react-dom.development.js:26593:16)
      at performUnitOfWork (node_modules/react-dom/cjs/react-dom.development.js:26568:5)
      at workLoopSync (node_modules/react-dom/cjs/react-dom.development.js:26466:5)
      at renderRootSync (node_modules/react-dom/cjs/react-dom.development.js:26434:7)
      at performConcurrentWorkOnRoot (node_modules/react-dom/cjs/react-dom.development.js:25738:74)
      at flushActQueue (node_modules/react/cjs/react.development.js:2667:24)
      at act (node_modules/react/cjs/react.development.js:2582:11)
      at node_modules/@testing-library/react/dist/act-compat.js:63:25
      at renderRoot (node_modules/@testing-library/react/dist/pure.js:159:26)
      at render (node_modules/@testing-library/react/dist/pure.js:246:10)
      at renderWithProviders (src/pages/ManageFoods.test.tsx:31:18)
      at Object.<anonymous> (src/pages/ManageFoods.test.tsx:36:9)

  ● ManageFoods tests › clicking the 'Add / Remove' button navigates to the AddFood page

    expect(received).toBe(expected) // Object.is equality

    Expected: "#/AddFood"
    Received: "#/AddRemoveFood"

      47 |         const addButton = screen.getByText("Add / Remove");
      48 |         addButton.click();
    > 49 |         expect(window.location.hash).toBe("#/AddFood");
         |                                      ^
      50 |     });
      51 |
      52 |     test("render edit button", () => {

      at Object.<anonymous> (src/pages/ManageFoods.test.tsx:49:38)

FAIL src/component-unit-tests/NavBar.test.tsx
  ● NavBar tests › edit foods button is displayed initially

    TestingLibraryElementError: Unable to find an element with the text: /edit food/i. This could be because the text is broken up by multiple elements. In this case, you can provide a function for your text matcher to make your matcher more flexible.

    Ignored nodes: comments, script, style
    [36m<body>[39m
      [36m<div>[39m
        [36m<nav[39m
          [33mclass[39m=[32m"navbar css-mz9qt7"[39m
          [33mdata-testid[39m=[32m"bar"[39m
        [36m>[39m
          [36m<a[39m
            [33mhref[39m=[32m"/"[39m
          [36m>[39m
            [36m<span[39m
              [33mclass[39m=[32m"navbtn css-15ro776"[39m
            [36m>[39m
              [0mmenu[0m
            [36m</span>[39m
          [36m</a>[39m
          [36m<a[39m
            [33mhref[39m=[32m"/AboutUs"[39m
          [36m>[39m
            [36m<span[39m
              [33mclass[39m=[32m"navbtn css-0"[39m
            [36m>[39m
              [0mabout us[0m
            [36m</span>[39m
          [36m</a>[39m
        [36m</nav>[39m
      [36m</div>[39m
    [36m</body>[39m

      37 |             </BrowserRouter>
      38 |         );
    > 39 |         expect(screen.getByText(/edit food/i)).toBeInTheDocument();
         |                       ^
      40 |     });
      41 |     test("edit users button is displayed initially", () => {
      42 |         render(

      at Object.getElementError (node_modules/@testing-library/react/node_modules/@testing-library/dom/dist/config.js:37:19)
      at node_modules/@testing-library/react/node_modules/@testing-library/dom/dist/query-helpers.js:76:38
      at node_modules/@testing-library/react/node_modules/@testing-library/dom/dist/query-helpers.js:52:17
      at getByText (node_modules/@testing-library/react/node_modules/@testing-library/dom/dist/query-helpers.js:95:19)
      at Object.<anonymous> (src/component-unit-tests/NavBar.test.tsx:39:23)

  ● NavBar tests › edit users button is displayed initially

    TestingLibraryElementError: Unable to find an element with the text: /manage users/i. This could be because the text is broken up by multiple elements. In this case, you can provide a function for your text matcher to make your matcher more flexible.

    Ignored nodes: comments, script, style
    [36m<body>[39m
      [36m<div>[39m
        [36m<nav[39m
          [33mclass[39m=[32m"navbar css-mz9qt7"[39m
          [33mdata-testid[39m=[32m"bar"[39m
        [36m>[39m
          [36m<a[39m
            [33mhref[39m=[32m"/"[39m
          [36m>[39m
            [36m<span[39m
              [33mclass[39m=[32m"navbtn css-15ro776"[39m
            [36m>[39m
              [0mmenu[0m
            [36m</span>[39m
          [36m</a>[39m
          [36m<a[39m
            [33mhref[39m=[32m"/AboutUs"[39m
          [36m>[39m
            [36m<span[39m
              [33mclass[39m=[32m"navbtn css-0"[39m
            [36m>[39m
              [0mabout us[0m
            [36m</span>[39m
          [36m</a>[39m
        [36m</nav>[39m
      [36m</div>[39m
    [36m</body>[39m

      45 |             </BrowserRouter>
      46 |         );
    > 47 |         expect(screen.getByText(/manage users/i)).toBeInTheDocument();
         |                       ^
      48 |     });
      49 |     test("edit users disapperas when admin is selected", async () => {
      50 |         render(

      at Object.getElementError (node_modules/@testing-library/react/node_modules/@testing-library/dom/dist/config.js:37:19)
      at node_modules/@testing-library/react/node_modules/@testing-library/dom/dist/query-helpers.js:76:38
      at node_modules/@testing-library/react/node_modules/@testing-library/dom/dist/query-helpers.js:52:17
      at getByText (node_modules/@testing-library/react/node_modules/@testing-library/dom/dist/query-helpers.js:95:19)
      at Object.<anonymous> (src/component-unit-tests/NavBar.test.tsx:47:23)

PASS src/App.test.tsx
  ● Console

    console.error
      Warning: validateDOMNesting(...): <button> cannot appear as a descendant of <button>.
          at button
          at /home/runner/work/restaurant-menu/restaurant-menu/node_modules/@emotion/react/dist/emotion-element-b63ca7c6.cjs.dev.js:43:23
          at ChakraComponent (/home/runner/work/restaurant-menu/restaurant-menu/node_modules/@chakra-ui/system/dist/index.js:228:71)
          at /home/runner/work/restaurant-menu/restaurant-menu/node_modules/@chakra-ui/button/dist/index.js:120:17
          at button
          at /home/runner/work/restaurant-menu/restaurant-menu/node_modules/@emotion/react/dist/emotion-element-b63ca7c6.cjs.dev.js:43:23
          at ChakraComponent (/home/runner/work/restaurant-menu/restaurant-menu/node_modules/@chakra-ui/system/dist/index.js:228:71)
          at AccordionButton2 (/home/runner/work/restaurant-menu/restaurant-menu/node_modules/@chakra-ui/accordion/dist/index.js:293:32)
          at h2
          at div
          at /home/runner/work/restaurant-menu/restaurant-menu/node_modules/@emotion/react/dist/emotion-element-b63ca7c6.cjs.dev.js:43:23
          at ChakraComponent (/home/runner/work/restaurant-menu/restaurant-menu/node_modules/@chakra-ui/system/dist/index.js:228:71)
          at AccordionItem2 (/home/runner/work/restaurant-menu/restaurant-menu/node_modules/@chakra-ui/accordion/dist/index.js:358:13)
          at div
          at /home/runner/work/restaurant-menu/restaurant-menu/node_modules/@emotion/react/dist/emotion-element-b63ca7c6.cjs.dev.js:43:23
          at ChakraComponent (/home/runner/work/restaurant-menu/restaurant-menu/node_modules/@chakra-ui/system/dist/index.js:228:71)
          at Accordion2 (/home/runner/work/restaurant-menu/restaurant-menu/node_modules/@chakra-ui/accordion/dist/index.js:266:69)
          at div
          at /home/runner/work/restaurant-menu/restaurant-menu/node_modules/@emotion/react/dist/emotion-element-b63ca7c6.cjs.dev.js:43:23
          at ChakraComponent (/home/runner/work/restaurant-menu/restaurant-menu/node_modules/@chakra-ui/system/dist/index.js:228:71)
          at Flex2 (/home/runner/work/restaurant-menu/restaurant-menu/node_modules/@chakra-ui/layout/dist/index.js:307:11)
          at div
          at /home/runner/work/restaurant-menu/restaurant-menu/node_modules/@emotion/react/dist/emotion-element-b63ca7c6.cjs.dev.js:43:23
          at ChakraComponent (/home/runner/work/restaurant-menu/restaurant-menu/node_modules/@chakra-ui/system/dist/index.js:228:71)
          at Grid2 (/home/runner/work/restaurant-menu/restaurant-menu/node_modules/@chakra-ui/layout/dist/index.js:327:5)
          at div
          at /home/runner/work/restaurant-menu/restaurant-menu/node_modules/@emotion/react/dist/emotion-element-b63ca7c6.cjs.dev.js:43:23
          at ChakraComponent (/home/runner/work/restaurant-menu/restaurant-menu/node_modules/@chakra-ui/system/dist/index.js:228:71)
          at /home/runner/work/restaurant-menu/restaurant-menu/node_modules/@chakra-ui/layout/dist/index.js:763:5
          at VStack
          at RemoveFood (/home/runner/work/restaurant-menu/restaurant-menu/src/components/RemoveFood.tsx:23:45)
          at div
          at /home/runner/work/restaurant-menu/restaurant-menu/node_modules/@emotion/react/dist/emotion-element-b63ca7c6.cjs.dev.js:43:23
          at ChakraComponent (/home/runner/work/restaurant-menu/restaurant-menu/node_modules/@chakra-ui/system/dist/index.js:228:71)
          at GridItem2 (/home/runner/work/restaurant-menu/restaurant-menu/node_modules/@chakra-ui/layout/dist/index.js:371:5)
          at div
          at /home/runner/work/restaurant-menu/restaurant-menu/node_modules/@emotion/react/dist/emotion-element-b63ca7c6.cjs.dev.js:43:23
          at ChakraComponent (/home/runner/work/restaurant-menu/restaurant-menu/node_modules/@chakra-ui/system/dist/index.js:228:71)
          at Grid2 (/home/runner/work/restaurant-menu/restaurant-menu/node_modules/@chakra-ui/layout/dist/index.js:327:5)
          at div
          at /home/runner/work/restaurant-menu/restaurant-menu/node_modules/@emotion/react/dist/emotion-element-b63ca7c6.cjs.dev.js:43:23
          at ChakraComponent (/home/runner/work/restaurant-menu/restaurant-menu/node_modules/@chakra-ui/system/dist/index.js:228:71)
          at div
          at AddFood
          at RenderedRoute (/home/runner/work/restaurant-menu/restaurant-menu/node_modules/react-router/lib/hooks.tsx:579:26)
          at Routes (/home/runner/work/restaurant-menu/restaurant-menu/node_modules/react-router/lib/components.tsx:393:3)
          at App
          at DndProvider (/home/runner/work/restaurant-menu/restaurant-menu/node_modules/react-dnd/src/core/DndProvider.tsx:28:25)
          at EnvironmentProvider (/home/runner/work/restaurant-menu/restaurant-menu/node_modules/@chakra-ui/react-env/dist/index.js:51:11)
          at ColorModeProvider (/home/runner/work/restaurant-menu/restaurant-menu/node_modules/@chakra-ui/color-mode/dist/index.js:180:5)
          at ThemeProvider (/home/runner/work/restaurant-menu/restaurant-menu/node_modules/@emotion/react/dist/emotion-element-b63ca7c6.cjs.dev.js:106:21)
          at ThemeProvider (/home/runner/work/restaurant-menu/restaurant-menu/node_modules/@chakra-ui/system/dist/index.js:129:11)
          at ChakraProvider (/home/runner/work/restaurant-menu/restaurant-menu/node_modules/@chakra-ui/provider/dist/index.js:35:5)
          at ChakraProvider2 (/home/runner/work/restaurant-menu/restaurant-menu/node_modules/@chakra-ui/react/dist/index.js:83:5)
          at Router (/home/runner/work/restaurant-menu/restaurant-menu/node_modules/react-router/lib/components.tsx:311:13)
          at MemoryRouter (/home/runner/work/restaurant-menu/restaurant-menu/node_modules/react-router/lib/components.tsx:141:3)
          at Wrapper (/home/runner/work/restaurant-menu/restaurant-menu/src/App.test.tsx:23:24)

      29 |     );
      30 |
    > 31 |     return render(ui, { wrapper: Wrapper });
         |                  ^
      32 | };
      33 |
      34 | describe("App", () => {

      at printWarning (node_modules/react-dom/cjs/react-dom.development.js:86:30)
      at error (node_modules/react-dom/cjs/react-dom.development.js:60:7)
      at validateDOMNesting (node_modules/react-dom/cjs/react-dom.development.js:10849:7)
      at createInstance (node_modules/react-dom/cjs/react-dom.development.js:10930:5)
      at completeWork (node_modules/react-dom/cjs/react-dom.development.js:22187:28)
      at completeUnitOfWork (node_modules/react-dom/cjs/react-dom.development.js:26593:16)
      at performUnitOfWork (node_modules/react-dom/cjs/react-dom.development.js:26568:5)
      at workLoopSync (node_modules/react-dom/cjs/react-dom.development.js:26466:5)
      at renderRootSync (node_modules/react-dom/cjs/react-dom.development.js:26434:7)
      at performConcurrentWorkOnRoot (node_modules/react-dom/cjs/react-dom.development.js:25738:74)
      at flushActQueue (node_modules/react/cjs/react.development.js:2667:24)
      at act (node_modules/react/cjs/react.development.js:2582:11)
      at node_modules/@testing-library/react/dist/act-compat.js:63:25
      at renderRoot (node_modules/@testing-library/react/dist/pure.js:159:26)
      at render (node_modules/@testing-library/react/dist/pure.js:246:10)
      at renderWithProviders (src/App.test.tsx:31:18)
      at Object.<anonymous> (src/App.test.tsx:51:9)

    console.error
      Warning: Invalid DOM property `font-weight`. Did you mean `fontWeight`?
          at p
          at /home/runner/work/restaurant-menu/restaurant-menu/node_modules/@emotion/react/dist/emotion-element-b63ca7c6.cjs.dev.js:43:23
          at ChakraComponent (/home/runner/work/restaurant-menu/restaurant-menu/node_modules/@chakra-ui/system/dist/index.js:228:71)
          at Text2 (/home/runner/work/restaurant-menu/restaurant-menu/node_modules/@chakra-ui/layout/dist/index.js:871:53)
          at ButtonContent (/home/runner/work/restaurant-menu/restaurant-menu/node_modules/@chakra-ui/button/dist/index.js:196:11)
          at button
          at /home/runner/work/restaurant-menu/restaurant-menu/node_modules/@emotion/react/dist/emotion-element-b63ca7c6.cjs.dev.js:43:23
          at ChakraComponent (/home/runner/work/restaurant-menu/restaurant-menu/node_modules/@chakra-ui/system/dist/index.js:228:71)
          at /home/runner/work/restaurant-menu/restaurant-menu/node_modules/@chakra-ui/button/dist/index.js:120:17
          at div
          at /home/runner/work/restaurant-menu/restaurant-menu/node_modules/@emotion/react/dist/emotion-element-b63ca7c6.cjs.dev.js:43:23
          at ChakraComponent (/home/runner/work/restaurant-menu/restaurant-menu/node_modules/@chakra-ui/system/dist/index.js:228:71)
          at Grid2 (/home/runner/work/restaurant-menu/restaurant-menu/node_modules/@chakra-ui/layout/dist/index.js:327:5)
          at div
          at /home/runner/work/restaurant-menu/restaurant-menu/node_modules/@emotion/react/dist/emotion-element-b63ca7c6.cjs.dev.js:43:23
          at ChakraComponent (/home/runner/work/restaurant-menu/restaurant-menu/node_modules/@chakra-ui/system/dist/index.js:228:71)
          at div
          at OwnerLanding (/home/runner/work/restaurant-menu/restaurant-menu/src/pages/OwnerLanding.tsx:19:45)
          at RenderedRoute (/home/runner/work/restaurant-menu/restaurant-menu/node_modules/react-router/lib/hooks.tsx:579:26)
          at Routes (/home/runner/work/restaurant-menu/restaurant-menu/node_modules/react-router/lib/components.tsx:393:3)
          at App
          at DndProvider (/home/runner/work/restaurant-menu/restaurant-menu/node_modules/react-dnd/src/core/DndProvider.tsx:28:25)
          at EnvironmentProvider (/home/runner/work/restaurant-menu/restaurant-menu/node_modules/@chakra-ui/react-env/dist/index.js:51:11)
          at ColorModeProvider (/home/runner/work/restaurant-menu/restaurant-menu/node_modules/@chakra-ui/color-mode/dist/index.js:180:5)
          at ThemeProvider (/home/runner/work/restaurant-menu/restaurant-menu/node_modules/@emotion/react/dist/emotion-element-b63ca7c6.cjs.dev.js:106:21)
          at ThemeProvider (/home/runner/work/restaurant-menu/restaurant-menu/node_modules/@chakra-ui/system/dist/index.js:129:11)
          at ChakraProvider (/home/runner/work/restaurant-menu/restaurant-menu/node_modules/@chakra-ui/provider/dist/index.js:35:5)
          at ChakraProvider2 (/home/runner/work/restaurant-menu/restaurant-menu/node_modules/@chakra-ui/react/dist/index.js:83:5)
          at Router (/home/runner/work/restaurant-menu/restaurant-menu/node_modules/react-router/lib/components.tsx:311:13)
          at MemoryRouter (/home/runner/work/restaurant-menu/restaurant-menu/node_modules/react-router/lib/components.tsx:141:3)
          at Wrapper (/home/runner/work/restaurant-menu/restaurant-menu/src/App.test.tsx:23:24)

      29 |     );
      30 |
    > 31 |     return render(ui, { wrapper: Wrapper });
         |                  ^
      32 | };
      33 |
      34 | describe("App", () => {

      at printWarning (node_modules/react-dom/cjs/react-dom.development.js:86:30)
      at error (node_modules/react-dom/cjs/react-dom.development.js:60:7)
      at validateProperty$1 (node_modules/react-dom/cjs/react-dom.development.js:3749:9)
      at warnUnknownProperties (node_modules/react-dom/cjs/react-dom.development.js:3803:21)
      at validateProperties$2 (node_modules/react-dom/cjs/react-dom.development.js:3827:3)
      at validatePropertiesInDevelopment (node_modules/react-dom/cjs/react-dom.development.js:9541:5)
      at setInitialProperties (node_modules/react-dom/cjs/react-dom.development.js:9830:5)
      at finalizeInitialChildren (node_modules/react-dom/cjs/react-dom.development.js:10950:3)
      at completeWork (node_modules/react-dom/cjs/react-dom.development.js:22193:17)
      at completeUnitOfWork (node_modules/react-dom/cjs/react-dom.development.js:26593:16)
      at performUnitOfWork (node_modules/react-dom/cjs/react-dom.development.js:26568:5)
      at workLoopSync (node_modules/react-dom/cjs/react-dom.development.js:26466:5)
      at renderRootSync (node_modules/react-dom/cjs/react-dom.development.js:26434:7)
      at performConcurrentWorkOnRoot (node_modules/react-dom/cjs/react-dom.development.js:25738:74)
      at flushActQueue (node_modules/react/cjs/react.development.js:2667:24)
      at act (node_modules/react/cjs/react.development.js:2582:11)
      at node_modules/@testing-library/react/dist/act-compat.js:63:25
      at renderRoot (node_modules/@testing-library/react/dist/pure.js:159:26)
      at render (node_modules/@testing-library/react/dist/pure.js:246:10)
      at renderWithProviders (src/App.test.tsx:31:18)
      at Object.<anonymous> (src/App.test.tsx:56:9)

FAIL src/component-unit-tests/EditFoodTabs.test.tsx
  ● Console

    console.error
      Error: Uncaught [ContextError: useTabsContext: `context` is undefined. Seems you forgot to wrap all tabs components within <Tabs />]
          at reportException (/home/runner/work/restaurant-menu/restaurant-menu/node_modules/jsdom/lib/jsdom/living/helpers/runtime-script-errors.js:66:24)
          at innerInvokeEventListeners (/home/runner/work/restaurant-menu/restaurant-menu/node_modules/jsdom/lib/jsdom/living/events/EventTarget-impl.js:341:9)
          at invokeEventListeners (/home/runner/work/restaurant-menu/restaurant-menu/node_modules/jsdom/lib/jsdom/living/events/EventTarget-impl.js:274:3)
          at HTMLUnknownElementImpl._dispatch (/home/runner/work/restaurant-menu/restaurant-menu/node_modules/jsdom/lib/jsdom/living/events/EventTarget-impl.js:221:9)
          at HTMLUnknownElementImpl.dispatchEvent (/home/runner/work/restaurant-menu/restaurant-menu/node_modules/jsdom/lib/jsdom/living/events/EventTarget-impl.js:94:17)
          at HTMLUnknownElement.dispatchEvent (/home/runner/work/restaurant-menu/restaurant-menu/node_modules/jsdom/lib/jsdom/living/generated/EventTarget.js:231:34)
          at Object.invokeGuardedCallbackDev (/home/runner/work/restaurant-menu/restaurant-menu/node_modules/react-dom/cjs/react-dom.development.js:4213:16)
          at invokeGuardedCallback (/home/runner/work/restaurant-menu/restaurant-menu/node_modules/react-dom/cjs/react-dom.development.js:4277:31)
          at beginWork$1 (/home/runner/work/restaurant-menu/restaurant-menu/node_modules/react-dom/cjs/react-dom.development.js:27451:7)
          at performUnitOfWork (/home/runner/work/restaurant-menu/restaurant-menu/node_modules/react-dom/cjs/react-dom.development.js:26560:12)
          at workLoopSync (/home/runner/work/restaurant-menu/restaurant-menu/node_modules/react-dom/cjs/react-dom.development.js:26466:5)
          at renderRootSync (/home/runner/work/restaurant-menu/restaurant-menu/node_modules/react-dom/cjs/react-dom.development.js:26434:7)
          at performConcurrentWorkOnRoot (/home/runner/work/restaurant-menu/restaurant-menu/node_modules/react-dom/cjs/react-dom.development.js:25738:74)
          at flushActQueue (/home/runner/work/restaurant-menu/restaurant-menu/node_modules/react/cjs/react.development.js:2667:24)
          at act (/home/runner/work/restaurant-menu/restaurant-menu/node_modules/react/cjs/react.development.js:2582:11)
          at /home/runner/work/restaurant-menu/restaurant-menu/node_modules/@testing-library/react/dist/act-compat.js:63:25
          at renderRoot (/home/runner/work/restaurant-menu/restaurant-menu/node_modules/@testing-library/react/dist/pure.js:159:26)
          at render (/home/runner/work/restaurant-menu/restaurant-menu/node_modules/@testing-library/react/dist/pure.js:246:10)
          at renderWithProviders (/home/runner/work/restaurant-menu/restaurant-menu/src/component-unit-tests/EditFoodTabs.test.tsx:31:18)
          at Object.<anonymous> (/home/runner/work/restaurant-menu/restaurant-menu/src/component-unit-tests/EditFoodTabs.test.tsx:35:9)
          at Promise.then.completed (/home/runner/work/restaurant-menu/restaurant-menu/node_modules/jest-circus/build/utils.js:391:28)
          at new Promise (<anonymous>)
          at callAsyncCircusFn (/home/runner/work/restaurant-menu/restaurant-menu/node_modules/jest-circus/build/utils.js:316:10)
          at _callCircusTest (/home/runner/work/restaurant-menu/restaurant-menu/node_modules/jest-circus/build/run.js:218:40)
          at _runTest (/home/runner/work/restaurant-menu/restaurant-menu/node_modules/jest-circus/build/run.js:155:3)
          at _runTestsForDescribeBlock (/home/runner/work/restaurant-menu/restaurant-menu/node_modules/jest-circus/build/run.js:66:9)
          at _runTestsForDescribeBlock (/home/runner/work/restaurant-menu/restaurant-menu/node_modules/jest-circus/build/run.js:60:9)
          at run (/home/runner/work/restaurant-menu/restaurant-menu/node_modules/jest-circus/build/run.js:25:3)
          at runAndTransformResultsToJestFormat (/home/runner/work/restaurant-menu/restaurant-menu/node_modules/jest-circus/build/legacy-code-todo-rewrite/jestAdapterInit.js:170:21)
          at jestAdapter (/home/runner/work/restaurant-menu/restaurant-menu/node_modules/jest-circus/build/legacy-code-todo-rewrite/jestAdapter.js:82:19)
          at runTestInternal (/home/runner/work/restaurant-menu/restaurant-menu/node_modules/jest-runner/build/runTest.js:389:16)
          at runTest (/home/runner/work/restaurant-menu/restaurant-menu/node_modules/jest-runner/build/runTest.js:475:34) Error [ContextError]: useTabsContext: `context` is undefined. Seems you forgot to wrap all tabs components within <Tabs />
          at useTabPanel (/home/runner/work/restaurant-menu/restaurant-menu/node_modules/@chakra-ui/tabs/dist/index.js:237:36)
          at TabPanel2 (/home/runner/work/restaurant-menu/restaurant-menu/node_modules/@chakra-ui/tabs/dist/index.js:410:22)
          at renderWithHooks (/home/runner/work/restaurant-menu/restaurant-menu/node_modules/react-dom/cjs/react-dom.development.js:16305:18)
          at updateForwardRef (/home/runner/work/restaurant-menu/restaurant-menu/node_modules/react-dom/cjs/react-dom.development.js:19226:20)
          at beginWork (/home/runner/work/restaurant-menu/restaurant-menu/node_modules/react-dom/cjs/react-dom.development.js:21636:16)
          at HTMLUnknownElement.callCallback (/home/runner/work/restaurant-menu/restaurant-menu/node_modules/react-dom/cjs/react-dom.development.js:4164:14)
          at HTMLUnknownElement.callTheUserObjectsOperation (/home/runner/work/restaurant-menu/restaurant-menu/node_modules/jsdom/lib/jsdom/living/generated/EventListener.js:26:30)
          at innerInvokeEventListeners (/home/runner/work/restaurant-menu/restaurant-menu/node_modules/jsdom/lib/jsdom/living/events/EventTarget-impl.js:338:25)
          at invokeEventListeners (/home/runner/work/restaurant-menu/restaurant-menu/node_modules/jsdom/lib/jsdom/living/events/EventTarget-impl.js:274:3)
          at HTMLUnknownElementImpl._dispatch (/home/runner/work/restaurant-menu/restaurant-menu/node_modules/jsdom/lib/jsdom/living/events/EventTarget-impl.js:221:9)
          at HTMLUnknownElementImpl.dispatchEvent (/home/runner/work/restaurant-menu/restaurant-menu/node_modules/jsdom/lib/jsdom/living/events/EventTarget-impl.js:94:17)
          at HTMLUnknownElement.dispatchEvent (/home/runner/work/restaurant-menu/restaurant-menu/node_modules/jsdom/lib/jsdom/living/generated/EventTarget.js:231:34)
          at Object.invokeGuardedCallbackDev (/home/runner/work/restaurant-menu/restaurant-menu/node_modules/react-dom/cjs/react-dom.development.js:4213:16)
          at invokeGuardedCallback (/home/runner/work/restaurant-menu/restaurant-menu/node_modules/react-dom/cjs/react-dom.development.js:4277:31)
          at beginWork$1 (/home/runner/work/restaurant-menu/restaurant-menu/node_modules/react-dom/cjs/react-dom.development.js:27451:7)
          at performUnitOfWork (/home/runner/work/restaurant-menu/restaurant-menu/node_modules/react-dom/cjs/react-dom.development.js:26560:12)
          at workLoopSync (/home/runner/work/restaurant-menu/restaurant-menu/node_modules/react-dom/cjs/react-dom.development.js:26466:5)
          at renderRootSync (/home/runner/work/restaurant-menu/restaurant-menu/node_modules/react-dom/cjs/react-dom.development.js:26434:7)
          at performConcurrentWorkOnRoot (/home/runner/work/restaurant-menu/restaurant-menu/node_modules/react-dom/cjs/react-dom.development.js:25738:74)
          at flushActQueue (/home/runner/work/restaurant-menu/restaurant-menu/node_modules/react/cjs/react.development.js:2667:24)
          at act (/home/runner/work/restaurant-menu/restaurant-menu/node_modules/react/cjs/react.development.js:2582:11)
          at /home/runner/work/restaurant-menu/restaurant-menu/node_modules/@testing-library/react/dist/act-compat.js:63:25
          at renderRoot (/home/runner/work/restaurant-menu/restaurant-menu/node_modules/@testing-library/react/dist/pure.js:159:26)
          at render (/home/runner/work/restaurant-menu/restaurant-menu/node_modules/@testing-library/react/dist/pure.js:246:10)
          at renderWithProviders (/home/runner/work/restaurant-menu/restaurant-menu/src/component-unit-tests/EditFoodTabs.test.tsx:31:18)
          at Object.<anonymous> (/home/runner/work/restaurant-menu/restaurant-menu/src/component-unit-tests/EditFoodTabs.test.tsx:35:9)
          at Promise.then.completed (/home/runner/work/restaurant-menu/restaurant-menu/node_modules/jest-circus/build/utils.js:391:28)
          at new Promise (<anonymous>)
          at callAsyncCircusFn (/home/runner/work/restaurant-menu/restaurant-menu/node_modules/jest-circus/build/utils.js:316:10)
          at _callCircusTest (/home/runner/work/restaurant-menu/restaurant-menu/node_modules/jest-circus/build/run.js:218:40)
          at _runTest (/home/runner/work/restaurant-menu/restaurant-menu/node_modules/jest-circus/build/run.js:155:3)
          at _runTestsForDescribeBlock (/home/runner/work/restaurant-menu/restaurant-menu/node_modules/jest-circus/build/run.js:66:9)
          at _runTestsForDescribeBlock (/home/runner/work/restaurant-menu/restaurant-menu/node_modules/jest-circus/build/run.js:60:9)
          at run (/home/runner/work/restaurant-menu/restaurant-menu/node_modules/jest-circus/build/run.js:25:3)
          at runAndTransformResultsToJestFormat (/home/runner/work/restaurant-menu/restaurant-menu/node_modules/jest-circus/build/legacy-code-todo-rewrite/jestAdapterInit.js:170:21)
          at jestAdapter (/home/runner/work/restaurant-menu/restaurant-menu/node_modules/jest-circus/build/legacy-code-todo-rewrite/jestAdapter.js:82:19)
          at runTestInternal (/home/runner/work/restaurant-menu/restaurant-menu/node_modules/jest-runner/build/runTest.js:389:16)
          at runTest (/home/runner/work/restaurant-menu/restaurant-menu/node_modules/jest-runner/build/runTest.js:475:34)

      29 |     );
      30 |
    > 31 |     return render(ui, { wrapper: Wrapper });
         |                  ^
      32 | };
      33 | describe("Edit Food Tab tests", () => {
      34 |     test("Succesful component render", () => {

      at VirtualConsole.<anonymous> (node_modules/jsdom/lib/jsdom/virtual-console.js:29:45)
      at reportException (node_modules/jsdom/lib/jsdom/living/helpers/runtime-script-errors.js:70:28)
      at innerInvokeEventListeners (node_modules/jsdom/lib/jsdom/living/events/EventTarget-impl.js:341:9)
      at invokeEventListeners (node_modules/jsdom/lib/jsdom/living/events/EventTarget-impl.js:274:3)
      at HTMLUnknownElementImpl._dispatch (node_modules/jsdom/lib/jsdom/living/events/EventTarget-impl.js:221:9)
      at HTMLUnknownElementImpl.dispatchEvent (node_modules/jsdom/lib/jsdom/living/events/EventTarget-impl.js:94:17)
      at HTMLUnknownElement.dispatchEvent (node_modules/jsdom/lib/jsdom/living/generated/EventTarget.js:231:34)
      at Object.invokeGuardedCallbackDev (node_modules/react-dom/cjs/react-dom.development.js:4213:16)
      at invokeGuardedCallback (node_modules/react-dom/cjs/react-dom.development.js:4277:31)
      at beginWork$1 (node_modules/react-dom/cjs/react-dom.development.js:27451:7)
      at performUnitOfWork (node_modules/react-dom/cjs/react-dom.development.js:26560:12)
      at workLoopSync (node_modules/react-dom/cjs/react-dom.development.js:26466:5)
      at renderRootSync (node_modules/react-dom/cjs/react-dom.development.js:26434:7)
      at performConcurrentWorkOnRoot (node_modules/react-dom/cjs/react-dom.development.js:25738:74)
      at flushActQueue (node_modules/react/cjs/react.development.js:2667:24)
      at act (node_modules/react/cjs/react.development.js:2582:11)
      at node_modules/@testing-library/react/dist/act-compat.js:63:25
      at renderRoot (node_modules/@testing-library/react/dist/pure.js:159:26)
      at render (node_modules/@testing-library/react/dist/pure.js:246:10)
      at renderWithProviders (src/component-unit-tests/EditFoodTabs.test.tsx:31:18)
      at Object.<anonymous> (src/component-unit-tests/EditFoodTabs.test.tsx:35:9)

    console.error
      Error: Uncaught [ContextError: useTabsContext: `context` is undefined. Seems you forgot to wrap all tabs components within <Tabs />]
          at reportException (/home/runner/work/restaurant-menu/restaurant-menu/node_modules/jsdom/lib/jsdom/living/helpers/runtime-script-errors.js:66:24)
          at innerInvokeEventListeners (/home/runner/work/restaurant-menu/restaurant-menu/node_modules/jsdom/lib/jsdom/living/events/EventTarget-impl.js:341:9)
          at invokeEventListeners (/home/runner/work/restaurant-menu/restaurant-menu/node_modules/jsdom/lib/jsdom/living/events/EventTarget-impl.js:274:3)
          at HTMLUnknownElementImpl._dispatch (/home/runner/work/restaurant-menu/restaurant-menu/node_modules/jsdom/lib/jsdom/living/events/EventTarget-impl.js:221:9)
          at HTMLUnknownElementImpl.dispatchEvent (/home/runner/work/restaurant-menu/restaurant-menu/node_modules/jsdom/lib/jsdom/living/events/EventTarget-impl.js:94:17)
          at HTMLUnknownElement.dispatchEvent (/home/runner/work/restaurant-menu/restaurant-menu/node_modules/jsdom/lib/jsdom/living/generated/EventTarget.js:231:34)
          at Object.invokeGuardedCallbackDev (/home/runner/work/restaurant-menu/restaurant-menu/node_modules/react-dom/cjs/react-dom.development.js:4213:16)
          at invokeGuardedCallback (/home/runner/work/restaurant-menu/restaurant-menu/node_modules/react-dom/cjs/react-dom.development.js:4277:31)
          at beginWork$1 (/home/runner/work/restaurant-menu/restaurant-menu/node_modules/react-dom/cjs/react-dom.development.js:27451:7)
          at performUnitOfWork (/home/runner/work/restaurant-menu/restaurant-menu/node_modules/react-dom/cjs/react-dom.development.js:26560:12)
          at workLoopSync (/home/runner/work/restaurant-menu/restaurant-menu/node_modules/react-dom/cjs/react-dom.development.js:26466:5)
          at renderRootSync (/home/runner/work/restaurant-menu/restaurant-menu/node_modules/react-dom/cjs/react-dom.development.js:26434:7)
          at recoverFromConcurrentError (/home/runner/work/restaurant-menu/restaurant-menu/node_modules/react-dom/cjs/react-dom.development.js:25850:20)
          at performConcurrentWorkOnRoot (/home/runner/work/restaurant-menu/restaurant-menu/node_modules/react-dom/cjs/react-dom.development.js:25750:22)
          at flushActQueue (/home/runner/work/restaurant-menu/restaurant-menu/node_modules/react/cjs/react.development.js:2667:24)
          at act (/home/runner/work/restaurant-menu/restaurant-menu/node_modules/react/cjs/react.development.js:2582:11)
          at /home/runner/work/restaurant-menu/restaurant-menu/node_modules/@testing-library/react/dist/act-compat.js:63:25
          at renderRoot (/home/runner/work/restaurant-menu/restaurant-menu/node_modules/@testing-library/react/dist/pure.js:159:26)
          at render (/home/runner/work/restaurant-menu/restaurant-menu/node_modules/@testing-library/react/dist/pure.js:246:10)
          at renderWithProviders (/home/runner/work/restaurant-menu/restaurant-menu/src/component-unit-tests/EditFoodTabs.test.tsx:31:18)
          at Object.<anonymous> (/home/runner/work/restaurant-menu/restaurant-menu/src/component-unit-tests/EditFoodTabs.test.tsx:35:9)
          at Promise.then.completed (/home/runner/work/restaurant-menu/restaurant-menu/node_modules/jest-circus/build/utils.js:391:28)
          at new Promise (<anonymous>)
          at callAsyncCircusFn (/home/runner/work/restaurant-menu/restaurant-menu/node_modules/jest-circus/build/utils.js:316:10)
          at _callCircusTest (/home/runner/work/restaurant-menu/restaurant-menu/node_modules/jest-circus/build/run.js:218:40)
          at _runTest (/home/runner/work/restaurant-menu/restaurant-menu/node_modules/jest-circus/build/run.js:155:3)
          at _runTestsForDescribeBlock (/home/runner/work/restaurant-menu/restaurant-menu/node_modules/jest-circus/build/run.js:66:9)
          at _runTestsForDescribeBlock (/home/runner/work/restaurant-menu/restaurant-menu/node_modules/jest-circus/build/run.js:60:9)
          at run (/home/runner/work/restaurant-menu/restaurant-menu/node_modules/jest-circus/build/run.js:25:3)
          at runAndTransformResultsToJestFormat (/home/runner/work/restaurant-menu/restaurant-menu/node_modules/jest-circus/build/legacy-code-todo-rewrite/jestAdapterInit.js:170:21)
          at jestAdapter (/home/runner/work/restaurant-menu/restaurant-menu/node_modules/jest-circus/build/legacy-code-todo-rewrite/jestAdapter.js:82:19)
          at runTestInternal (/home/runner/work/restaurant-menu/restaurant-menu/node_modules/jest-runner/build/runTest.js:389:16)
          at runTest (/home/runner/work/restaurant-menu/restaurant-menu/node_modules/jest-runner/build/runTest.js:475:34) Error [ContextError]: useTabsContext: `context` is undefined. Seems you forgot to wrap all tabs components within <Tabs />
          at useTabPanel (/home/runner/work/restaurant-menu/restaurant-menu/node_modules/@chakra-ui/tabs/dist/index.js:237:36)
          at TabPanel2 (/home/runner/work/restaurant-menu/restaurant-menu/node_modules/@chakra-ui/tabs/dist/index.js:410:22)
          at renderWithHooks (/home/runner/work/restaurant-menu/restaurant-menu/node_modules/react-dom/cjs/react-dom.development.js:16305:18)
          at updateForwardRef (/home/runner/work/restaurant-menu/restaurant-menu/node_modules/react-dom/cjs/react-dom.development.js:19226:20)
          at beginWork (/home/runner/work/restaurant-menu/restaurant-menu/node_modules/react-dom/cjs/react-dom.development.js:21636:16)
          at HTMLUnknownElement.callCallback (/home/runner/work/restaurant-menu/restaurant-menu/node_modules/react-dom/cjs/react-dom.development.js:4164:14)
          at HTMLUnknownElement.callTheUserObjectsOperation (/home/runner/work/restaurant-menu/restaurant-menu/node_modules/jsdom/lib/jsdom/living/generated/EventListener.js:26:30)
          at innerInvokeEventListeners (/home/runner/work/restaurant-menu/restaurant-menu/node_modules/jsdom/lib/jsdom/living/events/EventTarget-impl.js:338:25)
          at invokeEventListeners (/home/runner/work/restaurant-menu/restaurant-menu/node_modules/jsdom/lib/jsdom/living/events/EventTarget-impl.js:274:3)
          at HTMLUnknownElementImpl._dispatch (/home/runner/work/restaurant-menu/restaurant-menu/node_modules/jsdom/lib/jsdom/living/events/EventTarget-impl.js:221:9)
          at HTMLUnknownElementImpl.dispatchEvent (/home/runner/work/restaurant-menu/restaurant-menu/node_modules/jsdom/lib/jsdom/living/events/EventTarget-impl.js:94:17)
          at HTMLUnknownElement.dispatchEvent (/home/runner/work/restaurant-menu/restaurant-menu/node_modules/jsdom/lib/jsdom/living/generated/EventTarget.js:231:34)
          at Object.invokeGuardedCallbackDev (/home/runner/work/restaurant-menu/restaurant-menu/node_modules/react-dom/cjs/react-dom.development.js:4213:16)
          at invokeGuardedCallback (/home/runner/work/restaurant-menu/restaurant-menu/node_modules/react-dom/cjs/react-dom.development.js:4277:31)
          at beginWork$1 (/home/runner/work/restaurant-menu/restaurant-menu/node_modules/react-dom/cjs/react-dom.development.js:27451:7)
          at performUnitOfWork (/home/runner/work/restaurant-menu/restaurant-menu/node_modules/react-dom/cjs/react-dom.development.js:26560:12)
          at workLoopSync (/home/runner/work/restaurant-menu/restaurant-menu/node_modules/react-dom/cjs/react-dom.development.js:26466:5)
          at renderRootSync (/home/runner/work/restaurant-menu/restaurant-menu/node_modules/react-dom/cjs/react-dom.development.js:26434:7)
          at recoverFromConcurrentError (/home/runner/work/restaurant-menu/restaurant-menu/node_modules/react-dom/cjs/react-dom.development.js:25850:20)
          at performConcurrentWorkOnRoot (/home/runner/work/restaurant-menu/restaurant-menu/node_modules/react-dom/cjs/react-dom.development.js:25750:22)
          at flushActQueue (/home/runner/work/restaurant-menu/restaurant-menu/node_modules/react/cjs/react.development.js:2667:24)
          at act (/home/runner/work/restaurant-menu/restaurant-menu/node_modules/react/cjs/react.development.js:2582:11)
          at /home/runner/work/restaurant-menu/restaurant-menu/node_modules/@testing-library/react/dist/act-compat.js:63:25
          at renderRoot (/home/runner/work/restaurant-menu/restaurant-menu/node_modules/@testing-library/react/dist/pure.js:159:26)
          at render (/home/runner/work/restaurant-menu/restaurant-menu/node_modules/@testing-library/react/dist/pure.js:246:10)
          at renderWithProviders (/home/runner/work/restaurant-menu/restaurant-menu/src/component-unit-tests/EditFoodTabs.test.tsx:31:18)
          at Object.<anonymous> (/home/runner/work/restaurant-menu/restaurant-menu/src/component-unit-tests/EditFoodTabs.test.tsx:35:9)
          at Promise.then.completed (/home/runner/work/restaurant-menu/restaurant-menu/node_modules/jest-circus/build/utils.js:391:28)
          at new Promise (<anonymous>)
          at callAsyncCircusFn (/home/runner/work/restaurant-menu/restaurant-menu/node_modules/jest-circus/build/utils.js:316:10)
          at _callCircusTest (/home/runner/work/restaurant-menu/restaurant-menu/node_modules/jest-circus/build/run.js:218:40)
          at _runTest (/home/runner/work/restaurant-menu/restaurant-menu/node_modules/jest-circus/build/run.js:155:3)
          at _runTestsForDescribeBlock (/home/runner/work/restaurant-menu/restaurant-menu/node_modules/jest-circus/build/run.js:66:9)
          at _runTestsForDescribeBlock (/home/runner/work/restaurant-menu/restaurant-menu/node_modules/jest-circus/build/run.js:60:9)
          at run (/home/runner/work/restaurant-menu/restaurant-menu/node_modules/jest-circus/build/run.js:25:3)
          at runAndTransformResultsToJestFormat (/home/runner/work/restaurant-menu/restaurant-menu/node_modules/jest-circus/build/legacy-code-todo-rewrite/jestAdapterInit.js:170:21)
          at jestAdapter (/home/runner/work/restaurant-menu/restaurant-menu/node_modules/jest-circus/build/legacy-code-todo-rewrite/jestAdapter.js:82:19)
          at runTestInternal (/home/runner/work/restaurant-menu/restaurant-menu/node_modules/jest-runner/build/runTest.js:389:16)
          at runTest (/home/runner/work/restaurant-menu/restaurant-menu/node_modules/jest-runner/build/runTest.js:475:34)

      29 |     );
      30 |
    > 31 |     return render(ui, { wrapper: Wrapper });
         |                  ^
      32 | };
      33 | describe("Edit Food Tab tests", () => {
      34 |     test("Succesful component render", () => {

      at VirtualConsole.<anonymous> (node_modules/jsdom/lib/jsdom/virtual-console.js:29:45)
      at reportException (node_modules/jsdom/lib/jsdom/living/helpers/runtime-script-errors.js:70:28)
      at innerInvokeEventListeners (node_modules/jsdom/lib/jsdom/living/events/EventTarget-impl.js:341:9)
      at invokeEventListeners (node_modules/jsdom/lib/jsdom/living/events/EventTarget-impl.js:274:3)
      at HTMLUnknownElementImpl._dispatch (node_modules/jsdom/lib/jsdom/living/events/EventTarget-impl.js:221:9)
      at HTMLUnknownElementImpl.dispatchEvent (node_modules/jsdom/lib/jsdom/living/events/EventTarget-impl.js:94:17)
      at HTMLUnknownElement.dispatchEvent (node_modules/jsdom/lib/jsdom/living/generated/EventTarget.js:231:34)
      at Object.invokeGuardedCallbackDev (node_modules/react-dom/cjs/react-dom.development.js:4213:16)
      at invokeGuardedCallback (node_modules/react-dom/cjs/react-dom.development.js:4277:31)
      at beginWork$1 (node_modules/react-dom/cjs/react-dom.development.js:27451:7)
      at performUnitOfWork (node_modules/react-dom/cjs/react-dom.development.js:26560:12)
      at workLoopSync (node_modules/react-dom/cjs/react-dom.development.js:26466:5)
      at renderRootSync (node_modules/react-dom/cjs/react-dom.development.js:26434:7)
      at recoverFromConcurrentError (node_modules/react-dom/cjs/react-dom.development.js:25850:20)
      at performConcurrentWorkOnRoot (node_modules/react-dom/cjs/react-dom.development.js:25750:22)
      at flushActQueue (node_modules/react/cjs/react.development.js:2667:24)
      at act (node_modules/react/cjs/react.development.js:2582:11)
      at node_modules/@testing-library/react/dist/act-compat.js:63:25
      at renderRoot (node_modules/@testing-library/react/dist/pure.js:159:26)
      at render (node_modules/@testing-library/react/dist/pure.js:246:10)
      at renderWithProviders (src/component-unit-tests/EditFoodTabs.test.tsx:31:18)
      at Object.<anonymous> (src/component-unit-tests/EditFoodTabs.test.tsx:35:9)

    console.error
      The above error occurred in the <TabPanel> component:
      
          at TabPanel2 (/home/runner/work/restaurant-menu/restaurant-menu/node_modules/@chakra-ui/tabs/dist/index.js:410:22)
          at EditFoodTabs (/home/runner/work/restaurant-menu/restaurant-menu/src/components/EditFoodTabs.tsx:20:5)
          at DndProvider (/home/runner/work/restaurant-menu/restaurant-menu/node_modules/react-dnd/src/core/DndProvider.tsx:28:25)
          at EnvironmentProvider (/home/runner/work/restaurant-menu/restaurant-menu/node_modules/@chakra-ui/react-env/dist/index.js:51:11)
          at ColorModeProvider (/home/runner/work/restaurant-menu/restaurant-menu/node_modules/@chakra-ui/color-mode/dist/index.js:180:5)
          at ThemeProvider (/home/runner/work/restaurant-menu/restaurant-menu/node_modules/@emotion/react/dist/emotion-element-b63ca7c6.cjs.dev.js:106:21)
          at ThemeProvider (/home/runner/work/restaurant-menu/restaurant-menu/node_modules/@chakra-ui/system/dist/index.js:129:11)
          at ChakraProvider (/home/runner/work/restaurant-menu/restaurant-menu/node_modules/@chakra-ui/provider/dist/index.js:35:5)
          at ChakraProvider2 (/home/runner/work/restaurant-menu/restaurant-menu/node_modules/@chakra-ui/react/dist/index.js:83:5)
          at Router (/home/runner/work/restaurant-menu/restaurant-menu/node_modules/react-router/lib/components.tsx:311:13)
          at HashRouter (/home/runner/work/restaurant-menu/restaurant-menu/node_modules/react-router-dom/index.tsx:335:30)
          at Wrapper (/home/runner/work/restaurant-menu/restaurant-menu/src/component-unit-tests/EditFoodTabs.test.tsx:23:24)
      
      Consider adding an error boundary to your tree to customize error handling behavior.
      Visit https://reactjs.org/link/error-boundaries to learn more about error boundaries.

      29 |     );
      30 |
    > 31 |     return render(ui, { wrapper: Wrapper });
         |                  ^
      32 | };
      33 | describe("Edit Food Tab tests", () => {
      34 |     test("Succesful component render", () => {

      at logCapturedError (node_modules/react-dom/cjs/react-dom.development.js:18687:23)
      at update.callback (node_modules/react-dom/cjs/react-dom.development.js:18720:5)
      at callCallback (node_modules/react-dom/cjs/react-dom.development.js:13923:12)
      at commitUpdateQueue (node_modules/react-dom/cjs/react-dom.development.js:13944:9)
      at commitLayoutEffectOnFiber (node_modules/react-dom/cjs/react-dom.development.js:23391:13)
      at commitLayoutMountEffects_complete (node_modules/react-dom/cjs/react-dom.development.js:24688:9)
      at commitLayoutEffects_begin (node_modules/react-dom/cjs/react-dom.development.js:24674:7)
      at commitLayoutEffects (node_modules/react-dom/cjs/react-dom.development.js:24612:3)
      at commitRootImpl (node_modules/react-dom/cjs/react-dom.development.js:26823:5)
      at commitRoot (node_modules/react-dom/cjs/react-dom.development.js:26682:5)
      at finishConcurrentRender (node_modules/react-dom/cjs/react-dom.development.js:25892:9)
      at performConcurrentWorkOnRoot (node_modules/react-dom/cjs/react-dom.development.js:25809:7)
      at flushActQueue (node_modules/react/cjs/react.development.js:2667:24)
      at act (node_modules/react/cjs/react.development.js:2582:11)
      at node_modules/@testing-library/react/dist/act-compat.js:63:25
      at renderRoot (node_modules/@testing-library/react/dist/pure.js:159:26)
      at render (node_modules/@testing-library/react/dist/pure.js:246:10)
      at renderWithProviders (src/component-unit-tests/EditFoodTabs.test.tsx:31:18)
      at Object.<anonymous> (src/component-unit-tests/EditFoodTabs.test.tsx:35:9)

  ● Edit Food Tab tests › Succesful component render

    ContextError: useTabsContext: `context` is undefined. Seems you forgot to wrap all tabs components within <Tabs />

      29 |     );
      30 |
    > 31 |     return render(ui, { wrapper: Wrapper });
         |                  ^
      32 | };
      33 | describe("Edit Food Tab tests", () => {
      34 |     test("Succesful component render", () => {

      at useTabPanel (node_modules/@chakra-ui/tabs/dist/index.js:237:36)
      at TabPanel2 (node_modules/@chakra-ui/tabs/dist/index.js:410:22)
      at renderWithHooks (node_modules/react-dom/cjs/react-dom.development.js:16305:18)
      at updateForwardRef (node_modules/react-dom/cjs/react-dom.development.js:19226:20)
      at beginWork (node_modules/react-dom/cjs/react-dom.development.js:21636:16)
      at beginWork$1 (node_modules/react-dom/cjs/react-dom.development.js:27426:14)
      at performUnitOfWork (node_modules/react-dom/cjs/react-dom.development.js:26560:12)
      at workLoopSync (node_modules/react-dom/cjs/react-dom.development.js:26466:5)
      at renderRootSync (node_modules/react-dom/cjs/react-dom.development.js:26434:7)
      at recoverFromConcurrentError (node_modules/react-dom/cjs/react-dom.development.js:25850:20)
      at performConcurrentWorkOnRoot (node_modules/react-dom/cjs/react-dom.development.js:25750:22)
      at flushActQueue (node_modules/react/cjs/react.development.js:2667:24)
      at act (node_modules/react/cjs/react.development.js:2582:11)
      at node_modules/@testing-library/react/dist/act-compat.js:63:25
      at renderRoot (node_modules/@testing-library/react/dist/pure.js:159:26)
      at render (node_modules/@testing-library/react/dist/pure.js:246:10)
      at renderWithProviders (src/component-unit-tests/EditFoodTabs.test.tsx:31:18)
      at Object.<anonymous> (src/component-unit-tests/EditFoodTabs.test.tsx:35:9)

PASS src/component-unit-tests/DeliveryDropDown.test.tsx
-----------------------|---------|----------|---------|---------|-------------------------------------------------------------------
File                   | % Stmts | % Branch | % Funcs | % Lines | Uncovered Line #s                                                 
-----------------------|---------|----------|---------|---------|-------------------------------------------------------------------
All files              |   70.75 |    65.07 |   64.34 |   70.51 |                                                                   
 src                   |     100 |      100 |     100 |     100 |                                                                   
  App.tsx              |     100 |      100 |     100 |     100 |                                                                   
 src/components        |    72.2 |    68.05 |    65.4 |   71.97 |                                                                   
  AddDeleteUsers.tsx   |   90.24 |    43.75 |   76.92 |   90.24 | 41,89,142,213                                                     
  AddNewFood.tsx       |   80.76 |      100 |   66.66 |   80.76 | 47-50,192-211                                                     
  CheckoutList.tsx     |   57.46 |    42.85 |   58.13 |   56.48 | 79-83,121,126-165,244,263-287,305-313,317,370-376,392-411,468,493 
  DeliveryDropDown.tsx |   33.33 |        0 |    37.5 |   33.33 | 59-84,101,165                                                     
  EditFoodList.tsx     |   52.94 |       50 |   54.54 |   51.06 | 34,43-44,60-69,74-93,104-105                                      
  EditFoodMenu.tsx     |    91.3 |     82.5 |      80 |    91.2 | 57,93-99,109-111,120-122                                          
  EditFoodTabs.tsx     |      32 |    69.23 |   11.11 |      32 | 70-72,79-82,89-91,95-107,238-258                                  
  EditFoodUI.tsx       |     100 |     87.5 |     100 |     100 | 73,137                                                            
  FoodItem.tsx         |   77.77 |    86.66 |      60 |   76.47 | 19-21,56                                                          
  ItemListUI.tsx       |     100 |       50 |     100 |     100 | 32                                                                
  NavBar.tsx           |    87.5 |    27.27 |      75 |    87.5 | 14                                                                
  RatingFeature.tsx    |      80 |       50 |   66.66 |      80 | 21                                                                
  RemoveFood.tsx       |   87.09 |    65.21 |   72.72 |   87.09 | 43,50,53,70                                                       
  SearchBar.tsx        |    91.3 |     82.5 |      80 |    91.2 | 57,93-99,109-111,120-122                                          
  SelectRole.tsx       |   46.87 |       55 |      50 |   48.38 | 58-68,76-83,93                                                    
 src/interfaces        |       0 |        0 |       0 |       0 |                                                                   
  CustomerList.ts      |       0 |        0 |       0 |       0 |                                                                   
  EmployeeList.ts      |       0 |        0 |       0 |       0 |                                                                   
  Food.ts              |       0 |        0 |       0 |       0 |                                                                   
  ListOfCustomers.ts   |       0 |        0 |       0 |       0 |                                                                   
  OwnerFoodItem.ts     |       0 |        0 |       0 |       0 |                                                                   
  OwnerList.ts         |       0 |        0 |       0 |       0 |                                                                   
  User.ts              |       0 |        0 |       0 |       0 |                                                                   
 src/pages             |   39.28 |     5.55 |      50 |   39.28 |                                                                   
  AboutUs.tsx          |     100 |      100 |     100 |     100 |                                                                   
  AddFood.tsx          |     100 |      100 |     100 |     100 |                                                                   
  EditFood.tsx         |       0 |        0 |       0 |       0 | 12                                                                
  EditUsers.tsx        |     100 |      100 |     100 |     100 |                                                                   
  Landing.tsx          |     100 |      100 |     100 |     100 |                                                                   
  ManageFoods.tsx      |     100 |      100 |     100 |     100 |                                                                   
  OwnerLanding.tsx     |      60 |       50 |   33.33 |      60 | 39-47                                                             
  UserStats.tsx        |       0 |        0 |       0 |       0 | 25-98                                                             
-----------------------|---------|----------|---------|---------|-------------------------------------------------------------------

Test Suites: 5 failed, 12 passed, 17 total
Tests:       8 failed, 100 passed, 108 total
Snapshots:   0 total
Time:        51.268 s
Ran all test suites.
